Acquiring state lock. This may take a few moments...
azurerm_network_interface.jumpbox_nic: Destroying... [id=/subscriptions/2b2f02f7-dde2-47db-974c-47d2182721ae/resourceGroups/myTFResourceGroup/providers/Microsoft.Network/networkInterfaces/nic-jumpbox]
azurerm_network_interface.jumpbox_nic: Still destroying... [id=/subscriptions/2b2f02f7-dde2-47db-974c-....Network/networkInterfaces/nic-jumpbox, 00m10s elapsed]
azurerm_network_interface.jumpbox_nic: Destruction complete after 12s
time_sleep.wait_for_regional_des_rbac: Destroying... [id=2026-05-25T13:09:14Z]
time_sleep.wait_for_regional_des_rbac: Destruction complete after 0s
azurerm_role_assignment.regional_des_kv_crypto["australiaeast"]: Destroying... [id=/subscriptions/2b2f02f7-dde2-47db-974c-47d2182721ae/resourceGroups/myTFResourceGroup/providers/Microsoft.KeyVault/vaults/prodmyappkv/providers/Microsoft.Authorization/roleAssignments/7b86eff1-f4dc-595b-56c3-42d9d57db6a1]
azurerm_role_assignment.regional_des_kv_crypto["australiaeast"]: Destruction complete after 3s
azurerm_role_assignment.regional_des_kv_crypto["centralindia"]: Destroying... [id=/subscriptions/2b2f02f7-dde2-47db-974c-47d2182721ae/resourceGroups/myTFResourceGroup/providers/Microsoft.KeyVault/vaults/prodmyappkv/providers/Microsoft.Authorization/roleAssignments/12c7a8a2-25b8-8b49-3b9a-d6ad3804f64d]
azurerm_role_assignment.regional_des_kv_crypto["centralindia"]: Destruction complete after 2s
azurerm_network_interface.jumpbox_nic: Creating...
azurerm_network_interface.jumpbox_nic: Still creating... [00m10s elapsed]
azurerm_network_interface.jumpbox_nic: Creation complete after 12s [id=/subscriptions/2b2f02f7-dde2-47db-974c-47d2182721ae/resourceGroups/myTFResourceGroup/providers/Microsoft.Network/networkInterfaces/nic-jumpbox]
azurerm_disk_encryption_set.regional_des["australiaeast"]: Destroying... [id=/subscriptions/2b2f02f7-dde2-47db-974c-47d2182721ae/resourceGroups/myTFResourceGroup/providers/Microsoft.Compute/diskEncryptionSets/des-australiaeast]
azurerm_disk_encryption_set.regional_des["australiaeast"]: Still destroying... [id=/subscriptions/2b2f02f7-dde2-47db-974c-...e/diskEncryptionSets/des-australiaeast, 00m10s elapsed]
azurerm_disk_encryption_set.regional_des["australiaeast"]: Destruction complete after 11s
azurerm_disk_encryption_set.regional_des["centralindia"]: Destroying... [id=/subscriptions/2b2f02f7-dde2-47db-974c-47d2182721ae/resourceGroups/myTFResourceGroup/providers/Microsoft.Compute/diskEncryptionSets/des-centralindia]
azurerm_disk_encryption_set.regional_des["centralindia"]: Still destroying... [id=/subscriptions/2b2f02f7-dde2-47db-974c-...te/diskEncryptionSets/des-centralindia, 00m10s elapsed]
azurerm_disk_encryption_set.regional_des["centralindia"]: Destruction complete after 12s
azurerm_linux_virtual_machine.jumpbox: Creating...
azurerm_linux_virtual_machine.jumpbox: Still creating... [00m10s elapsed]
azurerm_linux_virtual_machine.jumpbox: Still creating... [00m20s elapsed]
azurerm_linux_virtual_machine.jumpbox: Still creating... [00m30s elapsed]
azurerm_linux_virtual_machine.jumpbox: Still creating... [00m40s elapsed]
azurerm_linux_virtual_machine.jumpbox: Still creating... [00m50s elapsed]
azurerm_linux_virtual_machine.jumpbox: Still creating... [01m00s elapsed]
azurerm_linux_virtual_machine.jumpbox: Still creating... [01m10s elapsed]
azurerm_linux_virtual_machine.jumpbox: Still creating... [01m20s elapsed]
azurerm_linux_virtual_machine.jumpbox: Creation complete after 1m26s [id=/subscriptions/2b2f02f7-dde2-47db-974c-47d2182721ae/resourceGroups/myTFResourceGroup/providers/Microsoft.Compute/virtualMachines/vm-jumpbox]
Releasing state lock. This may take a few moments...

Apply complete! Resources: 2 added, 0 changed, 6 destroyed.

Outputs:

debug_tags = {
  "creation_run_id" = "503"
  "creation_time" = "2026-05-25T17:17:08Z"
  "deployment_id" = "prodmyapp"
  "environment" = "prod"
  "managed_by" = "terraform"
}
