Acquiring state lock. This may take a few moments...
azurerm_disk_encryption_set.regional_des["australiaeast"]: Refreshing state... [id=/subscriptions/2b2f02f7-dde2-47db-974c-47d2182721ae/resourceGroups/myTFResourceGroup/providers/Microsoft.Compute/diskEncryptionSets/des-australiaeast]
azurerm_role_assignment.regional_des_kv_crypto["australiaeast"]: Refreshing state... [id=/subscriptions/2b2f02f7-dde2-47db-974c-47d2182721ae/resourceGroups/myTFResourceGroup/providers/Microsoft.KeyVault/vaults/prodmyappkv/providers/Microsoft.Authorization/roleAssignments/7b86eff1-f4dc-595b-56c3-42d9d57db6a1]
azurerm_disk_encryption_set.regional_des["centralindia"]: Refreshing state... [id=/subscriptions/2b2f02f7-dde2-47db-974c-47d2182721ae/resourceGroups/myTFResourceGroup/providers/Microsoft.Compute/diskEncryptionSets/des-centralindia]
azurerm_role_assignment.regional_des_kv_crypto["centralindia"]: Refreshing state... [id=/subscriptions/2b2f02f7-dde2-47db-974c-47d2182721ae/resourceGroups/myTFResourceGroup/providers/Microsoft.KeyVault/vaults/prodmyappkv/providers/Microsoft.Authorization/roleAssignments/12c7a8a2-25b8-8b49-3b9a-d6ad3804f64d]
azurerm_policy_definition.require_environment: Refreshing state... [id=/subscriptions/2b2f02f7-dde2-47db-974c-47d2182721ae/providers/Microsoft.Authorization/policyDefinitions/require-environment-tag]
data.azurerm_client_config.current: Reading...
data.azurerm_client_config.current: Read complete after 0s [id=Y2xpZW50Q29uZmlncy9jbGllbnRJZD0wNGIwNzc5NS04ZGRiLTQ2MWEtYmJlZS0wMmY5ZTFiZjdiNDY7b2JqZWN0SWQ9M2E2NGFlZDktODY4NS00ZjYwLWJhZDQtYzdhMGIzZTBlNGQyO3N1YnNjcmlwdGlvbklkPTJiMmYwMmY3LWRkZTItNDdkYi05NzRjLTQ3ZDIxODI3MjFhZTt0ZW5hbnRJZD1mMTc1YzU2ZC00MDEzLTQyZmEtYTBlOC00MTAzZDIyNzZhMGQ=]
azurerm_policy_definition.require_deployment_id: Refreshing state... [id=/subscriptions/2b2f02f7-dde2-47db-974c-47d2182721ae/providers/Microsoft.Authorization/policyDefinitions/require-deployment-id-tag]
azurerm_policy_definition.require_managed_by: Refreshing state... [id=/subscriptions/2b2f02f7-dde2-47db-974c-47d2182721ae/providers/Microsoft.Authorization/policyDefinitions/require-managed-by-tag]
data.azuread_service_principal.prodmyapp: Reading...
data.azuread_service_principal.prodmyapp: Read complete after 1s [id=3a64aed9-8685-4f60-bad4-c7a0b3e0e4d2]
time_sleep.wait_for_regional_des_rbac: Refreshing state... [id=2026-05-25T13:09:14Z]
azurerm_resource_group.prodmyapp: Refreshing state... [id=/subscriptions/2b2f02f7-dde2-47db-974c-47d2182721ae/resourceGroups/myTFResourceGroup]
null_resource.validate_vm_size: Refreshing state... [id=2258612548479758890]
azurerm_resource_group_policy_assignment.rg_deployment_id: Refreshing state... [id=/subscriptions/2b2f02f7-dde2-47db-974c-47d2182721ae/resourceGroups/myTFResourceGroup/providers/Microsoft.Authorization/policyAssignments/rg-require-deployment-id]
azurerm_user_assigned_identity.prodmyapp_sa_identity: Refreshing state... [id=/subscriptions/2b2f02f7-dde2-47db-974c-47d2182721ae/resourceGroups/myTFResourceGroup/providers/Microsoft.ManagedIdentity/userAssignedIdentities/my-storage-identity]
azurerm_nat_gateway.regional_nat["australiaeast"]: Refreshing state... [id=/subscriptions/2b2f02f7-dde2-47db-974c-47d2182721ae/resourceGroups/myTFResourceGroup/providers/Microsoft.Network/natGateways/nat-australiaeast]
azurerm_nat_gateway.regional_nat["centralindia"]: Refreshing state... [id=/subscriptions/2b2f02f7-dde2-47db-974c-47d2182721ae/resourceGroups/myTFResourceGroup/providers/Microsoft.Network/natGateways/nat-centralindia]
azurerm_route_table.public_rt["australiaeast"]: Refreshing state... [id=/subscriptions/2b2f02f7-dde2-47db-974c-47d2182721ae/resourceGroups/myTFResourceGroup/providers/Microsoft.Network/routeTables/rt-public-australiaeast]
azurerm_route_table.public_rt["centralindia"]: Refreshing state... [id=/subscriptions/2b2f02f7-dde2-47db-974c-47d2182721ae/resourceGroups/myTFResourceGroup/providers/Microsoft.Network/routeTables/rt-public-centralindia]
azurerm_network_security_group.regional_nsgs["australiaeast-private_endpoint"]: Refreshing state... [id=/subscriptions/2b2f02f7-dde2-47db-974c-47d2182721ae/resourceGroups/myTFResourceGroup/providers/Microsoft.Network/networkSecurityGroups/nsg-australiaeast-private_endpoint]
azurerm_network_security_group.regional_nsgs["australiaeast-bastion"]: Refreshing state... [id=/subscriptions/2b2f02f7-dde2-47db-974c-47d2182721ae/resourceGroups/myTFResourceGroup/providers/Microsoft.Network/networkSecurityGroups/nsg-australiaeast-bastion]
azurerm_network_security_group.regional_nsgs["centralindia-app"]: Refreshing state... [id=/subscriptions/2b2f02f7-dde2-47db-974c-47d2182721ae/resourceGroups/myTFResourceGroup/providers/Microsoft.Network/networkSecurityGroups/nsg-centralindia-app]
azurerm_network_security_group.regional_nsgs["australiaeast-monitoring"]: Refreshing state... [id=/subscriptions/2b2f02f7-dde2-47db-974c-47d2182721ae/resourceGroups/myTFResourceGroup/providers/Microsoft.Network/networkSecurityGroups/nsg-australiaeast-monitoring]
azurerm_network_security_group.regional_nsgs["centralindia-worker"]: Refreshing state... [id=/subscriptions/2b2f02f7-dde2-47db-974c-47d2182721ae/resourceGroups/myTFResourceGroup/providers/Microsoft.Network/networkSecurityGroups/nsg-centralindia-worker]
azurerm_network_security_group.regional_nsgs["australiaeast-firewall"]: Refreshing state... [id=/subscriptions/2b2f02f7-dde2-47db-974c-47d2182721ae/resourceGroups/myTFResourceGroup/providers/Microsoft.Network/networkSecurityGroups/nsg-australiaeast-firewall]
azurerm_network_security_group.regional_nsgs["centralindia-api"]: Refreshing state... [id=/subscriptions/2b2f02f7-dde2-47db-974c-47d2182721ae/resourceGroups/myTFResourceGroup/providers/Microsoft.Network/networkSecurityGroups/nsg-centralindia-api]
azurerm_network_security_group.regional_nsgs["centralindia-gateway"]: Refreshing state... [id=/subscriptions/2b2f02f7-dde2-47db-974c-47d2182721ae/resourceGroups/myTFResourceGroup/providers/Microsoft.Network/networkSecurityGroups/nsg-centralindia-gateway]
azurerm_network_security_group.regional_nsgs["centralindia-management"]: Refreshing state... [id=/subscriptions/2b2f02f7-dde2-47db-974c-47d2182721ae/resourceGroups/myTFResourceGroup/providers/Microsoft.Network/networkSecurityGroups/nsg-centralindia-management]
azurerm_network_security_group.regional_nsgs["centralindia-private_endpoint"]: Refreshing state... [id=/subscriptions/2b2f02f7-dde2-47db-974c-47d2182721ae/resourceGroups/myTFResourceGroup/providers/Microsoft.Network/networkSecurityGroups/nsg-centralindia-private_endpoint]
azurerm_network_security_group.regional_nsgs["australiaeast-db"]: Refreshing state... [id=/subscriptions/2b2f02f7-dde2-47db-974c-47d2182721ae/resourceGroups/myTFResourceGroup/providers/Microsoft.Network/networkSecurityGroups/nsg-australiaeast-db]
azurerm_network_security_group.regional_nsgs["australiaeast-management"]: Refreshing state... [id=/subscriptions/2b2f02f7-dde2-47db-974c-47d2182721ae/resourceGroups/myTFResourceGroup/providers/Microsoft.Network/networkSecurityGroups/nsg-australiaeast-management]
azurerm_network_security_group.regional_nsgs["centralindia-web"]: Refreshing state... [id=/subscriptions/2b2f02f7-dde2-47db-974c-47d2182721ae/resourceGroups/myTFResourceGroup/providers/Microsoft.Network/networkSecurityGroups/nsg-centralindia-web]
azurerm_network_security_group.regional_nsgs["centralindia-bastion"]: Refreshing state... [id=/subscriptions/2b2f02f7-dde2-47db-974c-47d2182721ae/resourceGroups/myTFResourceGroup/providers/Microsoft.Network/networkSecurityGroups/nsg-centralindia-bastion]
azurerm_network_security_group.regional_nsgs["centralindia-cicd"]: Refreshing state... [id=/subscriptions/2b2f02f7-dde2-47db-974c-47d2182721ae/resourceGroups/myTFResourceGroup/providers/Microsoft.Network/networkSecurityGroups/nsg-centralindia-cicd]
azurerm_network_security_group.regional_nsgs["australiaeast-worker"]: Refreshing state... [id=/subscriptions/2b2f02f7-dde2-47db-974c-47d2182721ae/resourceGroups/myTFResourceGroup/providers/Microsoft.Network/networkSecurityGroups/nsg-australiaeast-worker]
azurerm_network_security_group.regional_nsgs["centralindia-monitoring"]: Refreshing state... [id=/subscriptions/2b2f02f7-dde2-47db-974c-47d2182721ae/resourceGroups/myTFResourceGroup/providers/Microsoft.Network/networkSecurityGroups/nsg-centralindia-monitoring]
azurerm_network_security_group.regional_nsgs["australiaeast-app"]: Refreshing state... [id=/subscriptions/2b2f02f7-dde2-47db-974c-47d2182721ae/resourceGroups/myTFResourceGroup/providers/Microsoft.Network/networkSecurityGroups/nsg-australiaeast-app]
azurerm_network_security_group.regional_nsgs["australiaeast-gateway"]: Refreshing state... [id=/subscriptions/2b2f02f7-dde2-47db-974c-47d2182721ae/resourceGroups/myTFResourceGroup/providers/Microsoft.Network/networkSecurityGroups/nsg-australiaeast-gateway]
azurerm_network_security_group.regional_nsgs["australiaeast-web"]: Refreshing state... [id=/subscriptions/2b2f02f7-dde2-47db-974c-47d2182721ae/resourceGroups/myTFResourceGroup/providers/Microsoft.Network/networkSecurityGroups/nsg-australiaeast-web]
azurerm_network_security_group.regional_nsgs["australiaeast-api"]: Refreshing state... [id=/subscriptions/2b2f02f7-dde2-47db-974c-47d2182721ae/resourceGroups/myTFResourceGroup/providers/Microsoft.Network/networkSecurityGroups/nsg-australiaeast-api]
azurerm_network_security_group.regional_nsgs["australiaeast-cicd"]: Refreshing state... [id=/subscriptions/2b2f02f7-dde2-47db-974c-47d2182721ae/resourceGroups/myTFResourceGroup/providers/Microsoft.Network/networkSecurityGroups/nsg-australiaeast-cicd]
azurerm_network_security_group.regional_nsgs["centralindia-db"]: Refreshing state... [id=/subscriptions/2b2f02f7-dde2-47db-974c-47d2182721ae/resourceGroups/myTFResourceGroup/providers/Microsoft.Network/networkSecurityGroups/nsg-centralindia-db]
azurerm_network_security_group.regional_nsgs["centralindia-firewall"]: Refreshing state... [id=/subscriptions/2b2f02f7-dde2-47db-974c-47d2182721ae/resourceGroups/myTFResourceGroup/providers/Microsoft.Network/networkSecurityGroups/nsg-centralindia-firewall]
azurerm_private_dns_zone.kv_dns: Refreshing state... [id=/subscriptions/2b2f02f7-dde2-47db-974c-47d2182721ae/resourceGroups/myTFResourceGroup/providers/Microsoft.Network/privateDnsZones/privatelink.vaultcore.azure.net]
azurerm_resource_group_policy_assignment.rg_environment: Refreshing state... [id=/subscriptions/2b2f02f7-dde2-47db-974c-47d2182721ae/resourceGroups/myTFResourceGroup/providers/Microsoft.Authorization/policyAssignments/rg-require-environment]
azurerm_public_ip.bastion_pip: Refreshing state... [id=/subscriptions/2b2f02f7-dde2-47db-974c-47d2182721ae/resourceGroups/myTFResourceGroup/providers/Microsoft.Network/publicIPAddresses/pip-bastion]
azurerm_public_ip.nat_gateway_pubip["australiaeast"]: Refreshing state... [id=/subscriptions/2b2f02f7-dde2-47db-974c-47d2182721ae/resourceGroups/myTFResourceGroup/providers/Microsoft.Network/publicIPAddresses/nat-pubip-australiaeast]
azurerm_public_ip.nat_gateway_pubip["centralindia"]: Refreshing state... [id=/subscriptions/2b2f02f7-dde2-47db-974c-47d2182721ae/resourceGroups/myTFResourceGroup/providers/Microsoft.Network/publicIPAddresses/nat-pubip-centralindia]
azurerm_resource_group_policy_assignment.rg_managed_by: Refreshing state... [id=/subscriptions/2b2f02f7-dde2-47db-974c-47d2182721ae/resourceGroups/myTFResourceGroup/providers/Microsoft.Authorization/policyAssignments/rg-require-managed-by]
azurerm_virtual_network.regional_vnets["australiaeast"]: Refreshing state... [id=/subscriptions/2b2f02f7-dde2-47db-974c-47d2182721ae/resourceGroups/myTFResourceGroup/providers/Microsoft.Network/virtualNetworks/vnet-australiaeast]
azurerm_virtual_network.regional_vnets["centralindia"]: Refreshing state... [id=/subscriptions/2b2f02f7-dde2-47db-974c-47d2182721ae/resourceGroups/myTFResourceGroup/providers/Microsoft.Network/virtualNetworks/vnet-centralindia]
azurerm_key_vault.prodmyapp: Refreshing state... [id=/subscriptions/2b2f02f7-dde2-47db-974c-47d2182721ae/resourceGroups/myTFResourceGroup/providers/Microsoft.KeyVault/vaults/prodmyappkv]
azurerm_route_table.private_rt["australiaeast"]: Refreshing state... [id=/subscriptions/2b2f02f7-dde2-47db-974c-47d2182721ae/resourceGroups/myTFResourceGroup/providers/Microsoft.Network/routeTables/rt-private-australiaeast]
azurerm_route_table.private_rt["centralindia"]: Refreshing state... [id=/subscriptions/2b2f02f7-dde2-47db-974c-47d2182721ae/resourceGroups/myTFResourceGroup/providers/Microsoft.Network/routeTables/rt-private-centralindia]
azurerm_storage_account.prodmyapp: Refreshing state... [id=/subscriptions/2b2f02f7-dde2-47db-974c-47d2182721ae/resourceGroups/myTFResourceGroup/providers/Microsoft.Storage/storageAccounts/prodmyappsacmk01]
azurerm_nat_gateway_public_ip_association.nat_assoc["centralindia"]: Refreshing state... [id=/subscriptions/2b2f02f7-dde2-47db-974c-47d2182721ae/resourceGroups/myTFResourceGroup/providers/Microsoft.Network/natGateways/nat-centralindia|/subscriptions/2b2f02f7-dde2-47db-974c-47d2182721ae/resourceGroups/myTFResourceGroup/providers/Microsoft.Network/publicIPAddresses/nat-pubip-centralindia]
azurerm_nat_gateway_public_ip_association.nat_assoc["australiaeast"]: Refreshing state... [id=/subscriptions/2b2f02f7-dde2-47db-974c-47d2182721ae/resourceGroups/myTFResourceGroup/providers/Microsoft.Network/natGateways/nat-australiaeast|/subscriptions/2b2f02f7-dde2-47db-974c-47d2182721ae/resourceGroups/myTFResourceGroup/providers/Microsoft.Network/publicIPAddresses/nat-pubip-australiaeast]
azurerm_virtual_network_peering.aus_to_central: Refreshing state... [id=/subscriptions/2b2f02f7-dde2-47db-974c-47d2182721ae/resourceGroups/myTFResourceGroup/providers/Microsoft.Network/virtualNetworks/vnet-australiaeast/virtualNetworkPeerings/australiaeast-to-centralindia]
azurerm_subnet.regional_subnets["centralindia-web"]: Refreshing state... [id=/subscriptions/2b2f02f7-dde2-47db-974c-47d2182721ae/resourceGroups/myTFResourceGroup/providers/Microsoft.Network/virtualNetworks/vnet-centralindia/subnets/web-subnet]
azurerm_private_dns_zone_virtual_network_link.kv_dns_links["centralindia"]: Refreshing state... [id=/subscriptions/2b2f02f7-dde2-47db-974c-47d2182721ae/resourceGroups/myTFResourceGroup/providers/Microsoft.Network/privateDnsZones/privatelink.vaultcore.azure.net/virtualNetworkLinks/kv-dns-link-centralindia]
azurerm_virtual_network_peering.central_to_aus: Refreshing state... [id=/subscriptions/2b2f02f7-dde2-47db-974c-47d2182721ae/resourceGroups/myTFResourceGroup/providers/Microsoft.Network/virtualNetworks/vnet-centralindia/virtualNetworkPeerings/centralindia-to-australiaeast]
azurerm_subnet.regional_subnets["australiaeast-gateway"]: Refreshing state... [id=/subscriptions/2b2f02f7-dde2-47db-974c-47d2182721ae/resourceGroups/myTFResourceGroup/providers/Microsoft.Network/virtualNetworks/vnet-australiaeast/subnets/GatewaySubnet]
azurerm_subnet.regional_subnets["centralindia-cicd"]: Refreshing state... [id=/subscriptions/2b2f02f7-dde2-47db-974c-47d2182721ae/resourceGroups/myTFResourceGroup/providers/Microsoft.Network/virtualNetworks/vnet-centralindia/subnets/cicd-subnet]
azurerm_subnet.regional_subnets["centralindia-firewall"]: Refreshing state... [id=/subscriptions/2b2f02f7-dde2-47db-974c-47d2182721ae/resourceGroups/myTFResourceGroup/providers/Microsoft.Network/virtualNetworks/vnet-centralindia/subnets/AzureFirewallSubnet]
azurerm_subnet.regional_subnets["centralindia-monitoring"]: Refreshing state... [id=/subscriptions/2b2f02f7-dde2-47db-974c-47d2182721ae/resourceGroups/myTFResourceGroup/providers/Microsoft.Network/virtualNetworks/vnet-centralindia/subnets/monitoring-subnet]
azurerm_subnet.regional_subnets["australiaeast-bastion"]: Refreshing state... [id=/subscriptions/2b2f02f7-dde2-47db-974c-47d2182721ae/resourceGroups/myTFResourceGroup/providers/Microsoft.Network/virtualNetworks/vnet-australiaeast/subnets/AzureBastionSubnet]
azurerm_subnet.regional_subnets["centralindia-bastion"]: Refreshing state... [id=/subscriptions/2b2f02f7-dde2-47db-974c-47d2182721ae/resourceGroups/myTFResourceGroup/providers/Microsoft.Network/virtualNetworks/vnet-centralindia/subnets/AzureBastionSubnet]
azurerm_subnet.regional_subnets["australiaeast-private_endpoint"]: Refreshing state... [id=/subscriptions/2b2f02f7-dde2-47db-974c-47d2182721ae/resourceGroups/myTFResourceGroup/providers/Microsoft.Network/virtualNetworks/vnet-australiaeast/subnets/private_endpoint-subnet]
azurerm_subnet.regional_subnets["australiaeast-monitoring"]: Refreshing state... [id=/subscriptions/2b2f02f7-dde2-47db-974c-47d2182721ae/resourceGroups/myTFResourceGroup/providers/Microsoft.Network/virtualNetworks/vnet-australiaeast/subnets/monitoring-subnet]
azurerm_subnet.regional_subnets["centralindia-db"]: Refreshing state... [id=/subscriptions/2b2f02f7-dde2-47db-974c-47d2182721ae/resourceGroups/myTFResourceGroup/providers/Microsoft.Network/virtualNetworks/vnet-centralindia/subnets/db-subnet]
azurerm_subnet.regional_subnets["centralindia-api"]: Refreshing state... [id=/subscriptions/2b2f02f7-dde2-47db-974c-47d2182721ae/resourceGroups/myTFResourceGroup/providers/Microsoft.Network/virtualNetworks/vnet-centralindia/subnets/api-subnet]
azurerm_subnet.regional_subnets["australiaeast-app"]: Refreshing state... [id=/subscriptions/2b2f02f7-dde2-47db-974c-47d2182721ae/resourceGroups/myTFResourceGroup/providers/Microsoft.Network/virtualNetworks/vnet-australiaeast/subnets/app-subnet]
azurerm_subnet.regional_subnets["australiaeast-firewall"]: Refreshing state... [id=/subscriptions/2b2f02f7-dde2-47db-974c-47d2182721ae/resourceGroups/myTFResourceGroup/providers/Microsoft.Network/virtualNetworks/vnet-australiaeast/subnets/AzureFirewallSubnet]
azurerm_subnet.regional_subnets["australiaeast-management"]: Refreshing state... [id=/subscriptions/2b2f02f7-dde2-47db-974c-47d2182721ae/resourceGroups/myTFResourceGroup/providers/Microsoft.Network/virtualNetworks/vnet-australiaeast/subnets/management-subnet]
azurerm_subnet.regional_subnets["australiaeast-worker"]: Refreshing state... [id=/subscriptions/2b2f02f7-dde2-47db-974c-47d2182721ae/resourceGroups/myTFResourceGroup/providers/Microsoft.Network/virtualNetworks/vnet-australiaeast/subnets/worker-subnet]
azurerm_subnet.regional_subnets["centralindia-app"]: Refreshing state... [id=/subscriptions/2b2f02f7-dde2-47db-974c-47d2182721ae/resourceGroups/myTFResourceGroup/providers/Microsoft.Network/virtualNetworks/vnet-centralindia/subnets/app-subnet]
azurerm_subnet.regional_subnets["centralindia-management"]: Refreshing state... [id=/subscriptions/2b2f02f7-dde2-47db-974c-47d2182721ae/resourceGroups/myTFResourceGroup/providers/Microsoft.Network/virtualNetworks/vnet-centralindia/subnets/management-subnet]
azurerm_subnet.regional_subnets["australiaeast-web"]: Refreshing state... [id=/subscriptions/2b2f02f7-dde2-47db-974c-47d2182721ae/resourceGroups/myTFResourceGroup/providers/Microsoft.Network/virtualNetworks/vnet-australiaeast/subnets/web-subnet]
azurerm_subnet.regional_subnets["australiaeast-cicd"]: Refreshing state... [id=/subscriptions/2b2f02f7-dde2-47db-974c-47d2182721ae/resourceGroups/myTFResourceGroup/providers/Microsoft.Network/virtualNetworks/vnet-australiaeast/subnets/cicd-subnet]
azurerm_subnet.regional_subnets["centralindia-private_endpoint"]: Refreshing state... [id=/subscriptions/2b2f02f7-dde2-47db-974c-47d2182721ae/resourceGroups/myTFResourceGroup/providers/Microsoft.Network/virtualNetworks/vnet-centralindia/subnets/private_endpoint-subnet]
azurerm_subnet.regional_subnets["centralindia-worker"]: Refreshing state... [id=/subscriptions/2b2f02f7-dde2-47db-974c-47d2182721ae/resourceGroups/myTFResourceGroup/providers/Microsoft.Network/virtualNetworks/vnet-centralindia/subnets/worker-subnet]
azurerm_subnet.regional_subnets["australiaeast-db"]: Refreshing state... [id=/subscriptions/2b2f02f7-dde2-47db-974c-47d2182721ae/resourceGroups/myTFResourceGroup/providers/Microsoft.Network/virtualNetworks/vnet-australiaeast/subnets/db-subnet]
azurerm_private_dns_zone_virtual_network_link.kv_dns_links["australiaeast"]: Refreshing state... [id=/subscriptions/2b2f02f7-dde2-47db-974c-47d2182721ae/resourceGroups/myTFResourceGroup/providers/Microsoft.Network/privateDnsZones/privatelink.vaultcore.azure.net/virtualNetworkLinks/kv-dns-link-australiaeast]
azurerm_subnet.regional_subnets["centralindia-gateway"]: Refreshing state... [id=/subscriptions/2b2f02f7-dde2-47db-974c-47d2182721ae/resourceGroups/myTFResourceGroup/providers/Microsoft.Network/virtualNetworks/vnet-centralindia/subnets/GatewaySubnet]
azurerm_subnet.regional_subnets["australiaeast-api"]: Refreshing state... [id=/subscriptions/2b2f02f7-dde2-47db-974c-47d2182721ae/resourceGroups/myTFResourceGroup/providers/Microsoft.Network/virtualNetworks/vnet-australiaeast/subnets/api-subnet]
azurerm_role_assignment.tf_kv_admin: Refreshing state... [id=/subscriptions/2b2f02f7-dde2-47db-974c-47d2182721ae/resourceGroups/myTFResourceGroup/providers/Microsoft.KeyVault/vaults/prodmyappkv/providers/Microsoft.Authorization/roleAssignments/d9e169d9-c689-f1ee-c3a7-3bb1f5b6f37b]
azurerm_key_vault_secret.sp_subscription_id: Refreshing state... [id=https://prodmyappkv.vault.azure.net/secrets/sp-subscription-id/380b5a9f9c6e44d4b10468e2b1df6ca1]
azurerm_key_vault_secret.github_token: Refreshing state... [id=https://prodmyappkv.vault.azure.net/secrets/githubtoken/587c6f85ea8b4c5d88740a0fe18cefca]
azurerm_role_assignment.storage_kv_crypto: Refreshing state... [id=/subscriptions/2b2f02f7-dde2-47db-974c-47d2182721ae/resourceGroups/myTFResourceGroup/providers/Microsoft.KeyVault/vaults/prodmyappkv/providers/Microsoft.Authorization/roleAssignments/d1648830-65b8-0064-48c5-441d75dea67a]
azurerm_key_vault_secret.sp_client_id: Refreshing state... [id=https://prodmyappkv.vault.azure.net/secrets/sp-client-id/d7fb0faf32524ce48be82c8a1abaa501]
azurerm_key_vault_secret.sp_client_secret: Refreshing state... [id=https://prodmyappkv.vault.azure.net/secrets/sp-client-secret/fdb2e08062544e90a6c3ecfb6a25897f]
azurerm_key_vault_secret.sp_tenant_id: Refreshing state... [id=https://prodmyappkv.vault.azure.net/secrets/sp-tenant-id/abe0edc6d4dd450e86dc8ac101fb4212]
azurerm_storage_container.prodmyapp: Refreshing state... [id=/subscriptions/2b2f02f7-dde2-47db-974c-47d2182721ae/resourceGroups/myTFResourceGroup/providers/Microsoft.Storage/storageAccounts/prodmyappsacmk01/blobServices/default/containers/mytfstate]
azurerm_subnet_nat_gateway_association.nat_subnet_assoc["australiaeast-api"]: Refreshing state... [id=/subscriptions/2b2f02f7-dde2-47db-974c-47d2182721ae/resourceGroups/myTFResourceGroup/providers/Microsoft.Network/virtualNetworks/vnet-australiaeast/subnets/api-subnet]
azurerm_subnet_nat_gateway_association.nat_subnet_assoc["centralindia-cicd"]: Refreshing state... [id=/subscriptions/2b2f02f7-dde2-47db-974c-47d2182721ae/resourceGroups/myTFResourceGroup/providers/Microsoft.Network/virtualNetworks/vnet-centralindia/subnets/cicd-subnet]
azurerm_subnet_nat_gateway_association.nat_subnet_assoc["australiaeast-web"]: Refreshing state... [id=/subscriptions/2b2f02f7-dde2-47db-974c-47d2182721ae/resourceGroups/myTFResourceGroup/providers/Microsoft.Network/virtualNetworks/vnet-australiaeast/subnets/web-subnet]
azurerm_subnet_nat_gateway_association.nat_subnet_assoc["centralindia-api"]: Refreshing state... [id=/subscriptions/2b2f02f7-dde2-47db-974c-47d2182721ae/resourceGroups/myTFResourceGroup/providers/Microsoft.Network/virtualNetworks/vnet-centralindia/subnets/api-subnet]
azurerm_subnet_nat_gateway_association.nat_subnet_assoc["australiaeast-worker"]: Refreshing state... [id=/subscriptions/2b2f02f7-dde2-47db-974c-47d2182721ae/resourceGroups/myTFResourceGroup/providers/Microsoft.Network/virtualNetworks/vnet-australiaeast/subnets/worker-subnet]
azurerm_subnet_nat_gateway_association.nat_subnet_assoc["centralindia-app"]: Refreshing state... [id=/subscriptions/2b2f02f7-dde2-47db-974c-47d2182721ae/resourceGroups/myTFResourceGroup/providers/Microsoft.Network/virtualNetworks/vnet-centralindia/subnets/app-subnet]
azurerm_subnet_nat_gateway_association.nat_subnet_assoc["australiaeast-app"]: Refreshing state... [id=/subscriptions/2b2f02f7-dde2-47db-974c-47d2182721ae/resourceGroups/myTFResourceGroup/providers/Microsoft.Network/virtualNetworks/vnet-australiaeast/subnets/app-subnet]
azurerm_subnet_nat_gateway_association.nat_subnet_assoc["australiaeast-cicd"]: Refreshing state... [id=/subscriptions/2b2f02f7-dde2-47db-974c-47d2182721ae/resourceGroups/myTFResourceGroup/providers/Microsoft.Network/virtualNetworks/vnet-australiaeast/subnets/cicd-subnet]
azurerm_subnet_nat_gateway_association.nat_subnet_assoc["centralindia-web"]: Refreshing state... [id=/subscriptions/2b2f02f7-dde2-47db-974c-47d2182721ae/resourceGroups/myTFResourceGroup/providers/Microsoft.Network/virtualNetworks/vnet-centralindia/subnets/web-subnet]
azurerm_subnet_nat_gateway_association.nat_subnet_assoc["centralindia-worker"]: Refreshing state... [id=/subscriptions/2b2f02f7-dde2-47db-974c-47d2182721ae/resourceGroups/myTFResourceGroup/providers/Microsoft.Network/virtualNetworks/vnet-centralindia/subnets/worker-subnet]
azurerm_subnet_network_security_group_association.regional_assoc["australiaeast-worker"]: Refreshing state... [id=/subscriptions/2b2f02f7-dde2-47db-974c-47d2182721ae/resourceGroups/myTFResourceGroup/providers/Microsoft.Network/virtualNetworks/vnet-australiaeast/subnets/worker-subnet]
azurerm_subnet_network_security_group_association.regional_assoc["centralindia-api"]: Refreshing state... [id=/subscriptions/2b2f02f7-dde2-47db-974c-47d2182721ae/resourceGroups/myTFResourceGroup/providers/Microsoft.Network/virtualNetworks/vnet-centralindia/subnets/api-subnet]
azurerm_subnet_network_security_group_association.regional_assoc["australiaeast-api"]: Refreshing state... [id=/subscriptions/2b2f02f7-dde2-47db-974c-47d2182721ae/resourceGroups/myTFResourceGroup/providers/Microsoft.Network/virtualNetworks/vnet-australiaeast/subnets/api-subnet]
azurerm_subnet_network_security_group_association.regional_assoc["australiaeast-db"]: Refreshing state... [id=/subscriptions/2b2f02f7-dde2-47db-974c-47d2182721ae/resourceGroups/myTFResourceGroup/providers/Microsoft.Network/virtualNetworks/vnet-australiaeast/subnets/db-subnet]
azurerm_subnet_network_security_group_association.regional_assoc["centralindia-app"]: Refreshing state... [id=/subscriptions/2b2f02f7-dde2-47db-974c-47d2182721ae/resourceGroups/myTFResourceGroup/providers/Microsoft.Network/virtualNetworks/vnet-centralindia/subnets/app-subnet]
azurerm_subnet_network_security_group_association.regional_assoc["centralindia-worker"]: Refreshing state... [id=/subscriptions/2b2f02f7-dde2-47db-974c-47d2182721ae/resourceGroups/myTFResourceGroup/providers/Microsoft.Network/virtualNetworks/vnet-centralindia/subnets/worker-subnet]
azurerm_subnet_network_security_group_association.regional_assoc["australiaeast-monitoring"]: Refreshing state... [id=/subscriptions/2b2f02f7-dde2-47db-974c-47d2182721ae/resourceGroups/myTFResourceGroup/providers/Microsoft.Network/virtualNetworks/vnet-australiaeast/subnets/monitoring-subnet]
azurerm_subnet_network_security_group_association.regional_assoc["centralindia-cicd"]: Refreshing state... [id=/subscriptions/2b2f02f7-dde2-47db-974c-47d2182721ae/resourceGroups/myTFResourceGroup/providers/Microsoft.Network/virtualNetworks/vnet-centralindia/subnets/cicd-subnet]
azurerm_subnet_network_security_group_association.regional_assoc["centralindia-db"]: Refreshing state... [id=/subscriptions/2b2f02f7-dde2-47db-974c-47d2182721ae/resourceGroups/myTFResourceGroup/providers/Microsoft.Network/virtualNetworks/vnet-centralindia/subnets/db-subnet]
azurerm_subnet_network_security_group_association.regional_assoc["centralindia-monitoring"]: Refreshing state... [id=/subscriptions/2b2f02f7-dde2-47db-974c-47d2182721ae/resourceGroups/myTFResourceGroup/providers/Microsoft.Network/virtualNetworks/vnet-centralindia/subnets/monitoring-subnet]
azurerm_subnet_network_security_group_association.regional_assoc["australiaeast-private_endpoint"]: Refreshing state... [id=/subscriptions/2b2f02f7-dde2-47db-974c-47d2182721ae/resourceGroups/myTFResourceGroup/providers/Microsoft.Network/virtualNetworks/vnet-australiaeast/subnets/private_endpoint-subnet]
azurerm_subnet_network_security_group_association.regional_assoc["australiaeast-management"]: Refreshing state... [id=/subscriptions/2b2f02f7-dde2-47db-974c-47d2182721ae/resourceGroups/myTFResourceGroup/providers/Microsoft.Network/virtualNetworks/vnet-australiaeast/subnets/management-subnet]
azurerm_subnet_network_security_group_association.regional_assoc["centralindia-management"]: Refreshing state... [id=/subscriptions/2b2f02f7-dde2-47db-974c-47d2182721ae/resourceGroups/myTFResourceGroup/providers/Microsoft.Network/virtualNetworks/vnet-centralindia/subnets/management-subnet]
azurerm_subnet_network_security_group_association.regional_assoc["australiaeast-web"]: Refreshing state... [id=/subscriptions/2b2f02f7-dde2-47db-974c-47d2182721ae/resourceGroups/myTFResourceGroup/providers/Microsoft.Network/virtualNetworks/vnet-australiaeast/subnets/web-subnet]
azurerm_subnet_network_security_group_association.regional_assoc["centralindia-private_endpoint"]: Refreshing state... [id=/subscriptions/2b2f02f7-dde2-47db-974c-47d2182721ae/resourceGroups/myTFResourceGroup/providers/Microsoft.Network/virtualNetworks/vnet-centralindia/subnets/private_endpoint-subnet]
azurerm_subnet_network_security_group_association.regional_assoc["centralindia-web"]: Refreshing state... [id=/subscriptions/2b2f02f7-dde2-47db-974c-47d2182721ae/resourceGroups/myTFResourceGroup/providers/Microsoft.Network/virtualNetworks/vnet-centralindia/subnets/web-subnet]
azurerm_subnet_network_security_group_association.regional_assoc["australiaeast-cicd"]: Refreshing state... [id=/subscriptions/2b2f02f7-dde2-47db-974c-47d2182721ae/resourceGroups/myTFResourceGroup/providers/Microsoft.Network/virtualNetworks/vnet-australiaeast/subnets/cicd-subnet]
azurerm_subnet_network_security_group_association.regional_assoc["australiaeast-app"]: Refreshing state... [id=/subscriptions/2b2f02f7-dde2-47db-974c-47d2182721ae/resourceGroups/myTFResourceGroup/providers/Microsoft.Network/virtualNetworks/vnet-australiaeast/subnets/app-subnet]
azurerm_network_interface.jumpbox_nic: Refreshing state... [id=/subscriptions/2b2f02f7-dde2-47db-974c-47d2182721ae/resourceGroups/myTFResourceGroup/providers/Microsoft.Network/networkInterfaces/nic-jumpbox]
azurerm_subnet_route_table_association.private_assoc["australiaeast-private_endpoint"]: Refreshing state... [id=/subscriptions/2b2f02f7-dde2-47db-974c-47d2182721ae/resourceGroups/myTFResourceGroup/providers/Microsoft.Network/virtualNetworks/vnet-australiaeast/subnets/private_endpoint-subnet]
azurerm_subnet_route_table_association.private_assoc["australiaeast-db"]: Refreshing state... [id=/subscriptions/2b2f02f7-dde2-47db-974c-47d2182721ae/resourceGroups/myTFResourceGroup/providers/Microsoft.Network/virtualNetworks/vnet-australiaeast/subnets/db-subnet]
azurerm_subnet_route_table_association.private_assoc["australiaeast-management"]: Refreshing state... [id=/subscriptions/2b2f02f7-dde2-47db-974c-47d2182721ae/resourceGroups/myTFResourceGroup/providers/Microsoft.Network/virtualNetworks/vnet-australiaeast/subnets/management-subnet]
azurerm_subnet_route_table_association.private_assoc["centralindia-management"]: Refreshing state... [id=/subscriptions/2b2f02f7-dde2-47db-974c-47d2182721ae/resourceGroups/myTFResourceGroup/providers/Microsoft.Network/virtualNetworks/vnet-centralindia/subnets/management-subnet]
azurerm_subnet_route_table_association.private_assoc["centralindia-db"]: Refreshing state... [id=/subscriptions/2b2f02f7-dde2-47db-974c-47d2182721ae/resourceGroups/myTFResourceGroup/providers/Microsoft.Network/virtualNetworks/vnet-centralindia/subnets/db-subnet]
azurerm_subnet_route_table_association.private_assoc["centralindia-private_endpoint"]: Refreshing state... [id=/subscriptions/2b2f02f7-dde2-47db-974c-47d2182721ae/resourceGroups/myTFResourceGroup/providers/Microsoft.Network/virtualNetworks/vnet-centralindia/subnets/private_endpoint-subnet]
azurerm_subnet_route_table_association.public_assoc["centralindia-api"]: Refreshing state... [id=/subscriptions/2b2f02f7-dde2-47db-974c-47d2182721ae/resourceGroups/myTFResourceGroup/providers/Microsoft.Network/virtualNetworks/vnet-centralindia/subnets/api-subnet]
azurerm_subnet_route_table_association.public_assoc["australiaeast-worker"]: Refreshing state... [id=/subscriptions/2b2f02f7-dde2-47db-974c-47d2182721ae/resourceGroups/myTFResourceGroup/providers/Microsoft.Network/virtualNetworks/vnet-australiaeast/subnets/worker-subnet]
azurerm_subnet_route_table_association.public_assoc["centralindia-app"]: Refreshing state... [id=/subscriptions/2b2f02f7-dde2-47db-974c-47d2182721ae/resourceGroups/myTFResourceGroup/providers/Microsoft.Network/virtualNetworks/vnet-centralindia/subnets/app-subnet]
azurerm_subnet_route_table_association.public_assoc["australiaeast-web"]: Refreshing state... [id=/subscriptions/2b2f02f7-dde2-47db-974c-47d2182721ae/resourceGroups/myTFResourceGroup/providers/Microsoft.Network/virtualNetworks/vnet-australiaeast/subnets/web-subnet]
azurerm_subnet_route_table_association.public_assoc["centralindia-worker"]: Refreshing state... [id=/subscriptions/2b2f02f7-dde2-47db-974c-47d2182721ae/resourceGroups/myTFResourceGroup/providers/Microsoft.Network/virtualNetworks/vnet-centralindia/subnets/worker-subnet]
azurerm_subnet_route_table_association.public_assoc["centralindia-cicd"]: Refreshing state... [id=/subscriptions/2b2f02f7-dde2-47db-974c-47d2182721ae/resourceGroups/myTFResourceGroup/providers/Microsoft.Network/virtualNetworks/vnet-centralindia/subnets/cicd-subnet]
azurerm_subnet_route_table_association.public_assoc["australiaeast-api"]: Refreshing state... [id=/subscriptions/2b2f02f7-dde2-47db-974c-47d2182721ae/resourceGroups/myTFResourceGroup/providers/Microsoft.Network/virtualNetworks/vnet-australiaeast/subnets/api-subnet]
azurerm_subnet_route_table_association.public_assoc["centralindia-web"]: Refreshing state... [id=/subscriptions/2b2f02f7-dde2-47db-974c-47d2182721ae/resourceGroups/myTFResourceGroup/providers/Microsoft.Network/virtualNetworks/vnet-centralindia/subnets/web-subnet]
azurerm_subnet_route_table_association.public_assoc["australiaeast-cicd"]: Refreshing state... [id=/subscriptions/2b2f02f7-dde2-47db-974c-47d2182721ae/resourceGroups/myTFResourceGroup/providers/Microsoft.Network/virtualNetworks/vnet-australiaeast/subnets/cicd-subnet]
azurerm_subnet_route_table_association.public_assoc["australiaeast-app"]: Refreshing state... [id=/subscriptions/2b2f02f7-dde2-47db-974c-47d2182721ae/resourceGroups/myTFResourceGroup/providers/Microsoft.Network/virtualNetworks/vnet-australiaeast/subnets/app-subnet]
time_sleep.wait_for_kv_rbac: Refreshing state... [id=2026-04-20T10:45:24Z]
azurerm_role_assignment.terraform_backend_storage_access: Refreshing state... [id=/subscriptions/2b2f02f7-dde2-47db-974c-47d2182721ae/resourceGroups/myTFResourceGroup/providers/Microsoft.Storage/storageAccounts/prodmyappsacmk01/blobServices/default/containers/mytfstate/providers/Microsoft.Authorization/roleAssignments/52e4c051-0a07-1a95-7783-c649efbc7865]
time_sleep.wait_for_network: Refreshing state... [id=2026-05-24T13:10:18Z]
azurerm_key_vault_key.prodmyapp_key: Refreshing state... [id=https://prodmyappkv.vault.azure.net/keys/my-storage-cmk/51e0da2d9d5a4b53bfedce7faa0471cc]
azurerm_bastion_host.main: Refreshing state... [id=/subscriptions/2b2f02f7-dde2-47db-974c-47d2182721ae/resourceGroups/myTFResourceGroup/providers/Microsoft.Network/bastionHosts/bastion-prodmyapp]
azurerm_disk_encryption_set.prod_des: Refreshing state... [id=/subscriptions/2b2f02f7-dde2-47db-974c-47d2182721ae/resourceGroups/myTFResourceGroup/providers/Microsoft.Compute/diskEncryptionSets/prod-des]
azurerm_storage_account_customer_managed_key.prodmyapp_sa_cmk: Refreshing state... [id=/subscriptions/2b2f02f7-dde2-47db-974c-47d2182721ae/resourceGroups/myTFResourceGroup/providers/Microsoft.Storage/storageAccounts/prodmyappsacmk01]
azurerm_role_assignment.des_kv_crypto: Refreshing state... [id=/subscriptions/2b2f02f7-dde2-47db-974c-47d2182721ae/resourceGroups/myTFResourceGroup/providers/Microsoft.KeyVault/vaults/prodmyappkv/providers/Microsoft.Authorization/roleAssignments/6cad63bb-2172-dd68-e0d5-eb1c0c662ed3]
time_sleep.wait_for_des_rbac: Refreshing state... [id=2026-04-26T15:25:29Z]

Terraform used the selected providers to generate the following execution
plan. Resource actions are indicated with the following symbols:
  + create
  - destroy
-/+ destroy and then create replacement

Terraform will perform the following actions:

  # azurerm_disk_encryption_set.regional_des["australiaeast"] will be destroyed
  # (because azurerm_disk_encryption_set.regional_des is not in configuration)
  - resource "azurerm_disk_encryption_set" "regional_des" {
      - auto_key_rotation_enabled = false -> null
      - encryption_type           = "EncryptionAtRestWithCustomerKey" -> null
      - id                        = "/subscriptions/2b2f02f7-dde2-47db-974c-47d2182721ae/resourceGroups/myTFResourceGroup/providers/Microsoft.Compute/diskEncryptionSets/des-australiaeast" -> null
      - key_vault_key_id          = "https://prodmyappkv.vault.azure.net/keys/my-storage-cmk/51e0da2d9d5a4b53bfedce7faa0471cc" -> null
      - key_vault_key_url         = "https://prodmyappkv.vault.azure.net/keys/my-storage-cmk/51e0da2d9d5a4b53bfedce7faa0471cc" -> null
      - location                  = "australiaeast" -> null
      - name                      = "des-australiaeast" -> null
      - resource_group_name       = "myTFResourceGroup" -> null
      - tags                      = {
          - "Name"            = "des-australiaeast"
          - "creation_run_id" = "501"
          - "creation_time"   = "2026-05-25T13:04:38Z"
          - "deployment_id"   = "prodmyapp"
          - "environment"     = "prod"
          - "managed_by"      = "terraform"
        } -> null
        # (1 unchanged attribute hidden)

      - identity {
          - identity_ids = [] -> null
          - principal_id = "5e2c44e1-d301-40c6-9cdb-e270d62a7b1c" -> null
          - tenant_id    = "f175c56d-4013-42fa-a0e8-4103d2276a0d" -> null
          - type         = "SystemAssigned" -> null
        }
    }

  # azurerm_disk_encryption_set.regional_des["centralindia"] will be destroyed
  # (because azurerm_disk_encryption_set.regional_des is not in configuration)
  - resource "azurerm_disk_encryption_set" "regional_des" {
      - auto_key_rotation_enabled = false -> null
      - encryption_type           = "EncryptionAtRestWithCustomerKey" -> null
      - id                        = "/subscriptions/2b2f02f7-dde2-47db-974c-47d2182721ae/resourceGroups/myTFResourceGroup/providers/Microsoft.Compute/diskEncryptionSets/des-centralindia" -> null
      - key_vault_key_id          = "https://prodmyappkv.vault.azure.net/keys/my-storage-cmk/51e0da2d9d5a4b53bfedce7faa0471cc" -> null
      - key_vault_key_url         = "https://prodmyappkv.vault.azure.net/keys/my-storage-cmk/51e0da2d9d5a4b53bfedce7faa0471cc" -> null
      - location                  = "centralindia" -> null
      - name                      = "des-centralindia" -> null
      - resource_group_name       = "myTFResourceGroup" -> null
      - tags                      = {
          - "Name"            = "des-centralindia"
          - "creation_run_id" = "501"
          - "creation_time"   = "2026-05-25T13:04:38Z"
          - "deployment_id"   = "prodmyapp"
          - "environment"     = "prod"
          - "managed_by"      = "terraform"
        } -> null
        # (1 unchanged attribute hidden)

      - identity {
          - identity_ids = [] -> null
          - principal_id = "be9ba9a7-e82a-4114-887e-e2eb177387f5" -> null
          - tenant_id    = "f175c56d-4013-42fa-a0e8-4103d2276a0d" -> null
          - type         = "SystemAssigned" -> null
        }
    }

  # azurerm_linux_virtual_machine.jumpbox will be created
  + resource "azurerm_linux_virtual_machine" "jumpbox" {
      + admin_username                                         = "azureuser"
      + allow_extension_operations                             = (known after apply)
      + bypass_platform_safety_checks_on_user_schedule_enabled = false
      + computer_name                                          = (known after apply)
      + disable_password_authentication                        = true
      + disk_controller_type                                   = (known after apply)
      + extensions_time_budget                                 = "PT1H30M"
      + id                                                     = (known after apply)
      + location                                               = "australiaeast"
      + max_bid_price                                          = -1
      + name                                                   = "vm-jumpbox"
      + network_interface_ids                                  = (known after apply)
      + os_managed_disk_id                                     = (known after apply)
      + patch_assessment_mode                                  = (known after apply)
      + patch_mode                                             = (known after apply)
      + platform_fault_domain                                  = -1
      + priority                                               = "Regular"
      + private_ip_address                                     = (known after apply)
      + private_ip_addresses                                   = (known after apply)
      + provision_vm_agent                                     = (known after apply)
      + public_ip_address                                      = (known after apply)
      + public_ip_addresses                                    = (known after apply)
      + resource_group_name                                    = "myTFResourceGroup"
      + size                                                   = "Standard_B2s"
      + tags                                                   = (known after apply)
      + virtual_machine_id                                     = (known after apply)
      + vm_agent_platform_updates_enabled                      = (known after apply)

      + admin_ssh_key {
          + public_key = <<-EOT
                ssh-rsa AAAAB3NzaC1yc2EAAAADAQABAAACAQDfE03yW/3ptfsX5P/VSRu+Ib/0Ng/R++sJCpHw8OsP5U0D+pUa6pqcR0JLBnnEWYKrJcF6O7yIgKbUj0qhtCzyualq5+uhLrvAgKwfbY6oBXRvg+YuMjvkhSvwPhGrIjTUuppXx36/oqqmdLvUOW9yAsmT2E+CUfjuuTmWaLXzQcu+QTMtDL4ZLFssRtT73pq3apoVaATvEdR89OhPcZRvGToyfoa+J0W6zfXa6MISTJQdtW+qQckwJnDz0pS3qUdl7jj8D73YB2QrJu7dVWDnXXYPWRcK4fFxjbVOiRJOKGih0hsqL2P1Aq6vvK4nCHP+AandwytnfH6993g2mNU45ZtXPb4vER1foNnZ5tMYdNNlLKPsTL8zcX+boSlmKh8klk1d5+SjGQrt63AZgn/LsVighynYp/3ds9HUNxBlnJ20P1vjTWpLN15Nb1m1O8uoCrJxuR3DnsAxLi41zx3wkFfPV01B4sihtLEHkAqpbhR3d83rZUbrZKMJZAnrnhDKBZvJCPC6rEwF2EeN+dqt8dExlvwU9OlBWGD6ehuTZq1SvN8xZwcL3AQngebeZRaU2uW9/0aVw5TBPBcZXgUQiyf0VuR3Ph7rUwvYDvJ+CuJah89auI2nBkCVcO9319CzRQ/6oqxz6VdjTHRUb6ubqgIBS9S4vhspVe3wSogHnw== root@ip-172-31-34-216.us-east-2.compute.internal
            EOT
          + username   = "azureuser"
        }

      + identity {
          + principal_id = (known after apply)
          + tenant_id    = (known after apply)
          + type         = "SystemAssigned"
        }

      + os_disk {
          + caching                   = "ReadWrite"
          + disk_encryption_set_id    = "/subscriptions/2b2f02f7-dde2-47db-974c-47d2182721ae/resourceGroups/myTFResourceGroup/providers/Microsoft.Compute/diskEncryptionSets/prod-des"
          + disk_size_gb              = (known after apply)
          + id                        = (known after apply)
          + name                      = (known after apply)
          + storage_account_type      = "StandardSSD_LRS"
          + write_accelerator_enabled = false
        }

      + plan {
          + name      = "centos-8-3-free"
          + product   = "centos-8-3-free"
          + publisher = "cognosys"
        }

      + source_image_reference {
          + offer     = "centos-8-3-free"
          + publisher = "cognosys"
          + sku       = "centos-8-3-free"
          + version   = "1.2019.0810"
        }

      + termination_notification (known after apply)
    }

  # azurerm_network_interface.jumpbox_nic must be replaced
-/+ resource "azurerm_network_interface" "jumpbox_nic" {
      ~ applied_dns_servers            = [] -> (known after apply)
      - dns_servers                    = [] -> null
      ~ id                             = "/subscriptions/2b2f02f7-dde2-47db-974c-47d2182721ae/resourceGroups/myTFResourceGroup/providers/Microsoft.Network/networkInterfaces/nic-jumpbox" -> (known after apply)
      ~ internal_domain_name_suffix    = "51v3qz5jngfevl25mjs0ap0h2b.rx.internal.cloudapp.net" -> (known after apply)
      ~ location                       = "centralindia" -> "australiaeast" # forces replacement
      + mac_address                    = (known after apply)
        name                           = "nic-jumpbox"
      ~ private_ip_address             = "10.20.4.4" -> (known after apply)
      ~ private_ip_addresses           = [
          - "10.20.4.4",
        ] -> (known after apply)
      ~ tags                           = {
          - "Name"            = "jumpbox-nic"
          - "creation_run_id" = "499"
          - "creation_time"   = "2026-05-24T19:31:18Z"
          - "deployment_id"   = "prodmyapp"
          - "environment"     = "prod"
          - "managed_by"      = "terraform"
        } -> (known after apply)
      + virtual_machine_id             = (known after apply)
        # (7 unchanged attributes hidden)

      ~ ip_configuration {
          + gateway_load_balancer_frontend_ip_configuration_id = (known after apply)
            name                                               = "internal"
          ~ primary                                            = true -> (known after apply)
          ~ private_ip_address                                 = "10.20.4.4" -> (known after apply)
          ~ subnet_id                                          = "/subscriptions/2b2f02f7-dde2-47db-974c-47d2182721ae/resourceGroups/myTFResourceGroup/providers/Microsoft.Network/virtualNetworks/vnet-centralindia/subnets/management-subnet" -> "/subscriptions/2b2f02f7-dde2-47db-974c-47d2182721ae/resourceGroups/myTFResourceGroup/providers/Microsoft.Network/virtualNetworks/vnet-australiaeast/subnets/management-subnet"
            # (3 unchanged attributes hidden)
        }
    }

  # azurerm_role_assignment.regional_des_kv_crypto["australiaeast"] will be destroyed
  # (because azurerm_role_assignment.regional_des_kv_crypto is not in configuration)
  - resource "azurerm_role_assignment" "regional_des_kv_crypto" {
      - id                                     = "/subscriptions/2b2f02f7-dde2-47db-974c-47d2182721ae/resourceGroups/myTFResourceGroup/providers/Microsoft.KeyVault/vaults/prodmyappkv/providers/Microsoft.Authorization/roleAssignments/7b86eff1-f4dc-595b-56c3-42d9d57db6a1" -> null
      - name                                   = "7b86eff1-f4dc-595b-56c3-42d9d57db6a1" -> null
      - principal_id                           = "5e2c44e1-d301-40c6-9cdb-e270d62a7b1c" -> null
      - principal_type                         = "ServicePrincipal" -> null
      - role_definition_id                     = "/subscriptions/2b2f02f7-dde2-47db-974c-47d2182721ae/providers/Microsoft.Authorization/roleDefinitions/e147488a-f6f5-4113-8e2d-b22465e65bf6" -> null
      - role_definition_name                   = "Key Vault Crypto Service Encryption User" -> null
      - scope                                  = "/subscriptions/2b2f02f7-dde2-47db-974c-47d2182721ae/resourceGroups/myTFResourceGroup/providers/Microsoft.KeyVault/vaults/prodmyappkv" -> null
        # (4 unchanged attributes hidden)
    }

  # azurerm_role_assignment.regional_des_kv_crypto["centralindia"] will be destroyed
  # (because azurerm_role_assignment.regional_des_kv_crypto is not in configuration)
  - resource "azurerm_role_assignment" "regional_des_kv_crypto" {
      - id                                     = "/subscriptions/2b2f02f7-dde2-47db-974c-47d2182721ae/resourceGroups/myTFResourceGroup/providers/Microsoft.KeyVault/vaults/prodmyappkv/providers/Microsoft.Authorization/roleAssignments/12c7a8a2-25b8-8b49-3b9a-d6ad3804f64d" -> null
      - name                                   = "12c7a8a2-25b8-8b49-3b9a-d6ad3804f64d" -> null
      - principal_id                           = "be9ba9a7-e82a-4114-887e-e2eb177387f5" -> null
      - principal_type                         = "ServicePrincipal" -> null
      - role_definition_id                     = "/subscriptions/2b2f02f7-dde2-47db-974c-47d2182721ae/providers/Microsoft.Authorization/roleDefinitions/e147488a-f6f5-4113-8e2d-b22465e65bf6" -> null
      - role_definition_name                   = "Key Vault Crypto Service Encryption User" -> null
      - scope                                  = "/subscriptions/2b2f02f7-dde2-47db-974c-47d2182721ae/resourceGroups/myTFResourceGroup/providers/Microsoft.KeyVault/vaults/prodmyappkv" -> null
        # (4 unchanged attributes hidden)
    }

  # time_sleep.wait_for_regional_des_rbac will be destroyed
  # (because time_sleep.wait_for_regional_des_rbac is not in configuration)
  - resource "time_sleep" "wait_for_regional_des_rbac" {
      - create_duration = "180s" -> null
      - id              = "2026-05-25T13:09:14Z" -> null
    }

Plan: 2 to add, 0 to change, 6 to destroy.

Changes to Outputs:
  ~ debug_tags = {
      ~ creation_run_id = "502" -> "503"
      ~ creation_time   = "2026-05-25T13:18:52Z" -> (known after apply)
        # (3 unchanged attributes hidden)
    }

Warning: Argument is deprecated

  with azurerm_storage_account_customer_managed_key.prodmyapp_sa_cmk,
  on main.tf line 457, in resource "azurerm_storage_account_customer_managed_key" "prodmyapp_sa_cmk":
 457:   key_vault_id       = azurerm_key_vault.prodmyapp.id

`key_vault_id` has been deprecated in favour of `key_vault_key_id` and will
be removed in v5.0 of the AzureRM provider

(and 2 more similar warnings elsewhere)

─────────────────────────────────────────────────────────────────────────────

Saved the plan to: tfplan

To perform exactly these actions, run the following command to apply:
    terraform apply "tfplan"
Releasing state lock. This may take a few moments...
