Acquiring state lock. This may take a few moments...
azurerm_virtual_network.regional_vnets["australiaeast"]: Creating...
azurerm_virtual_network.regional_vnets["australiaeast"]: Creation complete after 6s [id=/subscriptions/2b2f02f7-dde2-47db-974c-47d2182721ae/resourceGroups/myTFResourceGroup/providers/Microsoft.Network/virtualNetworks/vnet-australiaeast]
azurerm_network_security_group.regional_nsgs["centralindia-db"]: Creating...
azurerm_network_security_group.regional_nsgs["centralindia-db"]: Creation complete after 4s [id=/subscriptions/2b2f02f7-dde2-47db-974c-47d2182721ae/resourceGroups/myTFResourceGroup/providers/Microsoft.Network/networkSecurityGroups/nsg-centralindia-db]
azurerm_virtual_network.regional_vnets["centralindia"]: Creating...
azurerm_virtual_network.regional_vnets["centralindia"]: Creation complete after 6s [id=/subscriptions/2b2f02f7-dde2-47db-974c-47d2182721ae/resourceGroups/myTFResourceGroup/providers/Microsoft.Network/virtualNetworks/vnet-centralindia]
azurerm_network_security_group.regional_nsgs["centralindia-bastion"]: Creating...
azurerm_network_security_group.regional_nsgs["centralindia-bastion"]: Creation complete after 5s [id=/subscriptions/2b2f02f7-dde2-47db-974c-47d2182721ae/resourceGroups/myTFResourceGroup/providers/Microsoft.Network/networkSecurityGroups/nsg-centralindia-bastion]
azurerm_network_security_group.regional_nsgs["australiaeast-bastion"]: Creating...
azurerm_network_security_group.regional_nsgs["australiaeast-bastion"]: Creation complete after 3s [id=/subscriptions/2b2f02f7-dde2-47db-974c-47d2182721ae/resourceGroups/myTFResourceGroup/providers/Microsoft.Network/networkSecurityGroups/nsg-australiaeast-bastion]
azurerm_network_security_group.regional_nsgs["australiaeast-db"]: Creating...
azurerm_network_security_group.regional_nsgs["australiaeast-db"]: Creation complete after 4s [id=/subscriptions/2b2f02f7-dde2-47db-974c-47d2182721ae/resourceGroups/myTFResourceGroup/providers/Microsoft.Network/networkSecurityGroups/nsg-australiaeast-db]
azurerm_network_security_group.regional_nsgs["centralindia-gateway"]: Creating...
azurerm_network_security_group.regional_nsgs["centralindia-gateway"]: Creation complete after 3s [id=/subscriptions/2b2f02f7-dde2-47db-974c-47d2182721ae/resourceGroups/myTFResourceGroup/providers/Microsoft.Network/networkSecurityGroups/nsg-centralindia-gateway]
azurerm_network_security_group.regional_nsgs["australiaeast-firewall"]: Creating...
azurerm_network_security_group.regional_nsgs["australiaeast-firewall"]: Creation complete after 4s [id=/subscriptions/2b2f02f7-dde2-47db-974c-47d2182721ae/resourceGroups/myTFResourceGroup/providers/Microsoft.Network/networkSecurityGroups/nsg-australiaeast-firewall]
azurerm_network_security_group.regional_nsgs["australiaeast-web"]: Creating...
azurerm_network_security_group.regional_nsgs["australiaeast-web"]: Creation complete after 4s [id=/subscriptions/2b2f02f7-dde2-47db-974c-47d2182721ae/resourceGroups/myTFResourceGroup/providers/Microsoft.Network/networkSecurityGroups/nsg-australiaeast-web]
azurerm_network_security_group.regional_nsgs["centralindia-web"]: Creating...
azurerm_network_security_group.regional_nsgs["centralindia-web"]: Creation complete after 4s [id=/subscriptions/2b2f02f7-dde2-47db-974c-47d2182721ae/resourceGroups/myTFResourceGroup/providers/Microsoft.Network/networkSecurityGroups/nsg-centralindia-web]
azurerm_network_security_group.regional_nsgs["australiaeast-api"]: Creating...
azurerm_network_security_group.regional_nsgs["australiaeast-api"]: Creation complete after 4s [id=/subscriptions/2b2f02f7-dde2-47db-974c-47d2182721ae/resourceGroups/myTFResourceGroup/providers/Microsoft.Network/networkSecurityGroups/nsg-australiaeast-api]
azurerm_network_security_group.regional_nsgs["centralindia-cicd"]: Creating...
azurerm_network_security_group.regional_nsgs["centralindia-cicd"]: Creation complete after 5s [id=/subscriptions/2b2f02f7-dde2-47db-974c-47d2182721ae/resourceGroups/myTFResourceGroup/providers/Microsoft.Network/networkSecurityGroups/nsg-centralindia-cicd]
azurerm_network_security_group.regional_nsgs["centralindia-app"]: Creating...
azurerm_network_security_group.regional_nsgs["centralindia-app"]: Creation complete after 5s [id=/subscriptions/2b2f02f7-dde2-47db-974c-47d2182721ae/resourceGroups/myTFResourceGroup/providers/Microsoft.Network/networkSecurityGroups/nsg-centralindia-app]
azurerm_network_security_group.regional_nsgs["centralindia-monitoring"]: Creating...
azurerm_network_security_group.regional_nsgs["centralindia-monitoring"]: Creation complete after 3s [id=/subscriptions/2b2f02f7-dde2-47db-974c-47d2182721ae/resourceGroups/myTFResourceGroup/providers/Microsoft.Network/networkSecurityGroups/nsg-centralindia-monitoring]
azurerm_network_security_group.regional_nsgs["australiaeast-gateway"]: Creating...
azurerm_network_security_group.regional_nsgs["australiaeast-gateway"]: Creation complete after 3s [id=/subscriptions/2b2f02f7-dde2-47db-974c-47d2182721ae/resourceGroups/myTFResourceGroup/providers/Microsoft.Network/networkSecurityGroups/nsg-australiaeast-gateway]
azurerm_network_security_group.regional_nsgs["centralindia-management"]: Creating...
azurerm_network_security_group.regional_nsgs["centralindia-management"]: Creation complete after 4s [id=/subscriptions/2b2f02f7-dde2-47db-974c-47d2182721ae/resourceGroups/myTFResourceGroup/providers/Microsoft.Network/networkSecurityGroups/nsg-centralindia-management]
azurerm_network_security_group.regional_nsgs["centralindia-worker"]: Creating...
azurerm_network_security_group.regional_nsgs["centralindia-worker"]: Creation complete after 4s [id=/subscriptions/2b2f02f7-dde2-47db-974c-47d2182721ae/resourceGroups/myTFResourceGroup/providers/Microsoft.Network/networkSecurityGroups/nsg-centralindia-worker]
azurerm_network_security_group.regional_nsgs["centralindia-api"]: Creating...
azurerm_network_security_group.regional_nsgs["centralindia-api"]: Creation complete after 5s [id=/subscriptions/2b2f02f7-dde2-47db-974c-47d2182721ae/resourceGroups/myTFResourceGroup/providers/Microsoft.Network/networkSecurityGroups/nsg-centralindia-api]
azurerm_network_security_group.regional_nsgs["centralindia-firewall"]: Creating...
azurerm_network_security_group.regional_nsgs["centralindia-firewall"]: Creation complete after 4s [id=/subscriptions/2b2f02f7-dde2-47db-974c-47d2182721ae/resourceGroups/myTFResourceGroup/providers/Microsoft.Network/networkSecurityGroups/nsg-centralindia-firewall]
azurerm_network_security_group.regional_nsgs["australiaeast-management"]: Creating...
azurerm_network_security_group.regional_nsgs["australiaeast-management"]: Creation complete after 3s [id=/subscriptions/2b2f02f7-dde2-47db-974c-47d2182721ae/resourceGroups/myTFResourceGroup/providers/Microsoft.Network/networkSecurityGroups/nsg-australiaeast-management]
azurerm_network_security_group.regional_nsgs["centralindia-private_endpoint"]: Creating...
azurerm_network_security_group.regional_nsgs["centralindia-private_endpoint"]: Creation complete after 4s [id=/subscriptions/2b2f02f7-dde2-47db-974c-47d2182721ae/resourceGroups/myTFResourceGroup/providers/Microsoft.Network/networkSecurityGroups/nsg-centralindia-private_endpoint]
azurerm_network_security_group.regional_nsgs["australiaeast-app"]: Creating...
azurerm_network_security_group.regional_nsgs["australiaeast-app"]: Creation complete after 4s [id=/subscriptions/2b2f02f7-dde2-47db-974c-47d2182721ae/resourceGroups/myTFResourceGroup/providers/Microsoft.Network/networkSecurityGroups/nsg-australiaeast-app]
azurerm_network_security_group.regional_nsgs["australiaeast-worker"]: Creating...
azurerm_network_security_group.regional_nsgs["australiaeast-worker"]: Creation complete after 3s [id=/subscriptions/2b2f02f7-dde2-47db-974c-47d2182721ae/resourceGroups/myTFResourceGroup/providers/Microsoft.Network/networkSecurityGroups/nsg-australiaeast-worker]
azurerm_network_security_group.regional_nsgs["australiaeast-monitoring"]: Creating...
azurerm_network_security_group.regional_nsgs["australiaeast-monitoring"]: Creation complete after 4s [id=/subscriptions/2b2f02f7-dde2-47db-974c-47d2182721ae/resourceGroups/myTFResourceGroup/providers/Microsoft.Network/networkSecurityGroups/nsg-australiaeast-monitoring]
azurerm_network_security_group.regional_nsgs["australiaeast-private_endpoint"]: Creating...
azurerm_network_security_group.regional_nsgs["australiaeast-private_endpoint"]: Creation complete after 2s [id=/subscriptions/2b2f02f7-dde2-47db-974c-47d2182721ae/resourceGroups/myTFResourceGroup/providers/Microsoft.Network/networkSecurityGroups/nsg-australiaeast-private_endpoint]
azurerm_network_security_group.regional_nsgs["australiaeast-cicd"]: Creating...
azurerm_network_security_group.regional_nsgs["australiaeast-cicd"]: Creation complete after 4s [id=/subscriptions/2b2f02f7-dde2-47db-974c-47d2182721ae/resourceGroups/myTFResourceGroup/providers/Microsoft.Network/networkSecurityGroups/nsg-australiaeast-cicd]
azurerm_subnet.regional_subnets["australiaeast-cicd"]: Creating...
azurerm_subnet.regional_subnets["australiaeast-cicd"]: Creation complete after 6s [id=/subscriptions/2b2f02f7-dde2-47db-974c-47d2182721ae/resourceGroups/myTFResourceGroup/providers/Microsoft.Network/virtualNetworks/vnet-australiaeast/subnets/cicd-subnet]
azurerm_subnet.regional_subnets["australiaeast-worker"]: Creating...
azurerm_subnet.regional_subnets["australiaeast-worker"]: Creation complete after 5s [id=/subscriptions/2b2f02f7-dde2-47db-974c-47d2182721ae/resourceGroups/myTFResourceGroup/providers/Microsoft.Network/virtualNetworks/vnet-australiaeast/subnets/worker-subnet]
azurerm_subnet.regional_subnets["australiaeast-gateway"]: Creating...
azurerm_subnet.regional_subnets["australiaeast-gateway"]: Creation complete after 6s [id=/subscriptions/2b2f02f7-dde2-47db-974c-47d2182721ae/resourceGroups/myTFResourceGroup/providers/Microsoft.Network/virtualNetworks/vnet-australiaeast/subnets/gateway-subnet]
azurerm_subnet.regional_subnets["australiaeast-db"]: Creating...
azurerm_subnet.regional_subnets["australiaeast-db"]: Creation complete after 6s [id=/subscriptions/2b2f02f7-dde2-47db-974c-47d2182721ae/resourceGroups/myTFResourceGroup/providers/Microsoft.Network/virtualNetworks/vnet-australiaeast/subnets/db-subnet]
azurerm_subnet.regional_subnets["centralindia-cicd"]: Creating...
azurerm_subnet.regional_subnets["centralindia-cicd"]: Creation complete after 7s [id=/subscriptions/2b2f02f7-dde2-47db-974c-47d2182721ae/resourceGroups/myTFResourceGroup/providers/Microsoft.Network/virtualNetworks/vnet-centralindia/subnets/cicd-subnet]
azurerm_subnet.regional_subnets["australiaeast-firewall"]: Creating...
azurerm_subnet.regional_subnets["australiaeast-firewall"]: Creation complete after 5s [id=/subscriptions/2b2f02f7-dde2-47db-974c-47d2182721ae/resourceGroups/myTFResourceGroup/providers/Microsoft.Network/virtualNetworks/vnet-australiaeast/subnets/firewall-subnet]
azurerm_subnet.regional_subnets["australiaeast-monitoring"]: Creating...
azurerm_subnet.regional_subnets["australiaeast-monitoring"]: Creation complete after 7s [id=/subscriptions/2b2f02f7-dde2-47db-974c-47d2182721ae/resourceGroups/myTFResourceGroup/providers/Microsoft.Network/virtualNetworks/vnet-australiaeast/subnets/monitoring-subnet]
azurerm_subnet.regional_subnets["centralindia-private_endpoint"]: Creating...
azurerm_subnet.regional_subnets["centralindia-private_endpoint"]: Creation complete after 7s [id=/subscriptions/2b2f02f7-dde2-47db-974c-47d2182721ae/resourceGroups/myTFResourceGroup/providers/Microsoft.Network/virtualNetworks/vnet-centralindia/subnets/private_endpoint-subnet]
azurerm_subnet.regional_subnets["centralindia-monitoring"]: Creating...
azurerm_subnet.regional_subnets["centralindia-monitoring"]: Creation complete after 8s [id=/subscriptions/2b2f02f7-dde2-47db-974c-47d2182721ae/resourceGroups/myTFResourceGroup/providers/Microsoft.Network/virtualNetworks/vnet-centralindia/subnets/monitoring-subnet]
azurerm_subnet.regional_subnets["australiaeast-management"]: Creating...
azurerm_subnet.regional_subnets["australiaeast-management"]: Creation complete after 5s [id=/subscriptions/2b2f02f7-dde2-47db-974c-47d2182721ae/resourceGroups/myTFResourceGroup/providers/Microsoft.Network/virtualNetworks/vnet-australiaeast/subnets/management-subnet]
azurerm_subnet.regional_subnets["centralindia-worker"]: Creating...
azurerm_subnet.regional_subnets["centralindia-worker"]: Creation complete after 7s [id=/subscriptions/2b2f02f7-dde2-47db-974c-47d2182721ae/resourceGroups/myTFResourceGroup/providers/Microsoft.Network/virtualNetworks/vnet-centralindia/subnets/worker-subnet]
azurerm_subnet.regional_subnets["australiaeast-app"]: Creating...
azurerm_subnet.regional_subnets["australiaeast-app"]: Creation complete after 5s [id=/subscriptions/2b2f02f7-dde2-47db-974c-47d2182721ae/resourceGroups/myTFResourceGroup/providers/Microsoft.Network/virtualNetworks/vnet-australiaeast/subnets/app-subnet]
azurerm_subnet.regional_subnets["centralindia-app"]: Creating...
azurerm_subnet.regional_subnets["centralindia-app"]: Creation complete after 8s [id=/subscriptions/2b2f02f7-dde2-47db-974c-47d2182721ae/resourceGroups/myTFResourceGroup/providers/Microsoft.Network/virtualNetworks/vnet-centralindia/subnets/app-subnet]
azurerm_subnet.regional_subnets["australiaeast-api"]: Creating...
azurerm_subnet.regional_subnets["australiaeast-api"]: Creation complete after 5s [id=/subscriptions/2b2f02f7-dde2-47db-974c-47d2182721ae/resourceGroups/myTFResourceGroup/providers/Microsoft.Network/virtualNetworks/vnet-australiaeast/subnets/api-subnet]
azurerm_subnet.regional_subnets["centralindia-firewall"]: Creating...
azurerm_subnet.regional_subnets["centralindia-firewall"]: Creation complete after 8s [id=/subscriptions/2b2f02f7-dde2-47db-974c-47d2182721ae/resourceGroups/myTFResourceGroup/providers/Microsoft.Network/virtualNetworks/vnet-centralindia/subnets/firewall-subnet]
azurerm_subnet.regional_subnets["australiaeast-web"]: Creating...
azurerm_subnet.regional_subnets["australiaeast-web"]: Creation complete after 6s [id=/subscriptions/2b2f02f7-dde2-47db-974c-47d2182721ae/resourceGroups/myTFResourceGroup/providers/Microsoft.Network/virtualNetworks/vnet-australiaeast/subnets/web-subnet]
azurerm_subnet.regional_subnets["australiaeast-bastion"]: Creating...
azurerm_subnet.regional_subnets["australiaeast-bastion"]: Creation complete after 5s [id=/subscriptions/2b2f02f7-dde2-47db-974c-47d2182721ae/resourceGroups/myTFResourceGroup/providers/Microsoft.Network/virtualNetworks/vnet-australiaeast/subnets/bastion-subnet]
azurerm_subnet.regional_subnets["australiaeast-private_endpoint"]: Creating...
azurerm_subnet.regional_subnets["australiaeast-private_endpoint"]: Creation complete after 5s [id=/subscriptions/2b2f02f7-dde2-47db-974c-47d2182721ae/resourceGroups/myTFResourceGroup/providers/Microsoft.Network/virtualNetworks/vnet-australiaeast/subnets/private_endpoint-subnet]
azurerm_subnet.regional_subnets["centralindia-api"]: Creating...
azurerm_subnet.regional_subnets["centralindia-api"]: Creation complete after 6s [id=/subscriptions/2b2f02f7-dde2-47db-974c-47d2182721ae/resourceGroups/myTFResourceGroup/providers/Microsoft.Network/virtualNetworks/vnet-centralindia/subnets/api-subnet]
azurerm_subnet.regional_subnets["centralindia-gateway"]: Creating...
azurerm_subnet.regional_subnets["centralindia-gateway"]: Creation complete after 6s [id=/subscriptions/2b2f02f7-dde2-47db-974c-47d2182721ae/resourceGroups/myTFResourceGroup/providers/Microsoft.Network/virtualNetworks/vnet-centralindia/subnets/gateway-subnet]
azurerm_subnet.regional_subnets["centralindia-management"]: Creating...
azurerm_subnet.regional_subnets["centralindia-management"]: Creation complete after 7s [id=/subscriptions/2b2f02f7-dde2-47db-974c-47d2182721ae/resourceGroups/myTFResourceGroup/providers/Microsoft.Network/virtualNetworks/vnet-centralindia/subnets/management-subnet]
azurerm_subnet.regional_subnets["centralindia-bastion"]: Creating...
azurerm_subnet.regional_subnets["centralindia-bastion"]: Creation complete after 7s [id=/subscriptions/2b2f02f7-dde2-47db-974c-47d2182721ae/resourceGroups/myTFResourceGroup/providers/Microsoft.Network/virtualNetworks/vnet-centralindia/subnets/bastion-subnet]
azurerm_subnet.regional_subnets["centralindia-web"]: Creating...
azurerm_subnet.regional_subnets["centralindia-web"]: Creation complete after 6s [id=/subscriptions/2b2f02f7-dde2-47db-974c-47d2182721ae/resourceGroups/myTFResourceGroup/providers/Microsoft.Network/virtualNetworks/vnet-centralindia/subnets/web-subnet]
azurerm_subnet.regional_subnets["centralindia-db"]: Creating...
azurerm_subnet.regional_subnets["centralindia-db"]: Creation complete after 7s [id=/subscriptions/2b2f02f7-dde2-47db-974c-47d2182721ae/resourceGroups/myTFResourceGroup/providers/Microsoft.Network/virtualNetworks/vnet-centralindia/subnets/db-subnet]
azurerm_subnet_network_security_group_association.regional_assoc["centralindia-management"]: Creating...
azurerm_subnet_network_security_group_association.regional_assoc["centralindia-management"]: Creation complete after 7s [id=/subscriptions/2b2f02f7-dde2-47db-974c-47d2182721ae/resourceGroups/myTFResourceGroup/providers/Microsoft.Network/virtualNetworks/vnet-centralindia/subnets/management-subnet]
azurerm_subnet_network_security_group_association.regional_assoc["australiaeast-management"]: Creating...
azurerm_subnet_network_security_group_association.regional_assoc["australiaeast-management"]: Creation complete after 6s [id=/subscriptions/2b2f02f7-dde2-47db-974c-47d2182721ae/resourceGroups/myTFResourceGroup/providers/Microsoft.Network/virtualNetworks/vnet-australiaeast/subnets/management-subnet]
azurerm_subnet_network_security_group_association.regional_assoc["centralindia-private_endpoint"]: Creating...
azurerm_subnet_network_security_group_association.regional_assoc["centralindia-private_endpoint"]: Creation complete after 6s [id=/subscriptions/2b2f02f7-dde2-47db-974c-47d2182721ae/resourceGroups/myTFResourceGroup/providers/Microsoft.Network/virtualNetworks/vnet-centralindia/subnets/private_endpoint-subnet]
azurerm_subnet_network_security_group_association.regional_assoc["australiaeast-db"]: Creating...
azurerm_subnet_network_security_group_association.regional_assoc["australiaeast-db"]: Creation complete after 6s [id=/subscriptions/2b2f02f7-dde2-47db-974c-47d2182721ae/resourceGroups/myTFResourceGroup/providers/Microsoft.Network/virtualNetworks/vnet-australiaeast/subnets/db-subnet]
azurerm_subnet_network_security_group_association.regional_assoc["australiaeast-bastion"]: Creating...
azurerm_subnet_network_security_group_association.regional_assoc["australiaeast-bastion"]: Creation complete after 6s [id=/subscriptions/2b2f02f7-dde2-47db-974c-47d2182721ae/resourceGroups/myTFResourceGroup/providers/Microsoft.Network/virtualNetworks/vnet-australiaeast/subnets/bastion-subnet]
azurerm_subnet_network_security_group_association.regional_assoc["australiaeast-gateway"]: Creating...
azurerm_subnet_network_security_group_association.regional_assoc["australiaeast-gateway"]: Creation complete after 5s [id=/subscriptions/2b2f02f7-dde2-47db-974c-47d2182721ae/resourceGroups/myTFResourceGroup/providers/Microsoft.Network/virtualNetworks/vnet-australiaeast/subnets/gateway-subnet]
azurerm_subnet_network_security_group_association.regional_assoc["centralindia-cicd"]: Creating...
azurerm_subnet_network_security_group_association.regional_assoc["centralindia-cicd"]: Creation complete after 7s [id=/subscriptions/2b2f02f7-dde2-47db-974c-47d2182721ae/resourceGroups/myTFResourceGroup/providers/Microsoft.Network/virtualNetworks/vnet-centralindia/subnets/cicd-subnet]
azurerm_subnet_network_security_group_association.regional_assoc["australiaeast-private_endpoint"]: Creating...
azurerm_subnet_network_security_group_association.regional_assoc["australiaeast-private_endpoint"]: Creation complete after 5s [id=/subscriptions/2b2f02f7-dde2-47db-974c-47d2182721ae/resourceGroups/myTFResourceGroup/providers/Microsoft.Network/virtualNetworks/vnet-australiaeast/subnets/private_endpoint-subnet]
azurerm_subnet_network_security_group_association.regional_assoc["centralindia-worker"]: Creating...
azurerm_subnet_network_security_group_association.regional_assoc["centralindia-worker"]: Creation complete after 7s [id=/subscriptions/2b2f02f7-dde2-47db-974c-47d2182721ae/resourceGroups/myTFResourceGroup/providers/Microsoft.Network/virtualNetworks/vnet-centralindia/subnets/worker-subnet]
azurerm_subnet_network_security_group_association.regional_assoc["centralindia-app"]: Creating...
azurerm_subnet_network_security_group_association.regional_assoc["centralindia-app"]: Creation complete after 7s [id=/subscriptions/2b2f02f7-dde2-47db-974c-47d2182721ae/resourceGroups/myTFResourceGroup/providers/Microsoft.Network/virtualNetworks/vnet-centralindia/subnets/app-subnet]
azurerm_subnet_network_security_group_association.regional_assoc["australiaeast-cicd"]: Creating...
azurerm_subnet_network_security_group_association.regional_assoc["australiaeast-cicd"]: Creation complete after 5s [id=/subscriptions/2b2f02f7-dde2-47db-974c-47d2182721ae/resourceGroups/myTFResourceGroup/providers/Microsoft.Network/virtualNetworks/vnet-australiaeast/subnets/cicd-subnet]
azurerm_subnet_network_security_group_association.regional_assoc["australiaeast-firewall"]: Creating...
azurerm_subnet_network_security_group_association.regional_assoc["australiaeast-firewall"]: Creation complete after 5s [id=/subscriptions/2b2f02f7-dde2-47db-974c-47d2182721ae/resourceGroups/myTFResourceGroup/providers/Microsoft.Network/virtualNetworks/vnet-australiaeast/subnets/firewall-subnet]
azurerm_subnet_network_security_group_association.regional_assoc["centralindia-db"]: Creating...
azurerm_subnet_network_security_group_association.regional_assoc["centralindia-db"]: Creation complete after 7s [id=/subscriptions/2b2f02f7-dde2-47db-974c-47d2182721ae/resourceGroups/myTFResourceGroup/providers/Microsoft.Network/virtualNetworks/vnet-centralindia/subnets/db-subnet]
azurerm_subnet_network_security_group_association.regional_assoc["australiaeast-api"]: Creating...
azurerm_subnet_network_security_group_association.regional_assoc["australiaeast-api"]: Creation complete after 6s [id=/subscriptions/2b2f02f7-dde2-47db-974c-47d2182721ae/resourceGroups/myTFResourceGroup/providers/Microsoft.Network/virtualNetworks/vnet-australiaeast/subnets/api-subnet]
azurerm_subnet_network_security_group_association.regional_assoc["centralindia-gateway"]: Creating...
azurerm_subnet_network_security_group_association.regional_assoc["centralindia-gateway"]: Creation complete after 6s [id=/subscriptions/2b2f02f7-dde2-47db-974c-47d2182721ae/resourceGroups/myTFResourceGroup/providers/Microsoft.Network/virtualNetworks/vnet-centralindia/subnets/gateway-subnet]
azurerm_subnet_network_security_group_association.regional_assoc["centralindia-firewall"]: Creating...
azurerm_subnet_network_security_group_association.regional_assoc["centralindia-firewall"]: Creation complete after 7s [id=/subscriptions/2b2f02f7-dde2-47db-974c-47d2182721ae/resourceGroups/myTFResourceGroup/providers/Microsoft.Network/virtualNetworks/vnet-centralindia/subnets/firewall-subnet]
azurerm_subnet_network_security_group_association.regional_assoc["centralindia-bastion"]: Creating...
azurerm_subnet_network_security_group_association.regional_assoc["centralindia-bastion"]: Creation complete after 7s [id=/subscriptions/2b2f02f7-dde2-47db-974c-47d2182721ae/resourceGroups/myTFResourceGroup/providers/Microsoft.Network/virtualNetworks/vnet-centralindia/subnets/bastion-subnet]
azurerm_subnet_network_security_group_association.regional_assoc["centralindia-web"]: Creating...
azurerm_subnet_network_security_group_association.regional_assoc["centralindia-web"]: Creation complete after 6s [id=/subscriptions/2b2f02f7-dde2-47db-974c-47d2182721ae/resourceGroups/myTFResourceGroup/providers/Microsoft.Network/virtualNetworks/vnet-centralindia/subnets/web-subnet]
azurerm_subnet_network_security_group_association.regional_assoc["australiaeast-web"]: Creating...
azurerm_subnet_network_security_group_association.regional_assoc["australiaeast-web"]: Creation complete after 5s [id=/subscriptions/2b2f02f7-dde2-47db-974c-47d2182721ae/resourceGroups/myTFResourceGroup/providers/Microsoft.Network/virtualNetworks/vnet-australiaeast/subnets/web-subnet]
azurerm_subnet_network_security_group_association.regional_assoc["centralindia-monitoring"]: Creating...
azurerm_subnet_network_security_group_association.regional_assoc["centralindia-monitoring"]: Creation complete after 6s [id=/subscriptions/2b2f02f7-dde2-47db-974c-47d2182721ae/resourceGroups/myTFResourceGroup/providers/Microsoft.Network/virtualNetworks/vnet-centralindia/subnets/monitoring-subnet]
azurerm_subnet_network_security_group_association.regional_assoc["australiaeast-monitoring"]: Creating...
azurerm_subnet_network_security_group_association.regional_assoc["australiaeast-monitoring"]: Creation complete after 6s [id=/subscriptions/2b2f02f7-dde2-47db-974c-47d2182721ae/resourceGroups/myTFResourceGroup/providers/Microsoft.Network/virtualNetworks/vnet-australiaeast/subnets/monitoring-subnet]
azurerm_subnet_network_security_group_association.regional_assoc["centralindia-api"]: Creating...
azurerm_subnet_network_security_group_association.regional_assoc["centralindia-api"]: Creation complete after 6s [id=/subscriptions/2b2f02f7-dde2-47db-974c-47d2182721ae/resourceGroups/myTFResourceGroup/providers/Microsoft.Network/virtualNetworks/vnet-centralindia/subnets/api-subnet]
azurerm_subnet_network_security_group_association.regional_assoc["australiaeast-worker"]: Creating...
azurerm_subnet_network_security_group_association.regional_assoc["australiaeast-worker"]: Creation complete after 5s [id=/subscriptions/2b2f02f7-dde2-47db-974c-47d2182721ae/resourceGroups/myTFResourceGroup/providers/Microsoft.Network/virtualNetworks/vnet-australiaeast/subnets/worker-subnet]
azurerm_subnet_network_security_group_association.regional_assoc["australiaeast-app"]: Creating...
azurerm_subnet_network_security_group_association.regional_assoc["australiaeast-app"]: Creation complete after 7s [id=/subscriptions/2b2f02f7-dde2-47db-974c-47d2182721ae/resourceGroups/myTFResourceGroup/providers/Microsoft.Network/virtualNetworks/vnet-australiaeast/subnets/app-subnet]
Releasing state lock. This may take a few moments...

Apply complete! Resources: 74 added, 0 changed, 0 destroyed.

Outputs:

debug_tags = {
  "creation_run_id" = "465"
  "creation_time" = "2026-05-20T12:16:24Z"
  "deployment_id" = "prodmyapp"
  "environment" = "prod"
  "managed_by" = "terraform"
}
