Acquiring state lock. This may take a few moments...
azurerm_subnet_route_table_association.private_assoc["australiaeast-private_endpoint"]: Creating...
azurerm_subnet_route_table_association.private_assoc["australiaeast-private_endpoint"]: Creation complete after 7s [id=/subscriptions/2b2f02f7-dde2-47db-974c-47d2182721ae/resourceGroups/myTFResourceGroup/providers/Microsoft.Network/virtualNetworks/vnet-australiaeast/subnets/private_endpoint-subnet]
azurerm_subnet_route_table_association.private_assoc["australiaeast-management"]: Creating...
azurerm_subnet_route_table_association.private_assoc["australiaeast-management"]: Creation complete after 6s [id=/subscriptions/2b2f02f7-dde2-47db-974c-47d2182721ae/resourceGroups/myTFResourceGroup/providers/Microsoft.Network/virtualNetworks/vnet-australiaeast/subnets/management-subnet]
azurerm_subnet_route_table_association.public_assoc["centralindia-web"]: Creating...
azurerm_subnet_route_table_association.public_assoc["centralindia-web"]: Creation complete after 7s [id=/subscriptions/2b2f02f7-dde2-47db-974c-47d2182721ae/resourceGroups/myTFResourceGroup/providers/Microsoft.Network/virtualNetworks/vnet-centralindia/subnets/web-subnet]
azurerm_subnet_route_table_association.private_assoc["centralindia-db"]: Creating...
azurerm_subnet_route_table_association.private_assoc["centralindia-db"]: Creation complete after 6s [id=/subscriptions/2b2f02f7-dde2-47db-974c-47d2182721ae/resourceGroups/myTFResourceGroup/providers/Microsoft.Network/virtualNetworks/vnet-centralindia/subnets/db-subnet]
azurerm_subnet_route_table_association.private_assoc["australiaeast-db"]: Creating...
azurerm_subnet_route_table_association.private_assoc["australiaeast-db"]: Creation complete after 6s [id=/subscriptions/2b2f02f7-dde2-47db-974c-47d2182721ae/resourceGroups/myTFResourceGroup/providers/Microsoft.Network/virtualNetworks/vnet-australiaeast/subnets/db-subnet]
azurerm_subnet_route_table_association.private_assoc["centralindia-private_endpoint"]: Creating...
azurerm_subnet_route_table_association.private_assoc["centralindia-private_endpoint"]: Creation complete after 6s [id=/subscriptions/2b2f02f7-dde2-47db-974c-47d2182721ae/resourceGroups/myTFResourceGroup/providers/Microsoft.Network/virtualNetworks/vnet-centralindia/subnets/private_endpoint-subnet]
azurerm_subnet_route_table_association.public_assoc["australiaeast-api"]: Creating...
azurerm_subnet_route_table_association.public_assoc["australiaeast-api"]: Creation complete after 5s [id=/subscriptions/2b2f02f7-dde2-47db-974c-47d2182721ae/resourceGroups/myTFResourceGroup/providers/Microsoft.Network/virtualNetworks/vnet-australiaeast/subnets/api-subnet]
azurerm_subnet_route_table_association.public_assoc["centralindia-worker"]: Creating...
azurerm_subnet_route_table_association.public_assoc["centralindia-worker"]: Creation complete after 7s [id=/subscriptions/2b2f02f7-dde2-47db-974c-47d2182721ae/resourceGroups/myTFResourceGroup/providers/Microsoft.Network/virtualNetworks/vnet-centralindia/subnets/worker-subnet]
azurerm_subnet_route_table_association.public_assoc["australiaeast-web"]: Creating...
azurerm_subnet_route_table_association.public_assoc["australiaeast-web"]: Creation complete after 6s [id=/subscriptions/2b2f02f7-dde2-47db-974c-47d2182721ae/resourceGroups/myTFResourceGroup/providers/Microsoft.Network/virtualNetworks/vnet-australiaeast/subnets/web-subnet]
azurerm_subnet_route_table_association.public_assoc["australiaeast-cicd"]: Creating...
azurerm_subnet_route_table_association.public_assoc["australiaeast-cicd"]: Creation complete after 5s [id=/subscriptions/2b2f02f7-dde2-47db-974c-47d2182721ae/resourceGroups/myTFResourceGroup/providers/Microsoft.Network/virtualNetworks/vnet-australiaeast/subnets/cicd-subnet]
azurerm_subnet_route_table_association.public_assoc["centralindia-cicd"]: Creating...
azurerm_subnet_route_table_association.public_assoc["centralindia-cicd"]: Creation complete after 8s [id=/subscriptions/2b2f02f7-dde2-47db-974c-47d2182721ae/resourceGroups/myTFResourceGroup/providers/Microsoft.Network/virtualNetworks/vnet-centralindia/subnets/cicd-subnet]
azurerm_subnet_route_table_association.public_assoc["australiaeast-worker"]: Creating...
azurerm_subnet_route_table_association.public_assoc["australiaeast-worker"]: Creation complete after 5s [id=/subscriptions/2b2f02f7-dde2-47db-974c-47d2182721ae/resourceGroups/myTFResourceGroup/providers/Microsoft.Network/virtualNetworks/vnet-australiaeast/subnets/worker-subnet]
azurerm_subnet_route_table_association.public_assoc["centralindia-api"]: Creating...
azurerm_subnet_route_table_association.public_assoc["centralindia-api"]: Creation complete after 7s [id=/subscriptions/2b2f02f7-dde2-47db-974c-47d2182721ae/resourceGroups/myTFResourceGroup/providers/Microsoft.Network/virtualNetworks/vnet-centralindia/subnets/api-subnet]
azurerm_subnet_route_table_association.public_assoc["australiaeast-app"]: Creating...
azurerm_subnet_route_table_association.public_assoc["australiaeast-app"]: Creation complete after 6s [id=/subscriptions/2b2f02f7-dde2-47db-974c-47d2182721ae/resourceGroups/myTFResourceGroup/providers/Microsoft.Network/virtualNetworks/vnet-australiaeast/subnets/app-subnet]
azurerm_subnet_route_table_association.public_assoc["centralindia-app"]: Creating...
azurerm_subnet_route_table_association.public_assoc["centralindia-app"]: Creation complete after 7s [id=/subscriptions/2b2f02f7-dde2-47db-974c-47d2182721ae/resourceGroups/myTFResourceGroup/providers/Microsoft.Network/virtualNetworks/vnet-centralindia/subnets/app-subnet]
azurerm_subnet_route_table_association.private_assoc["centralindia-management"]: Creating...
azurerm_subnet_route_table_association.private_assoc["centralindia-management"]: Creation complete after 6s [id=/subscriptions/2b2f02f7-dde2-47db-974c-47d2182721ae/resourceGroups/myTFResourceGroup/providers/Microsoft.Network/virtualNetworks/vnet-centralindia/subnets/management-subnet]
Releasing state lock. This may take a few moments...

Apply complete! Resources: 16 added, 0 changed, 0 destroyed.

Outputs:

debug_tags = {
  "creation_run_id" = "493"
  "creation_time" = "2026-05-24T12:58:57Z"
  "deployment_id" = "prodmyapp"
  "environment" = "prod"
  "managed_by" = "terraform"
}
