Acquiring state lock. This may take a few moments...
azurerm_subnet.regional_subnets["australiaeast-db"]: Creating...
azurerm_subnet.regional_subnets["australiaeast-db"]: Creation complete after 7s [id=/subscriptions/2b2f02f7-dde2-47db-974c-47d2182721ae/resourceGroups/myTFResourceGroup/providers/Microsoft.Network/virtualNetworks/vnet-australiaeast/subnets/db-subnet]
azurerm_subnet.regional_subnets["centralindia-firewall"]: Creating...
azurerm_subnet.regional_subnets["centralindia-firewall"]: Creation complete after 7s [id=/subscriptions/2b2f02f7-dde2-47db-974c-47d2182721ae/resourceGroups/myTFResourceGroup/providers/Microsoft.Network/virtualNetworks/vnet-centralindia/subnets/AzureFirewallSubnet]
azurerm_subnet.regional_subnets["centralindia-worker"]: Creating...
azurerm_subnet.regional_subnets["centralindia-worker"]: Creation complete after 8s [id=/subscriptions/2b2f02f7-dde2-47db-974c-47d2182721ae/resourceGroups/myTFResourceGroup/providers/Microsoft.Network/virtualNetworks/vnet-centralindia/subnets/worker-subnet]
azurerm_subnet.regional_subnets["australiaeast-worker"]: Creating...
azurerm_subnet.regional_subnets["australiaeast-worker"]: Creation complete after 7s [id=/subscriptions/2b2f02f7-dde2-47db-974c-47d2182721ae/resourceGroups/myTFResourceGroup/providers/Microsoft.Network/virtualNetworks/vnet-australiaeast/subnets/worker-subnet]
azurerm_subnet.regional_subnets["australiaeast-bastion"]: Creating...
azurerm_subnet.regional_subnets["australiaeast-bastion"]: Creation complete after 6s [id=/subscriptions/2b2f02f7-dde2-47db-974c-47d2182721ae/resourceGroups/myTFResourceGroup/providers/Microsoft.Network/virtualNetworks/vnet-australiaeast/subnets/AzureBastionSubnet]
azurerm_subnet.regional_subnets["centralindia-api"]: Creating...
azurerm_subnet.regional_subnets["centralindia-api"]: Creation complete after 8s [id=/subscriptions/2b2f02f7-dde2-47db-974c-47d2182721ae/resourceGroups/myTFResourceGroup/providers/Microsoft.Network/virtualNetworks/vnet-centralindia/subnets/api-subnet]
azurerm_subnet.regional_subnets["australiaeast-monitoring"]: Creating...
azurerm_subnet.regional_subnets["australiaeast-monitoring"]: Creation complete after 6s [id=/subscriptions/2b2f02f7-dde2-47db-974c-47d2182721ae/resourceGroups/myTFResourceGroup/providers/Microsoft.Network/virtualNetworks/vnet-australiaeast/subnets/monitoring-subnet]
azurerm_subnet.regional_subnets["centralindia-private_endpoint"]: Creating...
azurerm_subnet.regional_subnets["centralindia-private_endpoint"]: Creation complete after 7s [id=/subscriptions/2b2f02f7-dde2-47db-974c-47d2182721ae/resourceGroups/myTFResourceGroup/providers/Microsoft.Network/virtualNetworks/vnet-centralindia/subnets/private_endpoint-subnet]
azurerm_subnet.regional_subnets["centralindia-gateway"]: Creating...
azurerm_subnet.regional_subnets["centralindia-gateway"]: Creation complete after 8s [id=/subscriptions/2b2f02f7-dde2-47db-974c-47d2182721ae/resourceGroups/myTFResourceGroup/providers/Microsoft.Network/virtualNetworks/vnet-centralindia/subnets/GatewaySubnet]
azurerm_subnet.regional_subnets["centralindia-management"]: Creating...
azurerm_subnet.regional_subnets["centralindia-management"]: Creation complete after 7s [id=/subscriptions/2b2f02f7-dde2-47db-974c-47d2182721ae/resourceGroups/myTFResourceGroup/providers/Microsoft.Network/virtualNetworks/vnet-centralindia/subnets/management-subnet]
azurerm_subnet.regional_subnets["australiaeast-firewall"]: Creating...
azurerm_subnet.regional_subnets["australiaeast-firewall"]: Creation complete after 5s [id=/subscriptions/2b2f02f7-dde2-47db-974c-47d2182721ae/resourceGroups/myTFResourceGroup/providers/Microsoft.Network/virtualNetworks/vnet-australiaeast/subnets/AzureFirewallSubnet]
azurerm_subnet.regional_subnets["centralindia-web"]: Creating...
azurerm_subnet.regional_subnets["centralindia-web"]: Creation complete after 7s [id=/subscriptions/2b2f02f7-dde2-47db-974c-47d2182721ae/resourceGroups/myTFResourceGroup/providers/Microsoft.Network/virtualNetworks/vnet-centralindia/subnets/web-subnet]
azurerm_subnet.regional_subnets["australiaeast-app"]: Creating...
azurerm_subnet.regional_subnets["australiaeast-app"]: Creation complete after 6s [id=/subscriptions/2b2f02f7-dde2-47db-974c-47d2182721ae/resourceGroups/myTFResourceGroup/providers/Microsoft.Network/virtualNetworks/vnet-australiaeast/subnets/app-subnet]
azurerm_subnet.regional_subnets["australiaeast-private_endpoint"]: Creating...
azurerm_subnet.regional_subnets["australiaeast-private_endpoint"]: Creation complete after 5s [id=/subscriptions/2b2f02f7-dde2-47db-974c-47d2182721ae/resourceGroups/myTFResourceGroup/providers/Microsoft.Network/virtualNetworks/vnet-australiaeast/subnets/private_endpoint-subnet]
azurerm_subnet.regional_subnets["centralindia-cicd"]: Creating...
azurerm_subnet.regional_subnets["centralindia-cicd"]: Creation complete after 7s [id=/subscriptions/2b2f02f7-dde2-47db-974c-47d2182721ae/resourceGroups/myTFResourceGroup/providers/Microsoft.Network/virtualNetworks/vnet-centralindia/subnets/cicd-subnet]
azurerm_subnet.regional_subnets["centralindia-monitoring"]: Creating...
azurerm_subnet.regional_subnets["centralindia-monitoring"]: Creation complete after 8s [id=/subscriptions/2b2f02f7-dde2-47db-974c-47d2182721ae/resourceGroups/myTFResourceGroup/providers/Microsoft.Network/virtualNetworks/vnet-centralindia/subnets/monitoring-subnet]
azurerm_subnet.regional_subnets["australiaeast-api"]: Creating...
azurerm_subnet.regional_subnets["australiaeast-api"]: Creation complete after 6s [id=/subscriptions/2b2f02f7-dde2-47db-974c-47d2182721ae/resourceGroups/myTFResourceGroup/providers/Microsoft.Network/virtualNetworks/vnet-australiaeast/subnets/api-subnet]
azurerm_subnet.regional_subnets["australiaeast-management"]: Creating...
azurerm_subnet.regional_subnets["australiaeast-management"]: Creation complete after 6s [id=/subscriptions/2b2f02f7-dde2-47db-974c-47d2182721ae/resourceGroups/myTFResourceGroup/providers/Microsoft.Network/virtualNetworks/vnet-australiaeast/subnets/management-subnet]
azurerm_subnet.regional_subnets["australiaeast-gateway"]: Creating...
azurerm_subnet.regional_subnets["australiaeast-gateway"]: Creation complete after 6s [id=/subscriptions/2b2f02f7-dde2-47db-974c-47d2182721ae/resourceGroups/myTFResourceGroup/providers/Microsoft.Network/virtualNetworks/vnet-australiaeast/subnets/GatewaySubnet]
azurerm_subnet.regional_subnets["centralindia-app"]: Creating...
azurerm_subnet.regional_subnets["centralindia-app"]: Creation complete after 7s [id=/subscriptions/2b2f02f7-dde2-47db-974c-47d2182721ae/resourceGroups/myTFResourceGroup/providers/Microsoft.Network/virtualNetworks/vnet-centralindia/subnets/app-subnet]
azurerm_subnet.regional_subnets["australiaeast-cicd"]: Creating...
azurerm_subnet.regional_subnets["australiaeast-cicd"]: Creation complete after 5s [id=/subscriptions/2b2f02f7-dde2-47db-974c-47d2182721ae/resourceGroups/myTFResourceGroup/providers/Microsoft.Network/virtualNetworks/vnet-australiaeast/subnets/cicd-subnet]
azurerm_subnet.regional_subnets["centralindia-bastion"]: Creating...
azurerm_subnet.regional_subnets["centralindia-bastion"]: Creation complete after 6s [id=/subscriptions/2b2f02f7-dde2-47db-974c-47d2182721ae/resourceGroups/myTFResourceGroup/providers/Microsoft.Network/virtualNetworks/vnet-centralindia/subnets/AzureBastionSubnet]
azurerm_subnet.regional_subnets["centralindia-db"]: Creating...
azurerm_subnet.regional_subnets["centralindia-db"]: Creation complete after 6s [id=/subscriptions/2b2f02f7-dde2-47db-974c-47d2182721ae/resourceGroups/myTFResourceGroup/providers/Microsoft.Network/virtualNetworks/vnet-centralindia/subnets/db-subnet]
azurerm_subnet.regional_subnets["australiaeast-web"]: Creating...
azurerm_subnet.regional_subnets["australiaeast-web"]: Creation complete after 6s [id=/subscriptions/2b2f02f7-dde2-47db-974c-47d2182721ae/resourceGroups/myTFResourceGroup/providers/Microsoft.Network/virtualNetworks/vnet-australiaeast/subnets/web-subnet]
Releasing state lock. This may take a few moments...

Apply complete! Resources: 24 added, 0 changed, 0 destroyed.

Outputs:

debug_tags = {
  "creation_run_id" = "487"
  "creation_time" = "2026-05-24T06:29:58Z"
  "deployment_id" = "prodmyapp"
  "environment" = "prod"
  "managed_by" = "terraform"
}
