Acquiring state lock. This may take a few moments...
azurerm_public_ip.bastion_pip: Creating...
azurerm_public_ip.bastion_pip: Creation complete after 5s [id=/subscriptions/2b2f02f7-dde2-47db-974c-47d2182721ae/resourceGroups/myTFResourceGroup/providers/Microsoft.Network/publicIPAddresses/pip-bastion]
azurerm_bastion_host.main: Creating...
azurerm_bastion_host.main: Still creating... [00m10s elapsed]
azurerm_bastion_host.main: Still creating... [00m20s elapsed]
azurerm_bastion_host.main: Still creating... [00m30s elapsed]
azurerm_bastion_host.main: Still creating... [00m40s elapsed]
azurerm_bastion_host.main: Still creating... [00m50s elapsed]
azurerm_bastion_host.main: Still creating... [01m00s elapsed]
azurerm_bastion_host.main: Still creating... [01m10s elapsed]
azurerm_bastion_host.main: Still creating... [01m20s elapsed]
azurerm_bastion_host.main: Still creating... [01m30s elapsed]
azurerm_bastion_host.main: Still creating... [01m40s elapsed]
azurerm_bastion_host.main: Still creating... [01m50s elapsed]
azurerm_bastion_host.main: Still creating... [02m00s elapsed]
azurerm_bastion_host.main: Still creating... [02m10s elapsed]
azurerm_bastion_host.main: Still creating... [02m20s elapsed]
azurerm_bastion_host.main: Still creating... [02m30s elapsed]
azurerm_bastion_host.main: Still creating... [02m40s elapsed]
azurerm_bastion_host.main: Still creating... [02m50s elapsed]
azurerm_bastion_host.main: Still creating... [03m00s elapsed]
azurerm_bastion_host.main: Still creating... [03m10s elapsed]
azurerm_bastion_host.main: Still creating... [03m20s elapsed]
azurerm_bastion_host.main: Still creating... [03m30s elapsed]
azurerm_bastion_host.main: Still creating... [03m40s elapsed]
azurerm_bastion_host.main: Still creating... [03m50s elapsed]
azurerm_bastion_host.main: Still creating... [04m00s elapsed]
azurerm_bastion_host.main: Still creating... [04m10s elapsed]
azurerm_bastion_host.main: Still creating... [04m20s elapsed]
azurerm_bastion_host.main: Still creating... [04m30s elapsed]
azurerm_bastion_host.main: Still creating... [04m40s elapsed]
azurerm_bastion_host.main: Still creating... [04m50s elapsed]
azurerm_bastion_host.main: Still creating... [05m00s elapsed]
azurerm_bastion_host.main: Still creating... [05m10s elapsed]
azurerm_bastion_host.main: Still creating... [05m20s elapsed]
azurerm_bastion_host.main: Still creating... [05m30s elapsed]
azurerm_bastion_host.main: Still creating... [05m40s elapsed]
azurerm_bastion_host.main: Still creating... [05m50s elapsed]
azurerm_bastion_host.main: Still creating... [06m00s elapsed]
azurerm_bastion_host.main: Still creating... [06m10s elapsed]
azurerm_bastion_host.main: Still creating... [06m20s elapsed]
azurerm_bastion_host.main: Still creating... [06m30s elapsed]
azurerm_bastion_host.main: Still creating... [06m40s elapsed]
azurerm_bastion_host.main: Still creating... [06m50s elapsed]
azurerm_bastion_host.main: Still creating... [07m00s elapsed]
azurerm_bastion_host.main: Still creating... [07m10s elapsed]
azurerm_bastion_host.main: Still creating... [07m20s elapsed]
azurerm_bastion_host.main: Still creating... [07m30s elapsed]
azurerm_bastion_host.main: Still creating... [07m40s elapsed]
azurerm_bastion_host.main: Still creating... [07m50s elapsed]
azurerm_bastion_host.main: Still creating... [08m00s elapsed]
azurerm_bastion_host.main: Still creating... [08m10s elapsed]
azurerm_bastion_host.main: Still creating... [08m20s elapsed]
azurerm_bastion_host.main: Still creating... [08m30s elapsed]
azurerm_bastion_host.main: Still creating... [08m40s elapsed]
azurerm_bastion_host.main: Still creating... [08m50s elapsed]
azurerm_bastion_host.main: Still creating... [09m00s elapsed]
azurerm_bastion_host.main: Still creating... [09m10s elapsed]
azurerm_bastion_host.main: Still creating... [09m20s elapsed]
azurerm_bastion_host.main: Still creating... [09m30s elapsed]
azurerm_bastion_host.main: Still creating... [09m40s elapsed]
azurerm_bastion_host.main: Still creating... [09m50s elapsed]
azurerm_bastion_host.main: Still creating... [10m00s elapsed]
azurerm_bastion_host.main: Still creating... [10m10s elapsed]
azurerm_bastion_host.main: Still creating... [10m20s elapsed]
azurerm_bastion_host.main: Still creating... [10m30s elapsed]
azurerm_bastion_host.main: Still creating... [10m40s elapsed]
azurerm_bastion_host.main: Still creating... [10m50s elapsed]
azurerm_bastion_host.main: Still creating... [11m00s elapsed]
azurerm_bastion_host.main: Still creating... [11m10s elapsed]
azurerm_bastion_host.main: Still creating... [11m20s elapsed]
azurerm_bastion_host.main: Still creating... [11m30s elapsed]
azurerm_bastion_host.main: Creation complete after 11m37s [id=/subscriptions/2b2f02f7-dde2-47db-974c-47d2182721ae/resourceGroups/myTFResourceGroup/providers/Microsoft.Network/bastionHosts/bastion-prodmyapp]
Releasing state lock. This may take a few moments...

Apply complete! Resources: 2 added, 0 changed, 0 destroyed.

Outputs:

debug_tags = {
  "creation_run_id" = "498"
  "creation_time" = "2026-05-24T19:13:43Z"
  "deployment_id" = "prodmyapp"
  "environment" = "prod"
  "managed_by" = "terraform"
}
