Acquiring state lock. This may take a few moments...
azurerm_disk_encryption_set.regional_des["australiaeast"]: Creating...
azurerm_disk_encryption_set.regional_des["australiaeast"]: Still creating... [00m10s elapsed]
azurerm_disk_encryption_set.regional_des["australiaeast"]: Creation complete after 18s [id=/subscriptions/2b2f02f7-dde2-47db-974c-47d2182721ae/resourceGroups/myTFResourceGroup/providers/Microsoft.Compute/diskEncryptionSets/des-australiaeast]
azurerm_disk_encryption_set.regional_des["centralindia"]: Creating...
azurerm_disk_encryption_set.regional_des["centralindia"]: Still creating... [00m10s elapsed]
azurerm_disk_encryption_set.regional_des["centralindia"]: Creation complete after 16s [id=/subscriptions/2b2f02f7-dde2-47db-974c-47d2182721ae/resourceGroups/myTFResourceGroup/providers/Microsoft.Compute/diskEncryptionSets/des-centralindia]
azurerm_role_assignment.regional_des_kv_crypto["centralindia"]: Creating...
azurerm_role_assignment.regional_des_kv_crypto["centralindia"]: Still creating... [00m10s elapsed]
azurerm_role_assignment.regional_des_kv_crypto["centralindia"]: Still creating... [00m20s elapsed]
azurerm_role_assignment.regional_des_kv_crypto["centralindia"]: Still creating... [00m30s elapsed]
azurerm_role_assignment.regional_des_kv_crypto["centralindia"]: Creation complete after 31s [id=/subscriptions/2b2f02f7-dde2-47db-974c-47d2182721ae/resourceGroups/myTFResourceGroup/providers/Microsoft.KeyVault/vaults/prodmyappkv/providers/Microsoft.Authorization/roleAssignments/12c7a8a2-25b8-8b49-3b9a-d6ad3804f64d]
azurerm_role_assignment.regional_des_kv_crypto["australiaeast"]: Creating...
azurerm_role_assignment.regional_des_kv_crypto["australiaeast"]: Still creating... [00m10s elapsed]
azurerm_role_assignment.regional_des_kv_crypto["australiaeast"]: Still creating... [00m20s elapsed]
azurerm_role_assignment.regional_des_kv_crypto["australiaeast"]: Creation complete after 27s [id=/subscriptions/2b2f02f7-dde2-47db-974c-47d2182721ae/resourceGroups/myTFResourceGroup/providers/Microsoft.KeyVault/vaults/prodmyappkv/providers/Microsoft.Authorization/roleAssignments/7b86eff1-f4dc-595b-56c3-42d9d57db6a1]
time_sleep.wait_for_regional_des_rbac: Creating...
time_sleep.wait_for_regional_des_rbac: Still creating... [00m10s elapsed]
time_sleep.wait_for_regional_des_rbac: Still creating... [00m20s elapsed]
time_sleep.wait_for_regional_des_rbac: Still creating... [00m30s elapsed]
time_sleep.wait_for_regional_des_rbac: Still creating... [00m40s elapsed]
time_sleep.wait_for_regional_des_rbac: Still creating... [00m50s elapsed]
time_sleep.wait_for_regional_des_rbac: Still creating... [01m00s elapsed]
time_sleep.wait_for_regional_des_rbac: Still creating... [01m10s elapsed]
time_sleep.wait_for_regional_des_rbac: Still creating... [01m20s elapsed]
time_sleep.wait_for_regional_des_rbac: Still creating... [01m30s elapsed]
time_sleep.wait_for_regional_des_rbac: Still creating... [01m40s elapsed]
time_sleep.wait_for_regional_des_rbac: Still creating... [01m50s elapsed]
time_sleep.wait_for_regional_des_rbac: Still creating... [02m00s elapsed]
time_sleep.wait_for_regional_des_rbac: Still creating... [02m10s elapsed]
time_sleep.wait_for_regional_des_rbac: Still creating... [02m20s elapsed]
time_sleep.wait_for_regional_des_rbac: Still creating... [02m30s elapsed]
time_sleep.wait_for_regional_des_rbac: Still creating... [02m40s elapsed]
time_sleep.wait_for_regional_des_rbac: Still creating... [02m50s elapsed]
time_sleep.wait_for_regional_des_rbac: Still creating... [03m00s elapsed]
time_sleep.wait_for_regional_des_rbac: Creation complete after 3m0s [id=2026-05-25T13:09:14Z]
Releasing state lock. This may take a few moments...

Apply complete! Resources: 5 added, 0 changed, 0 destroyed.

Outputs:

debug_tags = {
  "creation_run_id" = "501"
  "creation_time" = "2026-05-25T13:04:38Z"
  "deployment_id" = "prodmyapp"
  "environment" = "prod"
  "managed_by" = "terraform"
}
