Acquiring state lock. This may take a few moments...
azurerm_network_security_group.regional_nsgs["centralindia-cicd"]: Creating...
azurerm_network_security_group.regional_nsgs["centralindia-cicd"]: Creation complete after 4s [id=/subscriptions/2b2f02f7-dde2-47db-974c-47d2182721ae/resourceGroups/myTFResourceGroup/providers/Microsoft.Network/networkSecurityGroups/nsg-centralindia-cicd]
azurerm_network_security_group.regional_nsgs["australiaeast-management"]: Creating...
azurerm_network_security_group.regional_nsgs["australiaeast-management"]: Creation complete after 4s [id=/subscriptions/2b2f02f7-dde2-47db-974c-47d2182721ae/resourceGroups/myTFResourceGroup/providers/Microsoft.Network/networkSecurityGroups/nsg-australiaeast-management]
azurerm_network_security_group.regional_nsgs["australiaeast-db"]: Creating...
azurerm_network_security_group.regional_nsgs["australiaeast-db"]: Creation complete after 3s [id=/subscriptions/2b2f02f7-dde2-47db-974c-47d2182721ae/resourceGroups/myTFResourceGroup/providers/Microsoft.Network/networkSecurityGroups/nsg-australiaeast-db]
azurerm_network_security_group.regional_nsgs["centralindia-api"]: Creating...
azurerm_network_security_group.regional_nsgs["centralindia-api"]: Creation complete after 4s [id=/subscriptions/2b2f02f7-dde2-47db-974c-47d2182721ae/resourceGroups/myTFResourceGroup/providers/Microsoft.Network/networkSecurityGroups/nsg-centralindia-api]
azurerm_network_security_group.regional_nsgs["australiaeast-firewall"]: Creating...
azurerm_network_security_group.regional_nsgs["australiaeast-firewall"]: Creation complete after 3s [id=/subscriptions/2b2f02f7-dde2-47db-974c-47d2182721ae/resourceGroups/myTFResourceGroup/providers/Microsoft.Network/networkSecurityGroups/nsg-australiaeast-firewall]
azurerm_network_security_group.regional_nsgs["centralindia-monitoring"]: Creating...
azurerm_network_security_group.regional_nsgs["centralindia-monitoring"]: Creation complete after 3s [id=/subscriptions/2b2f02f7-dde2-47db-974c-47d2182721ae/resourceGroups/myTFResourceGroup/providers/Microsoft.Network/networkSecurityGroups/nsg-centralindia-monitoring]
azurerm_network_security_group.regional_nsgs["australiaeast-cicd"]: Creating...
azurerm_network_security_group.regional_nsgs["australiaeast-cicd"]: Creation complete after 3s [id=/subscriptions/2b2f02f7-dde2-47db-974c-47d2182721ae/resourceGroups/myTFResourceGroup/providers/Microsoft.Network/networkSecurityGroups/nsg-australiaeast-cicd]
azurerm_network_security_group.regional_nsgs["centralindia-app"]: Creating...
azurerm_network_security_group.regional_nsgs["centralindia-app"]: Creation complete after 4s [id=/subscriptions/2b2f02f7-dde2-47db-974c-47d2182721ae/resourceGroups/myTFResourceGroup/providers/Microsoft.Network/networkSecurityGroups/nsg-centralindia-app]
azurerm_network_security_group.regional_nsgs["centralindia-db"]: Creating...
azurerm_network_security_group.regional_nsgs["centralindia-db"]: Creation complete after 4s [id=/subscriptions/2b2f02f7-dde2-47db-974c-47d2182721ae/resourceGroups/myTFResourceGroup/providers/Microsoft.Network/networkSecurityGroups/nsg-centralindia-db]
azurerm_network_security_group.regional_nsgs["australiaeast-private_endpoint"]: Creating...
azurerm_network_security_group.regional_nsgs["australiaeast-private_endpoint"]: Creation complete after 3s [id=/subscriptions/2b2f02f7-dde2-47db-974c-47d2182721ae/resourceGroups/myTFResourceGroup/providers/Microsoft.Network/networkSecurityGroups/nsg-australiaeast-private_endpoint]
azurerm_network_security_group.regional_nsgs["centralindia-private_endpoint"]: Creating...
azurerm_network_security_group.regional_nsgs["centralindia-private_endpoint"]: Creation complete after 3s [id=/subscriptions/2b2f02f7-dde2-47db-974c-47d2182721ae/resourceGroups/myTFResourceGroup/providers/Microsoft.Network/networkSecurityGroups/nsg-centralindia-private_endpoint]
azurerm_network_security_group.regional_nsgs["centralindia-worker"]: Creating...
azurerm_network_security_group.regional_nsgs["centralindia-worker"]: Creation complete after 4s [id=/subscriptions/2b2f02f7-dde2-47db-974c-47d2182721ae/resourceGroups/myTFResourceGroup/providers/Microsoft.Network/networkSecurityGroups/nsg-centralindia-worker]
azurerm_network_security_group.regional_nsgs["australiaeast-monitoring"]: Creating...
azurerm_network_security_group.regional_nsgs["australiaeast-monitoring"]: Creation complete after 3s [id=/subscriptions/2b2f02f7-dde2-47db-974c-47d2182721ae/resourceGroups/myTFResourceGroup/providers/Microsoft.Network/networkSecurityGroups/nsg-australiaeast-monitoring]
azurerm_network_security_group.regional_nsgs["australiaeast-app"]: Creating...
azurerm_network_security_group.regional_nsgs["australiaeast-app"]: Creation complete after 3s [id=/subscriptions/2b2f02f7-dde2-47db-974c-47d2182721ae/resourceGroups/myTFResourceGroup/providers/Microsoft.Network/networkSecurityGroups/nsg-australiaeast-app]
azurerm_network_security_group.regional_nsgs["centralindia-web"]: Creating...
azurerm_network_security_group.regional_nsgs["centralindia-web"]: Creation complete after 3s [id=/subscriptions/2b2f02f7-dde2-47db-974c-47d2182721ae/resourceGroups/myTFResourceGroup/providers/Microsoft.Network/networkSecurityGroups/nsg-centralindia-web]
azurerm_network_security_group.regional_nsgs["centralindia-gateway"]: Creating...
azurerm_network_security_group.regional_nsgs["centralindia-gateway"]: Creation complete after 3s [id=/subscriptions/2b2f02f7-dde2-47db-974c-47d2182721ae/resourceGroups/myTFResourceGroup/providers/Microsoft.Network/networkSecurityGroups/nsg-centralindia-gateway]
azurerm_network_security_group.regional_nsgs["centralindia-bastion"]: Creating...
azurerm_network_security_group.regional_nsgs["centralindia-bastion"]: Creation complete after 5s [id=/subscriptions/2b2f02f7-dde2-47db-974c-47d2182721ae/resourceGroups/myTFResourceGroup/providers/Microsoft.Network/networkSecurityGroups/nsg-centralindia-bastion]
azurerm_network_security_group.regional_nsgs["australiaeast-gateway"]: Creating...
azurerm_network_security_group.regional_nsgs["australiaeast-gateway"]: Creation complete after 3s [id=/subscriptions/2b2f02f7-dde2-47db-974c-47d2182721ae/resourceGroups/myTFResourceGroup/providers/Microsoft.Network/networkSecurityGroups/nsg-australiaeast-gateway]
azurerm_network_security_group.regional_nsgs["centralindia-firewall"]: Creating...
azurerm_network_security_group.regional_nsgs["centralindia-firewall"]: Creation complete after 4s [id=/subscriptions/2b2f02f7-dde2-47db-974c-47d2182721ae/resourceGroups/myTFResourceGroup/providers/Microsoft.Network/networkSecurityGroups/nsg-centralindia-firewall]
azurerm_network_security_group.regional_nsgs["australiaeast-worker"]: Creating...
azurerm_network_security_group.regional_nsgs["australiaeast-worker"]: Creation complete after 3s [id=/subscriptions/2b2f02f7-dde2-47db-974c-47d2182721ae/resourceGroups/myTFResourceGroup/providers/Microsoft.Network/networkSecurityGroups/nsg-australiaeast-worker]
azurerm_network_security_group.regional_nsgs["australiaeast-bastion"]: Creating...
azurerm_network_security_group.regional_nsgs["australiaeast-bastion"]: Creation complete after 4s [id=/subscriptions/2b2f02f7-dde2-47db-974c-47d2182721ae/resourceGroups/myTFResourceGroup/providers/Microsoft.Network/networkSecurityGroups/nsg-australiaeast-bastion]
azurerm_network_security_group.regional_nsgs["australiaeast-web"]: Creating...
azurerm_network_security_group.regional_nsgs["australiaeast-web"]: Creation complete after 2s [id=/subscriptions/2b2f02f7-dde2-47db-974c-47d2182721ae/resourceGroups/myTFResourceGroup/providers/Microsoft.Network/networkSecurityGroups/nsg-australiaeast-web]
azurerm_network_security_group.regional_nsgs["centralindia-management"]: Creating...
azurerm_network_security_group.regional_nsgs["centralindia-management"]: Creation complete after 4s [id=/subscriptions/2b2f02f7-dde2-47db-974c-47d2182721ae/resourceGroups/myTFResourceGroup/providers/Microsoft.Network/networkSecurityGroups/nsg-centralindia-management]
azurerm_network_security_group.regional_nsgs["australiaeast-api"]: Creating...
azurerm_network_security_group.regional_nsgs["australiaeast-api"]: Creation complete after 3s [id=/subscriptions/2b2f02f7-dde2-47db-974c-47d2182721ae/resourceGroups/myTFResourceGroup/providers/Microsoft.Network/networkSecurityGroups/nsg-australiaeast-api]
Releasing state lock. This may take a few moments...

Apply complete! Resources: 24 added, 0 changed, 0 destroyed.

Outputs:

debug_tags = {
  "creation_run_id" = "470"
  "creation_time" = "2026-05-22T16:46:38Z"
  "deployment_id" = "prodmyapp"
  "environment" = "prod"
  "managed_by" = "terraform"
}
