Acquiring state lock. This may take a few moments...
data.azuread_service_principal.prodmyapp: Reading...
data.azuread_service_principal.prodmyapp: Read complete after 1s [id=3a64aed9-8685-4f60-bad4-c7a0b3e0e4d2]
data.azurerm_client_config.current: Reading...
data.azurerm_client_config.current: Read complete after 0s [id=Y2xpZW50Q29uZmlncy9jbGllbnRJZD0wNGIwNzc5NS04ZGRiLTQ2MWEtYmJlZS0wMmY5ZTFiZjdiNDY7b2JqZWN0SWQ9M2E2NGFlZDktODY4NS00ZjYwLWJhZDQtYzdhMGIzZTBlNGQyO3N1YnNjcmlwdGlvbklkPTJiMmYwMmY3LWRkZTItNDdkYi05NzRjLTQ3ZDIxODI3MjFhZTt0ZW5hbnRJZD1mMTc1YzU2ZC00MDEzLTQyZmEtYTBlOC00MTAzZDIyNzZhMGQ=]
azurerm_policy_definition.require_deployment_id: Refreshing state... [id=/subscriptions/2b2f02f7-dde2-47db-974c-47d2182721ae/providers/Microsoft.Authorization/policyDefinitions/require-deployment-id-tag]
azurerm_policy_definition.require_managed_by: Refreshing state... [id=/subscriptions/2b2f02f7-dde2-47db-974c-47d2182721ae/providers/Microsoft.Authorization/policyDefinitions/require-managed-by-tag]
azurerm_policy_definition.require_environment: Refreshing state... [id=/subscriptions/2b2f02f7-dde2-47db-974c-47d2182721ae/providers/Microsoft.Authorization/policyDefinitions/require-environment-tag]
null_resource.validate_vm_size: Refreshing state... [id=2258612548479758890]
azurerm_resource_group.prodmyapp: Refreshing state... [id=/subscriptions/2b2f02f7-dde2-47db-974c-47d2182721ae/resourceGroups/myTFResourceGroup]
azurerm_user_assigned_identity.prodmyapp_sa_identity: Refreshing state... [id=/subscriptions/2b2f02f7-dde2-47db-974c-47d2182721ae/resourceGroups/myTFResourceGroup/providers/Microsoft.ManagedIdentity/userAssignedIdentities/my-storage-identity]
azurerm_resource_group_policy_assignment.rg_deployment_id: Refreshing state... [id=/subscriptions/2b2f02f7-dde2-47db-974c-47d2182721ae/resourceGroups/myTFResourceGroup/providers/Microsoft.Authorization/policyAssignments/rg-require-deployment-id]
azurerm_key_vault.prodmyapp: Refreshing state... [id=/subscriptions/2b2f02f7-dde2-47db-974c-47d2182721ae/resourceGroups/myTFResourceGroup/providers/Microsoft.KeyVault/vaults/prodmyappkv]
azurerm_virtual_network.regional_vnets["centralindia"]: Refreshing state... [id=/subscriptions/2b2f02f7-dde2-47db-974c-47d2182721ae/resourceGroups/myTFResourceGroup/providers/Microsoft.Network/virtualNetworks/vnet-centralindia]
azurerm_virtual_network.regional_vnets["australiaeast"]: Refreshing state... [id=/subscriptions/2b2f02f7-dde2-47db-974c-47d2182721ae/resourceGroups/myTFResourceGroup/providers/Microsoft.Network/virtualNetworks/vnet-australiaeast]
azurerm_resource_group_policy_assignment.rg_environment: Refreshing state... [id=/subscriptions/2b2f02f7-dde2-47db-974c-47d2182721ae/resourceGroups/myTFResourceGroup/providers/Microsoft.Authorization/policyAssignments/rg-require-environment]
azurerm_resource_group_policy_assignment.rg_managed_by: Refreshing state... [id=/subscriptions/2b2f02f7-dde2-47db-974c-47d2182721ae/resourceGroups/myTFResourceGroup/providers/Microsoft.Authorization/policyAssignments/rg-require-managed-by]
azurerm_storage_account.prodmyapp: Refreshing state... [id=/subscriptions/2b2f02f7-dde2-47db-974c-47d2182721ae/resourceGroups/myTFResourceGroup/providers/Microsoft.Storage/storageAccounts/prodmyappsacmk01]
azurerm_key_vault_secret.sp_subscription_id: Refreshing state... [id=https://prodmyappkv.vault.azure.net/secrets/sp-subscription-id/380b5a9f9c6e44d4b10468e2b1df6ca1]
azurerm_key_vault_secret.sp_client_secret: Refreshing state... [id=https://prodmyappkv.vault.azure.net/secrets/sp-client-secret/fdb2e08062544e90a6c3ecfb6a25897f]
azurerm_role_assignment.storage_kv_crypto: Refreshing state... [id=/subscriptions/2b2f02f7-dde2-47db-974c-47d2182721ae/resourceGroups/myTFResourceGroup/providers/Microsoft.KeyVault/vaults/prodmyappkv/providers/Microsoft.Authorization/roleAssignments/d1648830-65b8-0064-48c5-441d75dea67a]
azurerm_key_vault_secret.github_token: Refreshing state... [id=https://prodmyappkv.vault.azure.net/secrets/githubtoken/587c6f85ea8b4c5d88740a0fe18cefca]
azurerm_key_vault_secret.sp_tenant_id: Refreshing state... [id=https://prodmyappkv.vault.azure.net/secrets/sp-tenant-id/abe0edc6d4dd450e86dc8ac101fb4212]
azurerm_role_assignment.tf_kv_admin: Refreshing state... [id=/subscriptions/2b2f02f7-dde2-47db-974c-47d2182721ae/resourceGroups/myTFResourceGroup/providers/Microsoft.KeyVault/vaults/prodmyappkv/providers/Microsoft.Authorization/roleAssignments/d9e169d9-c689-f1ee-c3a7-3bb1f5b6f37b]
azurerm_key_vault_secret.sp_client_id: Refreshing state... [id=https://prodmyappkv.vault.azure.net/secrets/sp-client-id/d7fb0faf32524ce48be82c8a1abaa501]
azurerm_subnet.regional_subnets["centralindia-api"]: Refreshing state... [id=/subscriptions/2b2f02f7-dde2-47db-974c-47d2182721ae/resourceGroups/myTFResourceGroup/providers/Microsoft.Network/virtualNetworks/vnet-centralindia/subnets/api-subnet]
azurerm_subnet.regional_subnets["centralindia-worker"]: Refreshing state... [id=/subscriptions/2b2f02f7-dde2-47db-974c-47d2182721ae/resourceGroups/myTFResourceGroup/providers/Microsoft.Network/virtualNetworks/vnet-centralindia/subnets/worker-subnet]
azurerm_subnet.regional_subnets["australiaeast-app"]: Refreshing state... [id=/subscriptions/2b2f02f7-dde2-47db-974c-47d2182721ae/resourceGroups/myTFResourceGroup/providers/Microsoft.Network/virtualNetworks/vnet-australiaeast/subnets/app-subnet]
azurerm_subnet.regional_subnets["australiaeast-private_endpoint"]: Refreshing state... [id=/subscriptions/2b2f02f7-dde2-47db-974c-47d2182721ae/resourceGroups/myTFResourceGroup/providers/Microsoft.Network/virtualNetworks/vnet-australiaeast/subnets/private_endpoint-subnet]
azurerm_subnet.regional_subnets["centralindia-cicd"]: Refreshing state... [id=/subscriptions/2b2f02f7-dde2-47db-974c-47d2182721ae/resourceGroups/myTFResourceGroup/providers/Microsoft.Network/virtualNetworks/vnet-centralindia/subnets/cicd-subnet]
azurerm_subnet.regional_subnets["centralindia-firewall"]: Refreshing state... [id=/subscriptions/2b2f02f7-dde2-47db-974c-47d2182721ae/resourceGroups/myTFResourceGroup/providers/Microsoft.Network/virtualNetworks/vnet-centralindia/subnets/AzureFirewallSubnet]
azurerm_subnet.regional_subnets["centralindia-gateway"]: Refreshing state... [id=/subscriptions/2b2f02f7-dde2-47db-974c-47d2182721ae/resourceGroups/myTFResourceGroup/providers/Microsoft.Network/virtualNetworks/vnet-centralindia/subnets/GatewaySubnet]
azurerm_subnet.regional_subnets["australiaeast-db"]: Refreshing state... [id=/subscriptions/2b2f02f7-dde2-47db-974c-47d2182721ae/resourceGroups/myTFResourceGroup/providers/Microsoft.Network/virtualNetworks/vnet-australiaeast/subnets/db-subnet]
azurerm_subnet.regional_subnets["australiaeast-api"]: Refreshing state... [id=/subscriptions/2b2f02f7-dde2-47db-974c-47d2182721ae/resourceGroups/myTFResourceGroup/providers/Microsoft.Network/virtualNetworks/vnet-australiaeast/subnets/api-subnet]
azurerm_subnet.regional_subnets["australiaeast-bastion"]: Refreshing state... [id=/subscriptions/2b2f02f7-dde2-47db-974c-47d2182721ae/resourceGroups/myTFResourceGroup/providers/Microsoft.Network/virtualNetworks/vnet-australiaeast/subnets/AzureBastionSubnet]
azurerm_subnet.regional_subnets["australiaeast-management"]: Refreshing state... [id=/subscriptions/2b2f02f7-dde2-47db-974c-47d2182721ae/resourceGroups/myTFResourceGroup/providers/Microsoft.Network/virtualNetworks/vnet-australiaeast/subnets/management-subnet]
azurerm_subnet.regional_subnets["australiaeast-gateway"]: Refreshing state... [id=/subscriptions/2b2f02f7-dde2-47db-974c-47d2182721ae/resourceGroups/myTFResourceGroup/providers/Microsoft.Network/virtualNetworks/vnet-australiaeast/subnets/GatewaySubnet]
azurerm_subnet.regional_subnets["centralindia-management"]: Refreshing state... [id=/subscriptions/2b2f02f7-dde2-47db-974c-47d2182721ae/resourceGroups/myTFResourceGroup/providers/Microsoft.Network/virtualNetworks/vnet-centralindia/subnets/management-subnet]
azurerm_subnet.regional_subnets["centralindia-monitoring"]: Refreshing state... [id=/subscriptions/2b2f02f7-dde2-47db-974c-47d2182721ae/resourceGroups/myTFResourceGroup/providers/Microsoft.Network/virtualNetworks/vnet-centralindia/subnets/monitoring-subnet]
azurerm_subnet.regional_subnets["centralindia-db"]: Refreshing state... [id=/subscriptions/2b2f02f7-dde2-47db-974c-47d2182721ae/resourceGroups/myTFResourceGroup/providers/Microsoft.Network/virtualNetworks/vnet-centralindia/subnets/db-subnet]
azurerm_subnet.regional_subnets["australiaeast-firewall"]: Refreshing state... [id=/subscriptions/2b2f02f7-dde2-47db-974c-47d2182721ae/resourceGroups/myTFResourceGroup/providers/Microsoft.Network/virtualNetworks/vnet-australiaeast/subnets/AzureFirewallSubnet]
azurerm_subnet.regional_subnets["centralindia-bastion"]: Refreshing state... [id=/subscriptions/2b2f02f7-dde2-47db-974c-47d2182721ae/resourceGroups/myTFResourceGroup/providers/Microsoft.Network/virtualNetworks/vnet-centralindia/subnets/AzureBastionSubnet]
azurerm_subnet.regional_subnets["australiaeast-cicd"]: Refreshing state... [id=/subscriptions/2b2f02f7-dde2-47db-974c-47d2182721ae/resourceGroups/myTFResourceGroup/providers/Microsoft.Network/virtualNetworks/vnet-australiaeast/subnets/cicd-subnet]
azurerm_subnet.regional_subnets["centralindia-web"]: Refreshing state... [id=/subscriptions/2b2f02f7-dde2-47db-974c-47d2182721ae/resourceGroups/myTFResourceGroup/providers/Microsoft.Network/virtualNetworks/vnet-centralindia/subnets/web-subnet]
azurerm_subnet.regional_subnets["australiaeast-monitoring"]: Refreshing state... [id=/subscriptions/2b2f02f7-dde2-47db-974c-47d2182721ae/resourceGroups/myTFResourceGroup/providers/Microsoft.Network/virtualNetworks/vnet-australiaeast/subnets/monitoring-subnet]
azurerm_subnet.regional_subnets["australiaeast-worker"]: Refreshing state... [id=/subscriptions/2b2f02f7-dde2-47db-974c-47d2182721ae/resourceGroups/myTFResourceGroup/providers/Microsoft.Network/virtualNetworks/vnet-australiaeast/subnets/worker-subnet]
azurerm_subnet.regional_subnets["australiaeast-web"]: Refreshing state... [id=/subscriptions/2b2f02f7-dde2-47db-974c-47d2182721ae/resourceGroups/myTFResourceGroup/providers/Microsoft.Network/virtualNetworks/vnet-australiaeast/subnets/web-subnet]
azurerm_subnet.regional_subnets["centralindia-private_endpoint"]: Refreshing state... [id=/subscriptions/2b2f02f7-dde2-47db-974c-47d2182721ae/resourceGroups/myTFResourceGroup/providers/Microsoft.Network/virtualNetworks/vnet-centralindia/subnets/private_endpoint-subnet]
azurerm_subnet.regional_subnets["centralindia-app"]: Refreshing state... [id=/subscriptions/2b2f02f7-dde2-47db-974c-47d2182721ae/resourceGroups/myTFResourceGroup/providers/Microsoft.Network/virtualNetworks/vnet-centralindia/subnets/app-subnet]
azurerm_storage_container.prodmyapp: Refreshing state... [id=/subscriptions/2b2f02f7-dde2-47db-974c-47d2182721ae/resourceGroups/myTFResourceGroup/providers/Microsoft.Storage/storageAccounts/prodmyappsacmk01/blobServices/default/containers/mytfstate]
time_sleep.wait_for_kv_rbac: Refreshing state... [id=2026-04-20T10:45:24Z]
azurerm_role_assignment.terraform_backend_storage_access: Refreshing state... [id=/subscriptions/2b2f02f7-dde2-47db-974c-47d2182721ae/resourceGroups/myTFResourceGroup/providers/Microsoft.Storage/storageAccounts/prodmyappsacmk01/blobServices/default/containers/mytfstate/providers/Microsoft.Authorization/roleAssignments/52e4c051-0a07-1a95-7783-c649efbc7865]
azurerm_key_vault_key.prodmyapp_key: Refreshing state... [id=https://prodmyappkv.vault.azure.net/keys/my-storage-cmk/51e0da2d9d5a4b53bfedce7faa0471cc]
azurerm_storage_account_customer_managed_key.prodmyapp_sa_cmk: Refreshing state... [id=/subscriptions/2b2f02f7-dde2-47db-974c-47d2182721ae/resourceGroups/myTFResourceGroup/providers/Microsoft.Storage/storageAccounts/prodmyappsacmk01]
azurerm_disk_encryption_set.prod_des: Refreshing state... [id=/subscriptions/2b2f02f7-dde2-47db-974c-47d2182721ae/resourceGroups/myTFResourceGroup/providers/Microsoft.Compute/diskEncryptionSets/prod-des]
azurerm_role_assignment.des_kv_crypto: Refreshing state... [id=/subscriptions/2b2f02f7-dde2-47db-974c-47d2182721ae/resourceGroups/myTFResourceGroup/providers/Microsoft.KeyVault/vaults/prodmyappkv/providers/Microsoft.Authorization/roleAssignments/6cad63bb-2172-dd68-e0d5-eb1c0c662ed3]
time_sleep.wait_for_des_rbac: Refreshing state... [id=2026-04-26T15:25:29Z]

Terraform used the selected providers to generate the following execution
plan. Resource actions are indicated with the following symbols:
  + create

Terraform will perform the following actions:

  # azurerm_network_security_group.regional_nsgs["australiaeast-api"] will be created
  + resource "azurerm_network_security_group" "regional_nsgs" {
      + id                  = (known after apply)
      + location            = "australiaeast"
      + name                = "nsg-australiaeast-api"
      + resource_group_name = "myTFResourceGroup"
      + security_rule       = (known after apply)
      + tags                = (known after apply)
    }

  # azurerm_network_security_group.regional_nsgs["australiaeast-app"] will be created
  + resource "azurerm_network_security_group" "regional_nsgs" {
      + id                  = (known after apply)
      + location            = "australiaeast"
      + name                = "nsg-australiaeast-app"
      + resource_group_name = "myTFResourceGroup"
      + security_rule       = (known after apply)
      + tags                = (known after apply)
    }

  # azurerm_network_security_group.regional_nsgs["australiaeast-bastion"] will be created
  + resource "azurerm_network_security_group" "regional_nsgs" {
      + id                  = (known after apply)
      + location            = "australiaeast"
      + name                = "nsg-australiaeast-bastion"
      + resource_group_name = "myTFResourceGroup"
      + security_rule       = (known after apply)
      + tags                = (known after apply)
    }

  # azurerm_network_security_group.regional_nsgs["australiaeast-cicd"] will be created
  + resource "azurerm_network_security_group" "regional_nsgs" {
      + id                  = (known after apply)
      + location            = "australiaeast"
      + name                = "nsg-australiaeast-cicd"
      + resource_group_name = "myTFResourceGroup"
      + security_rule       = (known after apply)
      + tags                = (known after apply)
    }

  # azurerm_network_security_group.regional_nsgs["australiaeast-db"] will be created
  + resource "azurerm_network_security_group" "regional_nsgs" {
      + id                  = (known after apply)
      + location            = "australiaeast"
      + name                = "nsg-australiaeast-db"
      + resource_group_name = "myTFResourceGroup"
      + security_rule       = (known after apply)
      + tags                = (known after apply)
    }

  # azurerm_network_security_group.regional_nsgs["australiaeast-firewall"] will be created
  + resource "azurerm_network_security_group" "regional_nsgs" {
      + id                  = (known after apply)
      + location            = "australiaeast"
      + name                = "nsg-australiaeast-firewall"
      + resource_group_name = "myTFResourceGroup"
      + security_rule       = (known after apply)
      + tags                = (known after apply)
    }

  # azurerm_network_security_group.regional_nsgs["australiaeast-gateway"] will be created
  + resource "azurerm_network_security_group" "regional_nsgs" {
      + id                  = (known after apply)
      + location            = "australiaeast"
      + name                = "nsg-australiaeast-gateway"
      + resource_group_name = "myTFResourceGroup"
      + security_rule       = (known after apply)
      + tags                = (known after apply)
    }

  # azurerm_network_security_group.regional_nsgs["australiaeast-management"] will be created
  + resource "azurerm_network_security_group" "regional_nsgs" {
      + id                  = (known after apply)
      + location            = "australiaeast"
      + name                = "nsg-australiaeast-management"
      + resource_group_name = "myTFResourceGroup"
      + security_rule       = (known after apply)
      + tags                = (known after apply)
    }

  # azurerm_network_security_group.regional_nsgs["australiaeast-monitoring"] will be created
  + resource "azurerm_network_security_group" "regional_nsgs" {
      + id                  = (known after apply)
      + location            = "australiaeast"
      + name                = "nsg-australiaeast-monitoring"
      + resource_group_name = "myTFResourceGroup"
      + security_rule       = (known after apply)
      + tags                = (known after apply)
    }

  # azurerm_network_security_group.regional_nsgs["australiaeast-private_endpoint"] will be created
  + resource "azurerm_network_security_group" "regional_nsgs" {
      + id                  = (known after apply)
      + location            = "australiaeast"
      + name                = "nsg-australiaeast-private_endpoint"
      + resource_group_name = "myTFResourceGroup"
      + security_rule       = (known after apply)
      + tags                = (known after apply)
    }

  # azurerm_network_security_group.regional_nsgs["australiaeast-web"] will be created
  + resource "azurerm_network_security_group" "regional_nsgs" {
      + id                  = (known after apply)
      + location            = "australiaeast"
      + name                = "nsg-australiaeast-web"
      + resource_group_name = "myTFResourceGroup"
      + security_rule       = (known after apply)
      + tags                = (known after apply)
    }

  # azurerm_network_security_group.regional_nsgs["australiaeast-worker"] will be created
  + resource "azurerm_network_security_group" "regional_nsgs" {
      + id                  = (known after apply)
      + location            = "australiaeast"
      + name                = "nsg-australiaeast-worker"
      + resource_group_name = "myTFResourceGroup"
      + security_rule       = (known after apply)
      + tags                = (known after apply)
    }

  # azurerm_network_security_group.regional_nsgs["centralindia-api"] will be created
  + resource "azurerm_network_security_group" "regional_nsgs" {
      + id                  = (known after apply)
      + location            = "centralindia"
      + name                = "nsg-centralindia-api"
      + resource_group_name = "myTFResourceGroup"
      + security_rule       = (known after apply)
      + tags                = (known after apply)
    }

  # azurerm_network_security_group.regional_nsgs["centralindia-app"] will be created
  + resource "azurerm_network_security_group" "regional_nsgs" {
      + id                  = (known after apply)
      + location            = "centralindia"
      + name                = "nsg-centralindia-app"
      + resource_group_name = "myTFResourceGroup"
      + security_rule       = (known after apply)
      + tags                = (known after apply)
    }

  # azurerm_network_security_group.regional_nsgs["centralindia-bastion"] will be created
  + resource "azurerm_network_security_group" "regional_nsgs" {
      + id                  = (known after apply)
      + location            = "centralindia"
      + name                = "nsg-centralindia-bastion"
      + resource_group_name = "myTFResourceGroup"
      + security_rule       = (known after apply)
      + tags                = (known after apply)
    }

  # azurerm_network_security_group.regional_nsgs["centralindia-cicd"] will be created
  + resource "azurerm_network_security_group" "regional_nsgs" {
      + id                  = (known after apply)
      + location            = "centralindia"
      + name                = "nsg-centralindia-cicd"
      + resource_group_name = "myTFResourceGroup"
      + security_rule       = (known after apply)
      + tags                = (known after apply)
    }

  # azurerm_network_security_group.regional_nsgs["centralindia-db"] will be created
  + resource "azurerm_network_security_group" "regional_nsgs" {
      + id                  = (known after apply)
      + location            = "centralindia"
      + name                = "nsg-centralindia-db"
      + resource_group_name = "myTFResourceGroup"
      + security_rule       = (known after apply)
      + tags                = (known after apply)
    }

  # azurerm_network_security_group.regional_nsgs["centralindia-firewall"] will be created
  + resource "azurerm_network_security_group" "regional_nsgs" {
      + id                  = (known after apply)
      + location            = "centralindia"
      + name                = "nsg-centralindia-firewall"
      + resource_group_name = "myTFResourceGroup"
      + security_rule       = (known after apply)
      + tags                = (known after apply)
    }

  # azurerm_network_security_group.regional_nsgs["centralindia-gateway"] will be created
  + resource "azurerm_network_security_group" "regional_nsgs" {
      + id                  = (known after apply)
      + location            = "centralindia"
      + name                = "nsg-centralindia-gateway"
      + resource_group_name = "myTFResourceGroup"
      + security_rule       = (known after apply)
      + tags                = (known after apply)
    }

  # azurerm_network_security_group.regional_nsgs["centralindia-management"] will be created
  + resource "azurerm_network_security_group" "regional_nsgs" {
      + id                  = (known after apply)
      + location            = "centralindia"
      + name                = "nsg-centralindia-management"
      + resource_group_name = "myTFResourceGroup"
      + security_rule       = (known after apply)
      + tags                = (known after apply)
    }

  # azurerm_network_security_group.regional_nsgs["centralindia-monitoring"] will be created
  + resource "azurerm_network_security_group" "regional_nsgs" {
      + id                  = (known after apply)
      + location            = "centralindia"
      + name                = "nsg-centralindia-monitoring"
      + resource_group_name = "myTFResourceGroup"
      + security_rule       = (known after apply)
      + tags                = (known after apply)
    }

  # azurerm_network_security_group.regional_nsgs["centralindia-private_endpoint"] will be created
  + resource "azurerm_network_security_group" "regional_nsgs" {
      + id                  = (known after apply)
      + location            = "centralindia"
      + name                = "nsg-centralindia-private_endpoint"
      + resource_group_name = "myTFResourceGroup"
      + security_rule       = (known after apply)
      + tags                = (known after apply)
    }

  # azurerm_network_security_group.regional_nsgs["centralindia-web"] will be created
  + resource "azurerm_network_security_group" "regional_nsgs" {
      + id                  = (known after apply)
      + location            = "centralindia"
      + name                = "nsg-centralindia-web"
      + resource_group_name = "myTFResourceGroup"
      + security_rule       = (known after apply)
      + tags                = (known after apply)
    }

  # azurerm_network_security_group.regional_nsgs["centralindia-worker"] will be created
  + resource "azurerm_network_security_group" "regional_nsgs" {
      + id                  = (known after apply)
      + location            = "centralindia"
      + name                = "nsg-centralindia-worker"
      + resource_group_name = "myTFResourceGroup"
      + security_rule       = (known after apply)
      + tags                = (known after apply)
    }

Plan: 24 to add, 0 to change, 0 to destroy.

Changes to Outputs:
  ~ debug_tags = {
      ~ creation_run_id = "469" -> "470"
      ~ creation_time   = "2026-05-22T16:38:13Z" -> (known after apply)
        # (3 unchanged attributes hidden)
    }

Warning: Argument is deprecated

  with azurerm_storage_account_customer_managed_key.prodmyapp_sa_cmk,
  on main.tf line 457, in resource "azurerm_storage_account_customer_managed_key" "prodmyapp_sa_cmk":
 457:   key_vault_id       = azurerm_key_vault.prodmyapp.id

`key_vault_id` has been deprecated in favour of `key_vault_key_id` and will
be removed in v5.0 of the AzureRM provider

(and 2 more similar warnings elsewhere)

─────────────────────────────────────────────────────────────────────────────

Saved the plan to: tfplan

To perform exactly these actions, run the following command to apply:
    terraform apply "tfplan"
Releasing state lock. This may take a few moments...
