Acquiring state lock. This may take a few moments...
azurerm_subnet_route_table_association.public_assoc["australiaeast-app"]: Destroying... [id=/subscriptions/2b2f02f7-dde2-47db-974c-47d2182721ae/resourceGroups/myTFResourceGroup/providers/Microsoft.Network/virtualNetworks/vnet-australiaeast/subnets/app-subnet]
azurerm_subnet_route_table_association.public_assoc["australiaeast-app"]: Destruction complete after 4s
azurerm_subnet_route_table_association.public_assoc["australiaeast-worker"]: Destroying... [id=/subscriptions/2b2f02f7-dde2-47db-974c-47d2182721ae/resourceGroups/myTFResourceGroup/providers/Microsoft.Network/virtualNetworks/vnet-australiaeast/subnets/worker-subnet]
azurerm_subnet_route_table_association.public_assoc["australiaeast-worker"]: Destruction complete after 7s
azurerm_subnet_route_table_association.public_assoc["centralindia-api"]: Destroying... [id=/subscriptions/2b2f02f7-dde2-47db-974c-47d2182721ae/resourceGroups/myTFResourceGroup/providers/Microsoft.Network/virtualNetworks/vnet-centralindia/subnets/api-subnet]
azurerm_subnet_route_table_association.public_assoc["centralindia-api"]: Destruction complete after 5s
azurerm_subnet_route_table_association.private_assoc["australiaeast-db"]: Destroying... [id=/subscriptions/2b2f02f7-dde2-47db-974c-47d2182721ae/resourceGroups/myTFResourceGroup/providers/Microsoft.Network/virtualNetworks/vnet-australiaeast/subnets/db-subnet]
azurerm_subnet_route_table_association.private_assoc["australiaeast-db"]: Destruction complete after 4s
azurerm_subnet_network_security_group_association.regional_assoc["centralindia-db"]: Destroying... [id=/subscriptions/2b2f02f7-dde2-47db-974c-47d2182721ae/resourceGroups/myTFResourceGroup/providers/Microsoft.Network/virtualNetworks/vnet-centralindia/subnets/db-subnet]
azurerm_subnet_network_security_group_association.regional_assoc["centralindia-db"]: Destruction complete after 7s
azurerm_subnet_network_security_group_association.regional_assoc["australiaeast-web"]: Destroying... [id=/subscriptions/2b2f02f7-dde2-47db-974c-47d2182721ae/resourceGroups/myTFResourceGroup/providers/Microsoft.Network/virtualNetworks/vnet-australiaeast/subnets/web-subnet]
azurerm_subnet_network_security_group_association.regional_assoc["australiaeast-web"]: Destruction complete after 6s
azurerm_subnet_route_table_association.public_assoc["centralindia-app"]: Destroying... [id=/subscriptions/2b2f02f7-dde2-47db-974c-47d2182721ae/resourceGroups/myTFResourceGroup/providers/Microsoft.Network/virtualNetworks/vnet-centralindia/subnets/app-subnet]
azurerm_subnet_route_table_association.public_assoc["centralindia-app"]: Destruction complete after 5s
azurerm_subnet_route_table_association.public_assoc["australiaeast-web"]: Destroying... [id=/subscriptions/2b2f02f7-dde2-47db-974c-47d2182721ae/resourceGroups/myTFResourceGroup/providers/Microsoft.Network/virtualNetworks/vnet-australiaeast/subnets/web-subnet]
azurerm_subnet_route_table_association.public_assoc["australiaeast-web"]: Destruction complete after 6s
azurerm_subnet_network_security_group_association.regional_assoc["centralindia-app"]: Destroying... [id=/subscriptions/2b2f02f7-dde2-47db-974c-47d2182721ae/resourceGroups/myTFResourceGroup/providers/Microsoft.Network/virtualNetworks/vnet-centralindia/subnets/app-subnet]
azurerm_subnet_network_security_group_association.regional_assoc["centralindia-app"]: Destruction complete after 5s
azurerm_subnet_network_security_group_association.regional_assoc["centralindia-management"]: Destroying... [id=/subscriptions/2b2f02f7-dde2-47db-974c-47d2182721ae/resourceGroups/myTFResourceGroup/providers/Microsoft.Network/virtualNetworks/vnet-centralindia/subnets/management-subnet]
azurerm_subnet_network_security_group_association.regional_assoc["centralindia-management"]: Destruction complete after 6s
azurerm_subnet_network_security_group_association.regional_assoc["australiaeast-private_endpoint"]: Destroying... [id=/subscriptions/2b2f02f7-dde2-47db-974c-47d2182721ae/resourceGroups/myTFResourceGroup/providers/Microsoft.Network/virtualNetworks/vnet-australiaeast/subnets/private_endpoint-subnet]
azurerm_subnet_network_security_group_association.regional_assoc["australiaeast-private_endpoint"]: Destruction complete after 6s
azurerm_subnet_network_security_group_association.regional_assoc["centralindia-monitoring"]: Destroying... [id=/subscriptions/2b2f02f7-dde2-47db-974c-47d2182721ae/resourceGroups/myTFResourceGroup/providers/Microsoft.Network/virtualNetworks/vnet-centralindia/subnets/monitoring-subnet]
azurerm_subnet_network_security_group_association.regional_assoc["centralindia-monitoring"]: Destruction complete after 6s
azurerm_subnet_network_security_group_association.regional_assoc["centralindia-worker"]: Destroying... [id=/subscriptions/2b2f02f7-dde2-47db-974c-47d2182721ae/resourceGroups/myTFResourceGroup/providers/Microsoft.Network/virtualNetworks/vnet-centralindia/subnets/worker-subnet]
azurerm_subnet_network_security_group_association.regional_assoc["centralindia-worker"]: Destruction complete after 5s
azurerm_subnet_nat_gateway_association.nat_subnet_assoc["australiaeast-web"]: Destroying... [id=/subscriptions/2b2f02f7-dde2-47db-974c-47d2182721ae/resourceGroups/myTFResourceGroup/providers/Microsoft.Network/virtualNetworks/vnet-australiaeast/subnets/web-subnet]
azurerm_subnet_nat_gateway_association.nat_subnet_assoc["australiaeast-web"]: Destruction complete after 6s
azurerm_subnet_network_security_group_association.regional_assoc["australiaeast-api"]: Destroying... [id=/subscriptions/2b2f02f7-dde2-47db-974c-47d2182721ae/resourceGroups/myTFResourceGroup/providers/Microsoft.Network/virtualNetworks/vnet-australiaeast/subnets/api-subnet]
azurerm_subnet_network_security_group_association.regional_assoc["australiaeast-api"]: Destruction complete after 4s
azurerm_subnet_nat_gateway_association.nat_subnet_assoc["centralindia-api"]: Destroying... [id=/subscriptions/2b2f02f7-dde2-47db-974c-47d2182721ae/resourceGroups/myTFResourceGroup/providers/Microsoft.Network/virtualNetworks/vnet-centralindia/subnets/api-subnet]
azurerm_subnet_nat_gateway_association.nat_subnet_assoc["centralindia-api"]: Destruction complete after 6s
azurerm_subnet_nat_gateway_association.nat_subnet_assoc["centralindia-cicd"]: Destroying... [id=/subscriptions/2b2f02f7-dde2-47db-974c-47d2182721ae/resourceGroups/myTFResourceGroup/providers/Microsoft.Network/virtualNetworks/vnet-centralindia/subnets/cicd-subnet]
azurerm_subnet_nat_gateway_association.nat_subnet_assoc["centralindia-cicd"]: Destruction complete after 5s
azurerm_subnet_network_security_group_association.regional_assoc["centralindia-api"]: Destroying... [id=/subscriptions/2b2f02f7-dde2-47db-974c-47d2182721ae/resourceGroups/myTFResourceGroup/providers/Microsoft.Network/virtualNetworks/vnet-centralindia/subnets/api-subnet]
azurerm_subnet_network_security_group_association.regional_assoc["centralindia-api"]: Destruction complete after 5s
azurerm_nat_gateway_public_ip_association.nat_assoc["australiaeast"]: Destroying... [id=/subscriptions/2b2f02f7-dde2-47db-974c-47d2182721ae/resourceGroups/myTFResourceGroup/providers/Microsoft.Network/natGateways/nat-australiaeast|/subscriptions/2b2f02f7-dde2-47db-974c-47d2182721ae/resourceGroups/myTFResourceGroup/providers/Microsoft.Network/publicIPAddresses/nat-pubip-australiaeast]
azurerm_nat_gateway_public_ip_association.nat_assoc["australiaeast"]: Still destroying... [id=/subscriptions/2b2f02f7-dde2-47db-974c-...licIPAddresses/nat-pubip-australiaeast, 00m10s elapsed]
azurerm_nat_gateway_public_ip_association.nat_assoc["australiaeast"]: Destruction complete after 12s
azurerm_subnet_network_security_group_association.regional_assoc["centralindia-cicd"]: Destroying... [id=/subscriptions/2b2f02f7-dde2-47db-974c-47d2182721ae/resourceGroups/myTFResourceGroup/providers/Microsoft.Network/virtualNetworks/vnet-centralindia/subnets/cicd-subnet]
azurerm_subnet_network_security_group_association.regional_assoc["centralindia-cicd"]: Destruction complete after 6s
azurerm_subnet_network_security_group_association.regional_assoc["centralindia-web"]: Destroying... [id=/subscriptions/2b2f02f7-dde2-47db-974c-47d2182721ae/resourceGroups/myTFResourceGroup/providers/Microsoft.Network/virtualNetworks/vnet-centralindia/subnets/web-subnet]
azurerm_subnet_network_security_group_association.regional_assoc["centralindia-web"]: Destruction complete after 5s
azurerm_subnet_nat_gateway_association.nat_subnet_assoc["australiaeast-app"]: Destroying... [id=/subscriptions/2b2f02f7-dde2-47db-974c-47d2182721ae/resourceGroups/myTFResourceGroup/providers/Microsoft.Network/virtualNetworks/vnet-australiaeast/subnets/app-subnet]
azurerm_subnet_nat_gateway_association.nat_subnet_assoc["australiaeast-app"]: Destruction complete after 5s
azurerm_nat_gateway_public_ip_association.nat_assoc["centralindia"]: Destroying... [id=/subscriptions/2b2f02f7-dde2-47db-974c-47d2182721ae/resourceGroups/myTFResourceGroup/providers/Microsoft.Network/natGateways/nat-centralindia|/subscriptions/2b2f02f7-dde2-47db-974c-47d2182721ae/resourceGroups/myTFResourceGroup/providers/Microsoft.Network/publicIPAddresses/nat-pubip-centralindia]
azurerm_nat_gateway_public_ip_association.nat_assoc["centralindia"]: Still destroying... [id=/subscriptions/2b2f02f7-dde2-47db-974c-...blicIPAddresses/nat-pubip-centralindia, 00m10s elapsed]
azurerm_nat_gateway_public_ip_association.nat_assoc["centralindia"]: Destruction complete after 12s
azurerm_subnet_route_table_association.public_assoc["australiaeast-cicd"]: Destroying... [id=/subscriptions/2b2f02f7-dde2-47db-974c-47d2182721ae/resourceGroups/myTFResourceGroup/providers/Microsoft.Network/virtualNetworks/vnet-australiaeast/subnets/cicd-subnet]
azurerm_subnet_route_table_association.public_assoc["australiaeast-cicd"]: Destruction complete after 5s
azurerm_subnet_route_table_association.public_assoc["centralindia-cicd"]: Destroying... [id=/subscriptions/2b2f02f7-dde2-47db-974c-47d2182721ae/resourceGroups/myTFResourceGroup/providers/Microsoft.Network/virtualNetworks/vnet-centralindia/subnets/cicd-subnet]
azurerm_subnet_route_table_association.public_assoc["centralindia-cicd"]: Destruction complete after 6s
azurerm_subnet_route_table_association.private_assoc["centralindia-management"]: Destroying... [id=/subscriptions/2b2f02f7-dde2-47db-974c-47d2182721ae/resourceGroups/myTFResourceGroup/providers/Microsoft.Network/virtualNetworks/vnet-centralindia/subnets/management-subnet]
azurerm_subnet_route_table_association.private_assoc["centralindia-management"]: Destruction complete after 7s
azurerm_subnet_network_security_group_association.regional_assoc["australiaeast-worker"]: Destroying... [id=/subscriptions/2b2f02f7-dde2-47db-974c-47d2182721ae/resourceGroups/myTFResourceGroup/providers/Microsoft.Network/virtualNetworks/vnet-australiaeast/subnets/worker-subnet]
azurerm_subnet_network_security_group_association.regional_assoc["australiaeast-worker"]: Destruction complete after 5s
azurerm_subnet_network_security_group_association.regional_assoc["centralindia-private_endpoint"]: Destroying... [id=/subscriptions/2b2f02f7-dde2-47db-974c-47d2182721ae/resourceGroups/myTFResourceGroup/providers/Microsoft.Network/virtualNetworks/vnet-centralindia/subnets/private_endpoint-subnet]
azurerm_subnet_network_security_group_association.regional_assoc["centralindia-private_endpoint"]: Destruction complete after 6s
azurerm_subnet_network_security_group_association.regional_assoc["australiaeast-management"]: Destroying... [id=/subscriptions/2b2f02f7-dde2-47db-974c-47d2182721ae/resourceGroups/myTFResourceGroup/providers/Microsoft.Network/virtualNetworks/vnet-australiaeast/subnets/management-subnet]
azurerm_subnet_network_security_group_association.regional_assoc["australiaeast-management"]: Destruction complete after 5s
azurerm_virtual_network_peering.central_to_aus: Destroying... [id=/subscriptions/2b2f02f7-dde2-47db-974c-47d2182721ae/resourceGroups/myTFResourceGroup/providers/Microsoft.Network/virtualNetworks/vnet-centralindia/virtualNetworkPeerings/centralindia-to-australiaeast]
azurerm_virtual_network_peering.central_to_aus: Still destroying... [id=/subscriptions/2b2f02f7-dde2-47db-974c-...Peerings/centralindia-to-australiaeast, 00m10s elapsed]
azurerm_virtual_network_peering.central_to_aus: Destruction complete after 11s
azurerm_subnet_route_table_association.public_assoc["australiaeast-api"]: Destroying... [id=/subscriptions/2b2f02f7-dde2-47db-974c-47d2182721ae/resourceGroups/myTFResourceGroup/providers/Microsoft.Network/virtualNetworks/vnet-australiaeast/subnets/api-subnet]
azurerm_subnet_route_table_association.public_assoc["australiaeast-api"]: Destruction complete after 7s
azurerm_subnet_network_security_group_association.regional_assoc["australiaeast-app"]: Destroying... [id=/subscriptions/2b2f02f7-dde2-47db-974c-47d2182721ae/resourceGroups/myTFResourceGroup/providers/Microsoft.Network/virtualNetworks/vnet-australiaeast/subnets/app-subnet]
azurerm_subnet_network_security_group_association.regional_assoc["australiaeast-app"]: Destruction complete after 5s
azurerm_subnet_nat_gateway_association.nat_subnet_assoc["centralindia-app"]: Destroying... [id=/subscriptions/2b2f02f7-dde2-47db-974c-47d2182721ae/resourceGroups/myTFResourceGroup/providers/Microsoft.Network/virtualNetworks/vnet-centralindia/subnets/app-subnet]
azurerm_subnet_nat_gateway_association.nat_subnet_assoc["centralindia-app"]: Destruction complete after 5s
azurerm_subnet_nat_gateway_association.nat_subnet_assoc["australiaeast-api"]: Destroying... [id=/subscriptions/2b2f02f7-dde2-47db-974c-47d2182721ae/resourceGroups/myTFResourceGroup/providers/Microsoft.Network/virtualNetworks/vnet-australiaeast/subnets/api-subnet]
azurerm_subnet_nat_gateway_association.nat_subnet_assoc["australiaeast-api"]: Destruction complete after 5s
azurerm_subnet_route_table_association.private_assoc["australiaeast-management"]: Destroying... [id=/subscriptions/2b2f02f7-dde2-47db-974c-47d2182721ae/resourceGroups/myTFResourceGroup/providers/Microsoft.Network/virtualNetworks/vnet-australiaeast/subnets/management-subnet]
azurerm_subnet_route_table_association.private_assoc["australiaeast-management"]: Still destroying... [id=/subscriptions/2b2f02f7-dde2-47db-974c-...ustraliaeast/subnets/management-subnet, 00m10s elapsed]
azurerm_subnet_route_table_association.private_assoc["australiaeast-management"]: Destruction complete after 15s
azurerm_subnet_network_security_group_association.regional_assoc["australiaeast-monitoring"]: Destroying... [id=/subscriptions/2b2f02f7-dde2-47db-974c-47d2182721ae/resourceGroups/myTFResourceGroup/providers/Microsoft.Network/virtualNetworks/vnet-australiaeast/subnets/monitoring-subnet]
azurerm_subnet_network_security_group_association.regional_assoc["australiaeast-monitoring"]: Destruction complete after 5s
azurerm_subnet_route_table_association.private_assoc["centralindia-private_endpoint"]: Destroying... [id=/subscriptions/2b2f02f7-dde2-47db-974c-47d2182721ae/resourceGroups/myTFResourceGroup/providers/Microsoft.Network/virtualNetworks/vnet-centralindia/subnets/private_endpoint-subnet]
azurerm_subnet_route_table_association.private_assoc["centralindia-private_endpoint"]: Destruction complete after 5s
azurerm_subnet_nat_gateway_association.nat_subnet_assoc["centralindia-web"]: Destroying... [id=/subscriptions/2b2f02f7-dde2-47db-974c-47d2182721ae/resourceGroups/myTFResourceGroup/providers/Microsoft.Network/virtualNetworks/vnet-centralindia/subnets/web-subnet]
azurerm_subnet_nat_gateway_association.nat_subnet_assoc["centralindia-web"]: Destruction complete after 6s
azurerm_virtual_network_peering.aus_to_central: Destroying... [id=/subscriptions/2b2f02f7-dde2-47db-974c-47d2182721ae/resourceGroups/myTFResourceGroup/providers/Microsoft.Network/virtualNetworks/vnet-australiaeast/virtualNetworkPeerings/australiaeast-to-centralindia]
azurerm_virtual_network_peering.aus_to_central: Still destroying... [id=/subscriptions/2b2f02f7-dde2-47db-974c-...Peerings/australiaeast-to-centralindia, 00m10s elapsed]
azurerm_virtual_network_peering.aus_to_central: Destruction complete after 11s
azurerm_subnet_route_table_association.private_assoc["australiaeast-private_endpoint"]: Destroying... [id=/subscriptions/2b2f02f7-dde2-47db-974c-47d2182721ae/resourceGroups/myTFResourceGroup/providers/Microsoft.Network/virtualNetworks/vnet-australiaeast/subnets/private_endpoint-subnet]
azurerm_subnet_route_table_association.private_assoc["australiaeast-private_endpoint"]: Destruction complete after 5s
azurerm_subnet_route_table_association.private_assoc["centralindia-db"]: Destroying... [id=/subscriptions/2b2f02f7-dde2-47db-974c-47d2182721ae/resourceGroups/myTFResourceGroup/providers/Microsoft.Network/virtualNetworks/vnet-centralindia/subnets/db-subnet]
azurerm_subnet_route_table_association.private_assoc["centralindia-db"]: Destruction complete after 6s
azurerm_subnet_network_security_group_association.regional_assoc["australiaeast-db"]: Destroying... [id=/subscriptions/2b2f02f7-dde2-47db-974c-47d2182721ae/resourceGroups/myTFResourceGroup/providers/Microsoft.Network/virtualNetworks/vnet-australiaeast/subnets/db-subnet]
azurerm_subnet_network_security_group_association.regional_assoc["australiaeast-db"]: Destruction complete after 4s
azurerm_subnet_nat_gateway_association.nat_subnet_assoc["australiaeast-cicd"]: Destroying... [id=/subscriptions/2b2f02f7-dde2-47db-974c-47d2182721ae/resourceGroups/myTFResourceGroup/providers/Microsoft.Network/virtualNetworks/vnet-australiaeast/subnets/cicd-subnet]
azurerm_subnet_nat_gateway_association.nat_subnet_assoc["australiaeast-cicd"]: Destruction complete after 6s
azurerm_subnet_nat_gateway_association.nat_subnet_assoc["centralindia-worker"]: Destroying... [id=/subscriptions/2b2f02f7-dde2-47db-974c-47d2182721ae/resourceGroups/myTFResourceGroup/providers/Microsoft.Network/virtualNetworks/vnet-centralindia/subnets/worker-subnet]
azurerm_subnet_nat_gateway_association.nat_subnet_assoc["centralindia-worker"]: Destruction complete after 5s
azurerm_subnet_nat_gateway_association.nat_subnet_assoc["australiaeast-worker"]: Destroying... [id=/subscriptions/2b2f02f7-dde2-47db-974c-47d2182721ae/resourceGroups/myTFResourceGroup/providers/Microsoft.Network/virtualNetworks/vnet-australiaeast/subnets/worker-subnet]
azurerm_subnet_nat_gateway_association.nat_subnet_assoc["australiaeast-worker"]: Destruction complete after 6s
azurerm_subnet_network_security_group_association.regional_assoc["australiaeast-cicd"]: Destroying... [id=/subscriptions/2b2f02f7-dde2-47db-974c-47d2182721ae/resourceGroups/myTFResourceGroup/providers/Microsoft.Network/virtualNetworks/vnet-australiaeast/subnets/cicd-subnet]
azurerm_subnet_network_security_group_association.regional_assoc["australiaeast-cicd"]: Destruction complete after 4s
azurerm_subnet_route_table_association.public_assoc["centralindia-worker"]: Destroying... [id=/subscriptions/2b2f02f7-dde2-47db-974c-47d2182721ae/resourceGroups/myTFResourceGroup/providers/Microsoft.Network/virtualNetworks/vnet-centralindia/subnets/worker-subnet]
azurerm_subnet_route_table_association.public_assoc["centralindia-worker"]: Destruction complete after 6s
azurerm_subnet_route_table_association.public_assoc["centralindia-web"]: Destroying... [id=/subscriptions/2b2f02f7-dde2-47db-974c-47d2182721ae/resourceGroups/myTFResourceGroup/providers/Microsoft.Network/virtualNetworks/vnet-centralindia/subnets/web-subnet]
azurerm_subnet_route_table_association.public_assoc["centralindia-web"]: Destruction complete after 6s
azurerm_public_ip.nat_gateway_pubip["centralindia"]: Destroying... [id=/subscriptions/2b2f02f7-dde2-47db-974c-47d2182721ae/resourceGroups/myTFResourceGroup/providers/Microsoft.Network/publicIPAddresses/nat-pubip-centralindia]
azurerm_public_ip.nat_gateway_pubip["centralindia"]: Still destroying... [id=/subscriptions/2b2f02f7-dde2-47db-974c-...blicIPAddresses/nat-pubip-centralindia, 00m10s elapsed]
azurerm_public_ip.nat_gateway_pubip["centralindia"]: Destruction complete after 11s
azurerm_public_ip.nat_gateway_pubip["australiaeast"]: Destroying... [id=/subscriptions/2b2f02f7-dde2-47db-974c-47d2182721ae/resourceGroups/myTFResourceGroup/providers/Microsoft.Network/publicIPAddresses/nat-pubip-australiaeast]
azurerm_public_ip.nat_gateway_pubip["australiaeast"]: Still destroying... [id=/subscriptions/2b2f02f7-dde2-47db-974c-...licIPAddresses/nat-pubip-australiaeast, 00m10s elapsed]
azurerm_public_ip.nat_gateway_pubip["australiaeast"]: Destruction complete after 11s
azurerm_route_table.private_rt["centralindia"]: Destroying... [id=/subscriptions/2b2f02f7-dde2-47db-974c-47d2182721ae/resourceGroups/myTFResourceGroup/providers/Microsoft.Network/routeTables/rt-private-centralindia]
azurerm_route_table.private_rt["centralindia"]: Still destroying... [id=/subscriptions/2b2f02f7-dde2-47db-974c-...rk/routeTables/rt-private-centralindia, 00m10s elapsed]
azurerm_route_table.private_rt["centralindia"]: Destruction complete after 11s
azurerm_route_table.private_rt["australiaeast"]: Destroying... [id=/subscriptions/2b2f02f7-dde2-47db-974c-47d2182721ae/resourceGroups/myTFResourceGroup/providers/Microsoft.Network/routeTables/rt-private-australiaeast]
azurerm_route_table.private_rt["australiaeast"]: Still destroying... [id=/subscriptions/2b2f02f7-dde2-47db-974c-...k/routeTables/rt-private-australiaeast, 00m10s elapsed]
azurerm_route_table.private_rt["australiaeast"]: Destruction complete after 11s
azurerm_nat_gateway.regional_nat["centralindia"]: Destroying... [id=/subscriptions/2b2f02f7-dde2-47db-974c-47d2182721ae/resourceGroups/myTFResourceGroup/providers/Microsoft.Network/natGateways/nat-centralindia]
azurerm_nat_gateway.regional_nat["centralindia"]: Still destroying... [id=/subscriptions/2b2f02f7-dde2-47db-974c-...t.Network/natGateways/nat-centralindia, 00m10s elapsed]
azurerm_nat_gateway.regional_nat["centralindia"]: Destruction complete after 11s
azurerm_nat_gateway.regional_nat["australiaeast"]: Destroying... [id=/subscriptions/2b2f02f7-dde2-47db-974c-47d2182721ae/resourceGroups/myTFResourceGroup/providers/Microsoft.Network/natGateways/nat-australiaeast]
azurerm_nat_gateway.regional_nat["australiaeast"]: Still destroying... [id=/subscriptions/2b2f02f7-dde2-47db-974c-....Network/natGateways/nat-australiaeast, 00m10s elapsed]
azurerm_nat_gateway.regional_nat["australiaeast"]: Destruction complete after 11s
azurerm_network_security_group.regional_nsgs["australiaeast-worker"]: Destroying... [id=/subscriptions/2b2f02f7-dde2-47db-974c-47d2182721ae/resourceGroups/myTFResourceGroup/providers/Microsoft.Network/networkSecurityGroups/nsg-australiaeast-worker]
azurerm_network_security_group.regional_nsgs["australiaeast-worker"]: Still destroying... [id=/subscriptions/2b2f02f7-dde2-47db-974c-...ecurityGroups/nsg-australiaeast-worker, 00m10s elapsed]
azurerm_network_security_group.regional_nsgs["australiaeast-worker"]: Destruction complete after 12s
azurerm_network_security_group.regional_nsgs["australiaeast-db"]: Destroying... [id=/subscriptions/2b2f02f7-dde2-47db-974c-47d2182721ae/resourceGroups/myTFResourceGroup/providers/Microsoft.Network/networkSecurityGroups/nsg-australiaeast-db]
azurerm_network_security_group.regional_nsgs["australiaeast-db"]: Still destroying... [id=/subscriptions/2b2f02f7-dde2-47db-974c-...orkSecurityGroups/nsg-australiaeast-db, 00m10s elapsed]
azurerm_network_security_group.regional_nsgs["australiaeast-db"]: Destruction complete after 11s
azurerm_network_security_group.regional_nsgs["australiaeast-bastion"]: Destroying... [id=/subscriptions/2b2f02f7-dde2-47db-974c-47d2182721ae/resourceGroups/myTFResourceGroup/providers/Microsoft.Network/networkSecurityGroups/nsg-australiaeast-bastion]
azurerm_network_security_group.regional_nsgs["australiaeast-bastion"]: Still destroying... [id=/subscriptions/2b2f02f7-dde2-47db-974c-...curityGroups/nsg-australiaeast-bastion, 00m10s elapsed]
azurerm_network_security_group.regional_nsgs["australiaeast-bastion"]: Destruction complete after 11s
azurerm_network_security_group.regional_nsgs["centralindia-worker"]: Destroying... [id=/subscriptions/2b2f02f7-dde2-47db-974c-47d2182721ae/resourceGroups/myTFResourceGroup/providers/Microsoft.Network/networkSecurityGroups/nsg-centralindia-worker]
azurerm_network_security_group.regional_nsgs["centralindia-worker"]: Still destroying... [id=/subscriptions/2b2f02f7-dde2-47db-974c-...SecurityGroups/nsg-centralindia-worker, 00m10s elapsed]
azurerm_network_security_group.regional_nsgs["centralindia-worker"]: Destruction complete after 11s
azurerm_network_security_group.regional_nsgs["centralindia-db"]: Destroying... [id=/subscriptions/2b2f02f7-dde2-47db-974c-47d2182721ae/resourceGroups/myTFResourceGroup/providers/Microsoft.Network/networkSecurityGroups/nsg-centralindia-db]
azurerm_network_security_group.regional_nsgs["centralindia-db"]: Still destroying... [id=/subscriptions/2b2f02f7-dde2-47db-974c-...workSecurityGroups/nsg-centralindia-db, 00m10s elapsed]
azurerm_network_security_group.regional_nsgs["centralindia-db"]: Destruction complete after 11s
azurerm_network_security_group.regional_nsgs["centralindia-app"]: Destroying... [id=/subscriptions/2b2f02f7-dde2-47db-974c-47d2182721ae/resourceGroups/myTFResourceGroup/providers/Microsoft.Network/networkSecurityGroups/nsg-centralindia-app]
azurerm_network_security_group.regional_nsgs["centralindia-app"]: Still destroying... [id=/subscriptions/2b2f02f7-dde2-47db-974c-...orkSecurityGroups/nsg-centralindia-app, 00m10s elapsed]
azurerm_network_security_group.regional_nsgs["centralindia-app"]: Destruction complete after 11s
azurerm_network_security_group.regional_nsgs["australiaeast-cicd"]: Destroying... [id=/subscriptions/2b2f02f7-dde2-47db-974c-47d2182721ae/resourceGroups/myTFResourceGroup/providers/Microsoft.Network/networkSecurityGroups/nsg-australiaeast-cicd]
azurerm_network_security_group.regional_nsgs["australiaeast-cicd"]: Still destroying... [id=/subscriptions/2b2f02f7-dde2-47db-974c-...kSecurityGroups/nsg-australiaeast-cicd, 00m10s elapsed]
azurerm_network_security_group.regional_nsgs["australiaeast-cicd"]: Destruction complete after 11s
azurerm_network_security_group.regional_nsgs["centralindia-firewall"]: Destroying... [id=/subscriptions/2b2f02f7-dde2-47db-974c-47d2182721ae/resourceGroups/myTFResourceGroup/providers/Microsoft.Network/networkSecurityGroups/nsg-centralindia-firewall]
azurerm_network_security_group.regional_nsgs["centralindia-firewall"]: Still destroying... [id=/subscriptions/2b2f02f7-dde2-47db-974c-...curityGroups/nsg-centralindia-firewall, 00m10s elapsed]
azurerm_network_security_group.regional_nsgs["centralindia-firewall"]: Destruction complete after 11s
azurerm_network_security_group.regional_nsgs["centralindia-gateway"]: Destroying... [id=/subscriptions/2b2f02f7-dde2-47db-974c-47d2182721ae/resourceGroups/myTFResourceGroup/providers/Microsoft.Network/networkSecurityGroups/nsg-centralindia-gateway]
azurerm_network_security_group.regional_nsgs["centralindia-gateway"]: Still destroying... [id=/subscriptions/2b2f02f7-dde2-47db-974c-...ecurityGroups/nsg-centralindia-gateway, 00m10s elapsed]
azurerm_network_security_group.regional_nsgs["centralindia-gateway"]: Destruction complete after 12s
azurerm_network_security_group.regional_nsgs["australiaeast-monitoring"]: Destroying... [id=/subscriptions/2b2f02f7-dde2-47db-974c-47d2182721ae/resourceGroups/myTFResourceGroup/providers/Microsoft.Network/networkSecurityGroups/nsg-australiaeast-monitoring]
azurerm_network_security_group.regional_nsgs["australiaeast-monitoring"]: Still destroying... [id=/subscriptions/2b2f02f7-dde2-47db-974c-...ityGroups/nsg-australiaeast-monitoring, 00m10s elapsed]
azurerm_network_security_group.regional_nsgs["australiaeast-monitoring"]: Destruction complete after 11s
azurerm_network_security_group.regional_nsgs["australiaeast-private_endpoint"]: Destroying... [id=/subscriptions/2b2f02f7-dde2-47db-974c-47d2182721ae/resourceGroups/myTFResourceGroup/providers/Microsoft.Network/networkSecurityGroups/nsg-australiaeast-private_endpoint]
azurerm_network_security_group.regional_nsgs["australiaeast-private_endpoint"]: Still destroying... [id=/subscriptions/2b2f02f7-dde2-47db-974c-...ups/nsg-australiaeast-private_endpoint, 00m10s elapsed]
azurerm_network_security_group.regional_nsgs["australiaeast-private_endpoint"]: Destruction complete after 11s
azurerm_network_security_group.regional_nsgs["australiaeast-web"]: Destroying... [id=/subscriptions/2b2f02f7-dde2-47db-974c-47d2182721ae/resourceGroups/myTFResourceGroup/providers/Microsoft.Network/networkSecurityGroups/nsg-australiaeast-web]
azurerm_network_security_group.regional_nsgs["australiaeast-web"]: Still destroying... [id=/subscriptions/2b2f02f7-dde2-47db-974c-...rkSecurityGroups/nsg-australiaeast-web, 00m10s elapsed]
azurerm_network_security_group.regional_nsgs["australiaeast-web"]: Destruction complete after 11s
azurerm_network_security_group.regional_nsgs["centralindia-management"]: Destroying... [id=/subscriptions/2b2f02f7-dde2-47db-974c-47d2182721ae/resourceGroups/myTFResourceGroup/providers/Microsoft.Network/networkSecurityGroups/nsg-centralindia-management]
azurerm_network_security_group.regional_nsgs["centralindia-management"]: Still destroying... [id=/subscriptions/2b2f02f7-dde2-47db-974c-...rityGroups/nsg-centralindia-management, 00m10s elapsed]
azurerm_network_security_group.regional_nsgs["centralindia-management"]: Destruction complete after 11s
azurerm_network_security_group.regional_nsgs["centralindia-private_endpoint"]: Destroying... [id=/subscriptions/2b2f02f7-dde2-47db-974c-47d2182721ae/resourceGroups/myTFResourceGroup/providers/Microsoft.Network/networkSecurityGroups/nsg-centralindia-private_endpoint]
azurerm_network_security_group.regional_nsgs["centralindia-private_endpoint"]: Still destroying... [id=/subscriptions/2b2f02f7-dde2-47db-974c-...oups/nsg-centralindia-private_endpoint, 00m10s elapsed]
azurerm_network_security_group.regional_nsgs["centralindia-private_endpoint"]: Destruction complete after 11s
azurerm_network_security_group.regional_nsgs["australiaeast-gateway"]: Destroying... [id=/subscriptions/2b2f02f7-dde2-47db-974c-47d2182721ae/resourceGroups/myTFResourceGroup/providers/Microsoft.Network/networkSecurityGroups/nsg-australiaeast-gateway]
azurerm_network_security_group.regional_nsgs["australiaeast-gateway"]: Still destroying... [id=/subscriptions/2b2f02f7-dde2-47db-974c-...curityGroups/nsg-australiaeast-gateway, 00m10s elapsed]
azurerm_network_security_group.regional_nsgs["australiaeast-gateway"]: Destruction complete after 11s
azurerm_network_security_group.regional_nsgs["australiaeast-api"]: Destroying... [id=/subscriptions/2b2f02f7-dde2-47db-974c-47d2182721ae/resourceGroups/myTFResourceGroup/providers/Microsoft.Network/networkSecurityGroups/nsg-australiaeast-api]
azurerm_network_security_group.regional_nsgs["australiaeast-api"]: Still destroying... [id=/subscriptions/2b2f02f7-dde2-47db-974c-...rkSecurityGroups/nsg-australiaeast-api, 00m10s elapsed]
azurerm_network_security_group.regional_nsgs["australiaeast-api"]: Destruction complete after 11s
azurerm_network_security_group.regional_nsgs["australiaeast-firewall"]: Destroying... [id=/subscriptions/2b2f02f7-dde2-47db-974c-47d2182721ae/resourceGroups/myTFResourceGroup/providers/Microsoft.Network/networkSecurityGroups/nsg-australiaeast-firewall]
azurerm_network_security_group.regional_nsgs["australiaeast-firewall"]: Still destroying... [id=/subscriptions/2b2f02f7-dde2-47db-974c-...urityGroups/nsg-australiaeast-firewall, 00m10s elapsed]
azurerm_network_security_group.regional_nsgs["australiaeast-firewall"]: Destruction complete after 12s
azurerm_network_security_group.regional_nsgs["centralindia-monitoring"]: Destroying... [id=/subscriptions/2b2f02f7-dde2-47db-974c-47d2182721ae/resourceGroups/myTFResourceGroup/providers/Microsoft.Network/networkSecurityGroups/nsg-centralindia-monitoring]
azurerm_network_security_group.regional_nsgs["centralindia-monitoring"]: Still destroying... [id=/subscriptions/2b2f02f7-dde2-47db-974c-...rityGroups/nsg-centralindia-monitoring, 00m10s elapsed]
azurerm_network_security_group.regional_nsgs["centralindia-monitoring"]: Destruction complete after 11s
azurerm_network_security_group.regional_nsgs["centralindia-cicd"]: Destroying... [id=/subscriptions/2b2f02f7-dde2-47db-974c-47d2182721ae/resourceGroups/myTFResourceGroup/providers/Microsoft.Network/networkSecurityGroups/nsg-centralindia-cicd]
azurerm_network_security_group.regional_nsgs["centralindia-cicd"]: Still destroying... [id=/subscriptions/2b2f02f7-dde2-47db-974c-...rkSecurityGroups/nsg-centralindia-cicd, 00m10s elapsed]
azurerm_network_security_group.regional_nsgs["centralindia-cicd"]: Destruction complete after 11s
azurerm_network_security_group.regional_nsgs["australiaeast-management"]: Destroying... [id=/subscriptions/2b2f02f7-dde2-47db-974c-47d2182721ae/resourceGroups/myTFResourceGroup/providers/Microsoft.Network/networkSecurityGroups/nsg-australiaeast-management]
azurerm_network_security_group.regional_nsgs["australiaeast-management"]: Still destroying... [id=/subscriptions/2b2f02f7-dde2-47db-974c-...ityGroups/nsg-australiaeast-management, 00m10s elapsed]
azurerm_network_security_group.regional_nsgs["australiaeast-management"]: Destruction complete after 11s
azurerm_network_security_group.regional_nsgs["centralindia-bastion"]: Destroying... [id=/subscriptions/2b2f02f7-dde2-47db-974c-47d2182721ae/resourceGroups/myTFResourceGroup/providers/Microsoft.Network/networkSecurityGroups/nsg-centralindia-bastion]
azurerm_network_security_group.regional_nsgs["centralindia-bastion"]: Still destroying... [id=/subscriptions/2b2f02f7-dde2-47db-974c-...ecurityGroups/nsg-centralindia-bastion, 00m10s elapsed]
azurerm_network_security_group.regional_nsgs["centralindia-bastion"]: Destruction complete after 11s
azurerm_network_security_group.regional_nsgs["centralindia-api"]: Destroying... [id=/subscriptions/2b2f02f7-dde2-47db-974c-47d2182721ae/resourceGroups/myTFResourceGroup/providers/Microsoft.Network/networkSecurityGroups/nsg-centralindia-api]
azurerm_network_security_group.regional_nsgs["centralindia-api"]: Still destroying... [id=/subscriptions/2b2f02f7-dde2-47db-974c-...orkSecurityGroups/nsg-centralindia-api, 00m10s elapsed]
azurerm_network_security_group.regional_nsgs["centralindia-api"]: Destruction complete after 11s
azurerm_network_security_group.regional_nsgs["australiaeast-app"]: Destroying... [id=/subscriptions/2b2f02f7-dde2-47db-974c-47d2182721ae/resourceGroups/myTFResourceGroup/providers/Microsoft.Network/networkSecurityGroups/nsg-australiaeast-app]
azurerm_network_security_group.regional_nsgs["australiaeast-app"]: Still destroying... [id=/subscriptions/2b2f02f7-dde2-47db-974c-...rkSecurityGroups/nsg-australiaeast-app, 00m10s elapsed]
azurerm_network_security_group.regional_nsgs["australiaeast-app"]: Destruction complete after 12s
azurerm_network_security_group.regional_nsgs["centralindia-web"]: Destroying... [id=/subscriptions/2b2f02f7-dde2-47db-974c-47d2182721ae/resourceGroups/myTFResourceGroup/providers/Microsoft.Network/networkSecurityGroups/nsg-centralindia-web]
azurerm_network_security_group.regional_nsgs["centralindia-web"]: Still destroying... [id=/subscriptions/2b2f02f7-dde2-47db-974c-...orkSecurityGroups/nsg-centralindia-web, 00m10s elapsed]
azurerm_network_security_group.regional_nsgs["centralindia-web"]: Destruction complete after 11s
azurerm_subnet.regional_subnets["centralindia-db"]: Destroying... [id=/subscriptions/2b2f02f7-dde2-47db-974c-47d2182721ae/resourceGroups/myTFResourceGroup/providers/Microsoft.Network/virtualNetworks/vnet-centralindia/subnets/db-subnet]
azurerm_subnet.regional_subnets["centralindia-db"]: Still destroying... [id=/subscriptions/2b2f02f7-dde2-47db-974c-...ks/vnet-centralindia/subnets/db-subnet, 00m10s elapsed]
azurerm_subnet.regional_subnets["centralindia-db"]: Destruction complete after 11s
azurerm_subnet.regional_subnets["centralindia-bastion"]: Destroying... [id=/subscriptions/2b2f02f7-dde2-47db-974c-47d2182721ae/resourceGroups/myTFResourceGroup/providers/Microsoft.Network/virtualNetworks/vnet-centralindia/subnets/AzureBastionSubnet]
azurerm_subnet.regional_subnets["centralindia-bastion"]: Still destroying... [id=/subscriptions/2b2f02f7-dde2-47db-974c-...entralindia/subnets/AzureBastionSubnet, 00m10s elapsed]
azurerm_subnet.regional_subnets["centralindia-bastion"]: Destruction complete after 12s
azurerm_subnet.regional_subnets["centralindia-gateway"]: Destroying... [id=/subscriptions/2b2f02f7-dde2-47db-974c-47d2182721ae/resourceGroups/myTFResourceGroup/providers/Microsoft.Network/virtualNetworks/vnet-centralindia/subnets/GatewaySubnet]
azurerm_subnet.regional_subnets["centralindia-gateway"]: Still destroying... [id=/subscriptions/2b2f02f7-dde2-47db-974c-...net-centralindia/subnets/GatewaySubnet, 00m10s elapsed]
azurerm_subnet.regional_subnets["centralindia-gateway"]: Destruction complete after 11s
azurerm_subnet.regional_subnets["centralindia-firewall"]: Destroying... [id=/subscriptions/2b2f02f7-dde2-47db-974c-47d2182721ae/resourceGroups/myTFResourceGroup/providers/Microsoft.Network/virtualNetworks/vnet-centralindia/subnets/AzureFirewallSubnet]
azurerm_subnet.regional_subnets["centralindia-firewall"]: Still destroying... [id=/subscriptions/2b2f02f7-dde2-47db-974c-...ntralindia/subnets/AzureFirewallSubnet, 00m10s elapsed]
azurerm_subnet.regional_subnets["centralindia-firewall"]: Destruction complete after 11s
azurerm_subnet.regional_subnets["australiaeast-cicd"]: Destroying... [id=/subscriptions/2b2f02f7-dde2-47db-974c-47d2182721ae/resourceGroups/myTFResourceGroup/providers/Microsoft.Network/virtualNetworks/vnet-australiaeast/subnets/cicd-subnet]
azurerm_subnet.regional_subnets["australiaeast-cicd"]: Still destroying... [id=/subscriptions/2b2f02f7-dde2-47db-974c-...vnet-australiaeast/subnets/cicd-subnet, 00m10s elapsed]
azurerm_subnet.regional_subnets["australiaeast-cicd"]: Destruction complete after 10s
azurerm_subnet.regional_subnets["australiaeast-api"]: Destroying... [id=/subscriptions/2b2f02f7-dde2-47db-974c-47d2182721ae/resourceGroups/myTFResourceGroup/providers/Microsoft.Network/virtualNetworks/vnet-australiaeast/subnets/api-subnet]
azurerm_subnet.regional_subnets["australiaeast-api"]: Still destroying... [id=/subscriptions/2b2f02f7-dde2-47db-974c-.../vnet-australiaeast/subnets/api-subnet, 00m10s elapsed]
azurerm_subnet.regional_subnets["australiaeast-api"]: Destruction complete after 11s
azurerm_subnet.regional_subnets["centralindia-monitoring"]: Destroying... [id=/subscriptions/2b2f02f7-dde2-47db-974c-47d2182721ae/resourceGroups/myTFResourceGroup/providers/Microsoft.Network/virtualNetworks/vnet-centralindia/subnets/monitoring-subnet]
azurerm_subnet.regional_subnets["centralindia-monitoring"]: Still destroying... [id=/subscriptions/2b2f02f7-dde2-47db-974c-...centralindia/subnets/monitoring-subnet, 00m10s elapsed]
azurerm_subnet.regional_subnets["centralindia-monitoring"]: Destruction complete after 12s
azurerm_subnet.regional_subnets["centralindia-private_endpoint"]: Destroying... [id=/subscriptions/2b2f02f7-dde2-47db-974c-47d2182721ae/resourceGroups/myTFResourceGroup/providers/Microsoft.Network/virtualNetworks/vnet-centralindia/subnets/private_endpoint-subnet]
azurerm_subnet.regional_subnets["centralindia-private_endpoint"]: Still destroying... [id=/subscriptions/2b2f02f7-dde2-47db-974c-...lindia/subnets/private_endpoint-subnet, 00m10s elapsed]
azurerm_subnet.regional_subnets["centralindia-private_endpoint"]: Destruction complete after 11s
azurerm_subnet.regional_subnets["australiaeast-monitoring"]: Destroying... [id=/subscriptions/2b2f02f7-dde2-47db-974c-47d2182721ae/resourceGroups/myTFResourceGroup/providers/Microsoft.Network/virtualNetworks/vnet-australiaeast/subnets/monitoring-subnet]
azurerm_subnet.regional_subnets["australiaeast-monitoring"]: Still destroying... [id=/subscriptions/2b2f02f7-dde2-47db-974c-...ustraliaeast/subnets/monitoring-subnet, 00m10s elapsed]
azurerm_subnet.regional_subnets["australiaeast-monitoring"]: Destruction complete after 11s
azurerm_subnet.regional_subnets["australiaeast-firewall"]: Destroying... [id=/subscriptions/2b2f02f7-dde2-47db-974c-47d2182721ae/resourceGroups/myTFResourceGroup/providers/Microsoft.Network/virtualNetworks/vnet-australiaeast/subnets/AzureFirewallSubnet]
azurerm_subnet.regional_subnets["australiaeast-firewall"]: Still destroying... [id=/subscriptions/2b2f02f7-dde2-47db-974c-...traliaeast/subnets/AzureFirewallSubnet, 00m10s elapsed]
azurerm_subnet.regional_subnets["australiaeast-firewall"]: Destruction complete after 11s
azurerm_subnet.regional_subnets["centralindia-worker"]: Destroying... [id=/subscriptions/2b2f02f7-dde2-47db-974c-47d2182721ae/resourceGroups/myTFResourceGroup/providers/Microsoft.Network/virtualNetworks/vnet-centralindia/subnets/worker-subnet]
azurerm_subnet.regional_subnets["centralindia-worker"]: Still destroying... [id=/subscriptions/2b2f02f7-dde2-47db-974c-...net-centralindia/subnets/worker-subnet, 00m10s elapsed]
azurerm_subnet.regional_subnets["centralindia-worker"]: Destruction complete after 11s
azurerm_route_table.public_rt["centralindia"]: Destroying... [id=/subscriptions/2b2f02f7-dde2-47db-974c-47d2182721ae/resourceGroups/myTFResourceGroup/providers/Microsoft.Network/routeTables/rt-public-centralindia]
azurerm_route_table.public_rt["centralindia"]: Still destroying... [id=/subscriptions/2b2f02f7-dde2-47db-974c-...ork/routeTables/rt-public-centralindia, 00m10s elapsed]
azurerm_route_table.public_rt["centralindia"]: Destruction complete after 12s
azurerm_subnet.regional_subnets["australiaeast-app"]: Destroying... [id=/subscriptions/2b2f02f7-dde2-47db-974c-47d2182721ae/resourceGroups/myTFResourceGroup/providers/Microsoft.Network/virtualNetworks/vnet-australiaeast/subnets/app-subnet]
azurerm_subnet.regional_subnets["australiaeast-app"]: Still destroying... [id=/subscriptions/2b2f02f7-dde2-47db-974c-.../vnet-australiaeast/subnets/app-subnet, 00m10s elapsed]
azurerm_subnet.regional_subnets["australiaeast-app"]: Destruction complete after 11s
azurerm_subnet.regional_subnets["centralindia-api"]: Destroying... [id=/subscriptions/2b2f02f7-dde2-47db-974c-47d2182721ae/resourceGroups/myTFResourceGroup/providers/Microsoft.Network/virtualNetworks/vnet-centralindia/subnets/api-subnet]
azurerm_subnet.regional_subnets["centralindia-api"]: Still destroying... [id=/subscriptions/2b2f02f7-dde2-47db-974c-...s/vnet-centralindia/subnets/api-subnet, 00m10s elapsed]
azurerm_subnet.regional_subnets["centralindia-api"]: Destruction complete after 11s
azurerm_subnet.regional_subnets["centralindia-management"]: Destroying... [id=/subscriptions/2b2f02f7-dde2-47db-974c-47d2182721ae/resourceGroups/myTFResourceGroup/providers/Microsoft.Network/virtualNetworks/vnet-centralindia/subnets/management-subnet]
azurerm_subnet.regional_subnets["centralindia-management"]: Still destroying... [id=/subscriptions/2b2f02f7-dde2-47db-974c-...centralindia/subnets/management-subnet, 00m10s elapsed]
azurerm_subnet.regional_subnets["centralindia-management"]: Destruction complete after 12s
azurerm_subnet.regional_subnets["centralindia-cicd"]: Destroying... [id=/subscriptions/2b2f02f7-dde2-47db-974c-47d2182721ae/resourceGroups/myTFResourceGroup/providers/Microsoft.Network/virtualNetworks/vnet-centralindia/subnets/cicd-subnet]
azurerm_subnet.regional_subnets["centralindia-cicd"]: Still destroying... [id=/subscriptions/2b2f02f7-dde2-47db-974c-.../vnet-centralindia/subnets/cicd-subnet, 00m10s elapsed]
azurerm_subnet.regional_subnets["centralindia-cicd"]: Destruction complete after 11s
azurerm_subnet.regional_subnets["australiaeast-gateway"]: Destroying... [id=/subscriptions/2b2f02f7-dde2-47db-974c-47d2182721ae/resourceGroups/myTFResourceGroup/providers/Microsoft.Network/virtualNetworks/vnet-australiaeast/subnets/GatewaySubnet]
azurerm_subnet.regional_subnets["australiaeast-gateway"]: Still destroying... [id=/subscriptions/2b2f02f7-dde2-47db-974c-...et-australiaeast/subnets/GatewaySubnet, 00m10s elapsed]
azurerm_subnet.regional_subnets["australiaeast-gateway"]: Destruction complete after 11s
azurerm_subnet.regional_subnets["centralindia-web"]: Destroying... [id=/subscriptions/2b2f02f7-dde2-47db-974c-47d2182721ae/resourceGroups/myTFResourceGroup/providers/Microsoft.Network/virtualNetworks/vnet-centralindia/subnets/web-subnet]
azurerm_subnet.regional_subnets["centralindia-web"]: Still destroying... [id=/subscriptions/2b2f02f7-dde2-47db-974c-...s/vnet-centralindia/subnets/web-subnet, 00m10s elapsed]
azurerm_subnet.regional_subnets["centralindia-web"]: Destruction complete after 11s
azurerm_subnet.regional_subnets["australiaeast-web"]: Destroying... [id=/subscriptions/2b2f02f7-dde2-47db-974c-47d2182721ae/resourceGroups/myTFResourceGroup/providers/Microsoft.Network/virtualNetworks/vnet-australiaeast/subnets/web-subnet]
azurerm_subnet.regional_subnets["australiaeast-web"]: Still destroying... [id=/subscriptions/2b2f02f7-dde2-47db-974c-.../vnet-australiaeast/subnets/web-subnet, 00m10s elapsed]
azurerm_subnet.regional_subnets["australiaeast-web"]: Destruction complete after 10s
azurerm_subnet.regional_subnets["australiaeast-management"]: Destroying... [id=/subscriptions/2b2f02f7-dde2-47db-974c-47d2182721ae/resourceGroups/myTFResourceGroup/providers/Microsoft.Network/virtualNetworks/vnet-australiaeast/subnets/management-subnet]
azurerm_subnet.regional_subnets["australiaeast-management"]: Still destroying... [id=/subscriptions/2b2f02f7-dde2-47db-974c-...ustraliaeast/subnets/management-subnet, 00m10s elapsed]
azurerm_subnet.regional_subnets["australiaeast-management"]: Destruction complete after 11s
azurerm_subnet.regional_subnets["australiaeast-worker"]: Destroying... [id=/subscriptions/2b2f02f7-dde2-47db-974c-47d2182721ae/resourceGroups/myTFResourceGroup/providers/Microsoft.Network/virtualNetworks/vnet-australiaeast/subnets/worker-subnet]
azurerm_subnet.regional_subnets["australiaeast-worker"]: Still destroying... [id=/subscriptions/2b2f02f7-dde2-47db-974c-...et-australiaeast/subnets/worker-subnet, 00m10s elapsed]
azurerm_subnet.regional_subnets["australiaeast-worker"]: Destruction complete after 11s
azurerm_subnet.regional_subnets["australiaeast-db"]: Destroying... [id=/subscriptions/2b2f02f7-dde2-47db-974c-47d2182721ae/resourceGroups/myTFResourceGroup/providers/Microsoft.Network/virtualNetworks/vnet-australiaeast/subnets/db-subnet]
azurerm_subnet.regional_subnets["australiaeast-db"]: Still destroying... [id=/subscriptions/2b2f02f7-dde2-47db-974c-...s/vnet-australiaeast/subnets/db-subnet, 00m10s elapsed]
azurerm_subnet.regional_subnets["australiaeast-db"]: Destruction complete after 11s
azurerm_subnet.regional_subnets["australiaeast-private_endpoint"]: Destroying... [id=/subscriptions/2b2f02f7-dde2-47db-974c-47d2182721ae/resourceGroups/myTFResourceGroup/providers/Microsoft.Network/virtualNetworks/vnet-australiaeast/subnets/private_endpoint-subnet]
azurerm_subnet.regional_subnets["australiaeast-private_endpoint"]: Still destroying... [id=/subscriptions/2b2f02f7-dde2-47db-974c-...iaeast/subnets/private_endpoint-subnet, 00m10s elapsed]
azurerm_subnet.regional_subnets["australiaeast-private_endpoint"]: Destruction complete after 11s
azurerm_route_table.public_rt["australiaeast"]: Destroying... [id=/subscriptions/2b2f02f7-dde2-47db-974c-47d2182721ae/resourceGroups/myTFResourceGroup/providers/Microsoft.Network/routeTables/rt-public-australiaeast]
azurerm_route_table.public_rt["australiaeast"]: Still destroying... [id=/subscriptions/2b2f02f7-dde2-47db-974c-...rk/routeTables/rt-public-australiaeast, 00m10s elapsed]
azurerm_route_table.public_rt["australiaeast"]: Destruction complete after 10s
azurerm_subnet.regional_subnets["australiaeast-bastion"]: Destroying... [id=/subscriptions/2b2f02f7-dde2-47db-974c-47d2182721ae/resourceGroups/myTFResourceGroup/providers/Microsoft.Network/virtualNetworks/vnet-australiaeast/subnets/AzureBastionSubnet]
azurerm_subnet.regional_subnets["australiaeast-bastion"]: Still destroying... [id=/subscriptions/2b2f02f7-dde2-47db-974c-...straliaeast/subnets/AzureBastionSubnet, 00m10s elapsed]
azurerm_subnet.regional_subnets["australiaeast-bastion"]: Destruction complete after 11s
azurerm_subnet.regional_subnets["centralindia-app"]: Destroying... [id=/subscriptions/2b2f02f7-dde2-47db-974c-47d2182721ae/resourceGroups/myTFResourceGroup/providers/Microsoft.Network/virtualNetworks/vnet-centralindia/subnets/app-subnet]
azurerm_subnet.regional_subnets["centralindia-app"]: Still destroying... [id=/subscriptions/2b2f02f7-dde2-47db-974c-...s/vnet-centralindia/subnets/app-subnet, 00m10s elapsed]
azurerm_subnet.regional_subnets["centralindia-app"]: Destruction complete after 12s
Releasing state lock. This may take a few moments...

Apply complete! Resources: 0 added, 0 changed, 104 destroyed.

Outputs:

debug_tags = {
  "creation_run_id" = "468"
  "creation_time" = "2026-05-22T11:59:16Z"
  "deployment_id" = "prodmyapp"
  "environment" = "prod"
  "managed_by" = "terraform"
}
