Acquiring state lock. This may take a few moments...
azurerm_subnet_nat_gateway_association.nat_subnet_assoc["centralindia-worker"]: Creating...
azurerm_subnet_nat_gateway_association.nat_subnet_assoc["centralindia-worker"]: Still creating... [00m10s elapsed]
azurerm_subnet_nat_gateway_association.nat_subnet_assoc["centralindia-worker"]: Creation complete after 11s [id=/subscriptions/2b2f02f7-dde2-47db-974c-47d2182721ae/resourceGroups/myTFResourceGroup/providers/Microsoft.Network/virtualNetworks/vnet-centralindia/subnets/worker-subnet]
azurerm_subnet_nat_gateway_association.nat_subnet_assoc["australiaeast-cicd"]: Creating...
azurerm_subnet_nat_gateway_association.nat_subnet_assoc["australiaeast-cicd"]: Creation complete after 8s [id=/subscriptions/2b2f02f7-dde2-47db-974c-47d2182721ae/resourceGroups/myTFResourceGroup/providers/Microsoft.Network/virtualNetworks/vnet-australiaeast/subnets/cicd-subnet]
azurerm_subnet_nat_gateway_association.nat_subnet_assoc["centralindia-app"]: Creating...
azurerm_subnet_nat_gateway_association.nat_subnet_assoc["centralindia-app"]: Creation complete after 9s [id=/subscriptions/2b2f02f7-dde2-47db-974c-47d2182721ae/resourceGroups/myTFResourceGroup/providers/Microsoft.Network/virtualNetworks/vnet-centralindia/subnets/app-subnet]
azurerm_subnet_nat_gateway_association.nat_subnet_assoc["centralindia-web"]: Creating...
azurerm_subnet_nat_gateway_association.nat_subnet_assoc["centralindia-web"]: Creation complete after 7s [id=/subscriptions/2b2f02f7-dde2-47db-974c-47d2182721ae/resourceGroups/myTFResourceGroup/providers/Microsoft.Network/virtualNetworks/vnet-centralindia/subnets/web-subnet]
azurerm_subnet_nat_gateway_association.nat_subnet_assoc["centralindia-api"]: Creating...
azurerm_subnet_nat_gateway_association.nat_subnet_assoc["centralindia-api"]: Creation complete after 7s [id=/subscriptions/2b2f02f7-dde2-47db-974c-47d2182721ae/resourceGroups/myTFResourceGroup/providers/Microsoft.Network/virtualNetworks/vnet-centralindia/subnets/api-subnet]
azurerm_subnet_nat_gateway_association.nat_subnet_assoc["australiaeast-app"]: Creating...
azurerm_subnet_nat_gateway_association.nat_subnet_assoc["australiaeast-app"]: Creation complete after 6s [id=/subscriptions/2b2f02f7-dde2-47db-974c-47d2182721ae/resourceGroups/myTFResourceGroup/providers/Microsoft.Network/virtualNetworks/vnet-australiaeast/subnets/app-subnet]
azurerm_subnet_nat_gateway_association.nat_subnet_assoc["centralindia-cicd"]: Creating...
azurerm_subnet_nat_gateway_association.nat_subnet_assoc["centralindia-cicd"]: Creation complete after 7s [id=/subscriptions/2b2f02f7-dde2-47db-974c-47d2182721ae/resourceGroups/myTFResourceGroup/providers/Microsoft.Network/virtualNetworks/vnet-centralindia/subnets/cicd-subnet]
azurerm_subnet_nat_gateway_association.nat_subnet_assoc["australiaeast-worker"]: Creating...
azurerm_subnet_nat_gateway_association.nat_subnet_assoc["australiaeast-worker"]: Creation complete after 7s [id=/subscriptions/2b2f02f7-dde2-47db-974c-47d2182721ae/resourceGroups/myTFResourceGroup/providers/Microsoft.Network/virtualNetworks/vnet-australiaeast/subnets/worker-subnet]
azurerm_subnet_nat_gateway_association.nat_subnet_assoc["australiaeast-web"]: Creating...
azurerm_subnet_nat_gateway_association.nat_subnet_assoc["australiaeast-web"]: Creation complete after 6s [id=/subscriptions/2b2f02f7-dde2-47db-974c-47d2182721ae/resourceGroups/myTFResourceGroup/providers/Microsoft.Network/virtualNetworks/vnet-australiaeast/subnets/web-subnet]
azurerm_subnet_nat_gateway_association.nat_subnet_assoc["australiaeast-api"]: Creating...
azurerm_subnet_nat_gateway_association.nat_subnet_assoc["australiaeast-api"]: Creation complete after 7s [id=/subscriptions/2b2f02f7-dde2-47db-974c-47d2182721ae/resourceGroups/myTFResourceGroup/providers/Microsoft.Network/virtualNetworks/vnet-australiaeast/subnets/api-subnet]
Releasing state lock. This may take a few moments...

Apply complete! Resources: 10 added, 0 changed, 0 destroyed.

Outputs:

debug_tags = {
  "creation_run_id" = "474"
  "creation_time" = "2026-05-22T17:31:22Z"
  "deployment_id" = "prodmyapp"
  "environment" = "prod"
  "managed_by" = "terraform"
}
