Acquiring state lock. This may take a few moments...
azurerm_private_dns_zone.kv_dns: Creating...
azurerm_private_dns_zone.kv_dns: Still creating... [00m10s elapsed]
azurerm_private_dns_zone.kv_dns: Still creating... [00m20s elapsed]
azurerm_private_dns_zone.kv_dns: Still creating... [00m30s elapsed]
azurerm_private_dns_zone.kv_dns: Creation complete after 34s [id=/subscriptions/2b2f02f7-dde2-47db-974c-47d2182721ae/resourceGroups/myTFResourceGroup/providers/Microsoft.Network/privateDnsZones/privatelink.vaultcore.azure.net]
azurerm_network_interface.jumpbox_nic: Creating...
azurerm_network_interface.jumpbox_nic: Still creating... [00m10s elapsed]
azurerm_network_interface.jumpbox_nic: Creation complete after 13s [id=/subscriptions/2b2f02f7-dde2-47db-974c-47d2182721ae/resourceGroups/myTFResourceGroup/providers/Microsoft.Network/networkInterfaces/nic-jumpbox]
azurerm_private_dns_zone_virtual_network_link.kv_dns_links["centralindia"]: Creating...
azurerm_private_dns_zone_virtual_network_link.kv_dns_links["centralindia"]: Still creating... [00m10s elapsed]
azurerm_private_dns_zone_virtual_network_link.kv_dns_links["centralindia"]: Still creating... [00m20s elapsed]
azurerm_private_dns_zone_virtual_network_link.kv_dns_links["centralindia"]: Still creating... [00m30s elapsed]
azurerm_private_dns_zone_virtual_network_link.kv_dns_links["centralindia"]: Still creating... [00m40s elapsed]
azurerm_private_dns_zone_virtual_network_link.kv_dns_links["centralindia"]: Still creating... [00m50s elapsed]
azurerm_private_dns_zone_virtual_network_link.kv_dns_links["centralindia"]: Still creating... [01m00s elapsed]
azurerm_private_dns_zone_virtual_network_link.kv_dns_links["centralindia"]: Creation complete after 1m5s [id=/subscriptions/2b2f02f7-dde2-47db-974c-47d2182721ae/resourceGroups/myTFResourceGroup/providers/Microsoft.Network/privateDnsZones/privatelink.vaultcore.azure.net/virtualNetworkLinks/kv-dns-link-centralindia]
azurerm_private_dns_zone_virtual_network_link.kv_dns_links["australiaeast"]: Creating...
azurerm_private_dns_zone_virtual_network_link.kv_dns_links["australiaeast"]: Still creating... [00m10s elapsed]
azurerm_private_dns_zone_virtual_network_link.kv_dns_links["australiaeast"]: Still creating... [00m20s elapsed]
azurerm_private_dns_zone_virtual_network_link.kv_dns_links["australiaeast"]: Still creating... [00m30s elapsed]
azurerm_private_dns_zone_virtual_network_link.kv_dns_links["australiaeast"]: Still creating... [00m40s elapsed]
azurerm_private_dns_zone_virtual_network_link.kv_dns_links["australiaeast"]: Still creating... [00m50s elapsed]
azurerm_private_dns_zone_virtual_network_link.kv_dns_links["australiaeast"]: Still creating... [01m00s elapsed]
azurerm_private_dns_zone_virtual_network_link.kv_dns_links["australiaeast"]: Creation complete after 1m4s [id=/subscriptions/2b2f02f7-dde2-47db-974c-47d2182721ae/resourceGroups/myTFResourceGroup/providers/Microsoft.Network/privateDnsZones/privatelink.vaultcore.azure.net/virtualNetworkLinks/kv-dns-link-australiaeast]
Releasing state lock. This may take a few moments...

Apply complete! Resources: 4 added, 0 changed, 0 destroyed.

Outputs:

debug_tags = {
  "creation_run_id" = "499"
  "creation_time" = "2026-05-24T19:31:18Z"
  "deployment_id" = "prodmyapp"
  "environment" = "prod"
  "managed_by" = "terraform"
}
