Acquiring state lock. This may take a few moments...
azurerm_linux_virtual_machine.linux_vm[1]: Destroying... [id=/subscriptions/2b2f02f7-dde2-47db-974c-47d2182721ae/resourceGroups/myTFResourceGroup/providers/Microsoft.Compute/virtualMachines/linux-vm-02]
azurerm_linux_virtual_machine.linux_vm[1]: Still destroying... [id=/subscriptions/2b2f02f7-dde2-47db-974c-...ft.Compute/virtualMachines/linux-vm-02, 00m10s elapsed]
azurerm_linux_virtual_machine.linux_vm[1]: Still destroying... [id=/subscriptions/2b2f02f7-dde2-47db-974c-...ft.Compute/virtualMachines/linux-vm-02, 00m20s elapsed]
azurerm_linux_virtual_machine.linux_vm[1]: Still destroying... [id=/subscriptions/2b2f02f7-dde2-47db-974c-...ft.Compute/virtualMachines/linux-vm-02, 00m30s elapsed]
azurerm_linux_virtual_machine.linux_vm[1]: Destruction complete after 34s
azurerm_linux_virtual_machine.linux_vm[0]: Destroying... [id=/subscriptions/2b2f02f7-dde2-47db-974c-47d2182721ae/resourceGroups/myTFResourceGroup/providers/Microsoft.Compute/virtualMachines/linux-vm-01]
azurerm_linux_virtual_machine.linux_vm[0]: Still destroying... [id=/subscriptions/2b2f02f7-dde2-47db-974c-...ft.Compute/virtualMachines/linux-vm-01, 00m10s elapsed]
azurerm_linux_virtual_machine.linux_vm[0]: Still destroying... [id=/subscriptions/2b2f02f7-dde2-47db-974c-...ft.Compute/virtualMachines/linux-vm-01, 00m20s elapsed]
azurerm_linux_virtual_machine.linux_vm[0]: Still destroying... [id=/subscriptions/2b2f02f7-dde2-47db-974c-...ft.Compute/virtualMachines/linux-vm-01, 00m30s elapsed]
azurerm_linux_virtual_machine.linux_vm[0]: Destruction complete after 33s
azurerm_windows_virtual_machine.windows_vm[0]: Destroying... [id=/subscriptions/2b2f02f7-dde2-47db-974c-47d2182721ae/resourceGroups/myTFResourceGroup/providers/Microsoft.Compute/virtualMachines/windows-vm-01]
azurerm_windows_virtual_machine.windows_vm[0]: Still destroying... [id=/subscriptions/2b2f02f7-dde2-47db-974c-....Compute/virtualMachines/windows-vm-01, 00m10s elapsed]
azurerm_windows_virtual_machine.windows_vm[0]: Still destroying... [id=/subscriptions/2b2f02f7-dde2-47db-974c-....Compute/virtualMachines/windows-vm-01, 00m20s elapsed]
azurerm_windows_virtual_machine.windows_vm[0]: Still destroying... [id=/subscriptions/2b2f02f7-dde2-47db-974c-....Compute/virtualMachines/windows-vm-01, 00m30s elapsed]
azurerm_windows_virtual_machine.windows_vm[0]: Destruction complete after 33s
azurerm_subnet_network_security_group_association.pvt_subnet_nsg: Destroying... [id=/subscriptions/2b2f02f7-dde2-47db-974c-47d2182721ae/resourceGroups/myTFResourceGroup/providers/Microsoft.Network/virtualNetworks/prodmyapp_virtual-network/subnets/prodmyapp_pvt_subnet2]
azurerm_subnet_network_security_group_association.pvt_subnet_nsg: Destruction complete after 6s
azurerm_subnet_network_security_group_association.pub_subnet_nsg: Destroying... [id=/subscriptions/2b2f02f7-dde2-47db-974c-47d2182721ae/resourceGroups/myTFResourceGroup/providers/Microsoft.Network/virtualNetworks/prodmyapp_virtual-network/subnets/prodmyapp_pub_subnet1]
azurerm_subnet_network_security_group_association.pub_subnet_nsg: Destruction complete after 5s
azurerm_windows_virtual_machine.windows_vm[1]: Destroying... [id=/subscriptions/2b2f02f7-dde2-47db-974c-47d2182721ae/resourceGroups/myTFResourceGroup/providers/Microsoft.Compute/virtualMachines/windows-vm-02]
azurerm_windows_virtual_machine.windows_vm[1]: Still destroying... [id=/subscriptions/2b2f02f7-dde2-47db-974c-....Compute/virtualMachines/windows-vm-02, 00m10s elapsed]
azurerm_windows_virtual_machine.windows_vm[1]: Still destroying... [id=/subscriptions/2b2f02f7-dde2-47db-974c-....Compute/virtualMachines/windows-vm-02, 00m20s elapsed]
azurerm_windows_virtual_machine.windows_vm[1]: Still destroying... [id=/subscriptions/2b2f02f7-dde2-47db-974c-....Compute/virtualMachines/windows-vm-02, 00m30s elapsed]
azurerm_windows_virtual_machine.windows_vm[1]: Destruction complete after 33s
azurerm_windows_virtual_machine.windows_vm[2]: Destroying... [id=/subscriptions/2b2f02f7-dde2-47db-974c-47d2182721ae/resourceGroups/myTFResourceGroup/providers/Microsoft.Compute/virtualMachines/windows-vm-03]
azurerm_windows_virtual_machine.windows_vm[2]: Still destroying... [id=/subscriptions/2b2f02f7-dde2-47db-974c-....Compute/virtualMachines/windows-vm-03, 00m10s elapsed]
azurerm_windows_virtual_machine.windows_vm[2]: Still destroying... [id=/subscriptions/2b2f02f7-dde2-47db-974c-....Compute/virtualMachines/windows-vm-03, 00m20s elapsed]
azurerm_windows_virtual_machine.windows_vm[2]: Still destroying... [id=/subscriptions/2b2f02f7-dde2-47db-974c-....Compute/virtualMachines/windows-vm-03, 00m30s elapsed]
azurerm_windows_virtual_machine.windows_vm[2]: Destruction complete after 33s
azurerm_network_interface.linux[0]: Destroying... [id=/subscriptions/2b2f02f7-dde2-47db-974c-47d2182721ae/resourceGroups/myTFResourceGroup/providers/Microsoft.Network/networkInterfaces/linux-nic-01]
azurerm_network_interface.linux[0]: Still destroying... [id=/subscriptions/2b2f02f7-dde2-47db-974c-...Network/networkInterfaces/linux-nic-01, 00m10s elapsed]
azurerm_network_interface.linux[0]: Destruction complete after 11s
azurerm_network_interface.linux[1]: Destroying... [id=/subscriptions/2b2f02f7-dde2-47db-974c-47d2182721ae/resourceGroups/myTFResourceGroup/providers/Microsoft.Network/networkInterfaces/linux-nic-02]
azurerm_network_interface.linux[1]: Still destroying... [id=/subscriptions/2b2f02f7-dde2-47db-974c-...Network/networkInterfaces/linux-nic-02, 00m10s elapsed]
azurerm_network_interface.linux[1]: Destruction complete after 12s
azurerm_subnet.pvt_subnet: Destroying... [id=/subscriptions/2b2f02f7-dde2-47db-974c-47d2182721ae/resourceGroups/myTFResourceGroup/providers/Microsoft.Network/virtualNetworks/prodmyapp_virtual-network/subnets/prodmyapp_pvt_subnet2]
azurerm_subnet.pvt_subnet: Still destroying... [id=/subscriptions/2b2f02f7-dde2-47db-974c-...-network/subnets/prodmyapp_pvt_subnet2, 00m10s elapsed]
azurerm_subnet.pvt_subnet: Destruction complete after 11s
azurerm_network_security_group.prodmyapp_nsg_shared: Destroying... [id=/subscriptions/2b2f02f7-dde2-47db-974c-47d2182721ae/resourceGroups/myTFResourceGroup/providers/Microsoft.Network/networkSecurityGroups/open-security-group]
azurerm_network_security_group.prodmyapp_nsg_shared: Still destroying... [id=/subscriptions/2b2f02f7-dde2-47db-974c-...workSecurityGroups/open-security-group, 00m10s elapsed]
azurerm_network_security_group.prodmyapp_nsg_shared: Destruction complete after 11s
azurerm_network_interface.windows[2]: Destroying... [id=/subscriptions/2b2f02f7-dde2-47db-974c-47d2182721ae/resourceGroups/myTFResourceGroup/providers/Microsoft.Network/networkInterfaces/win-nic-03]
azurerm_network_interface.windows[2]: Still destroying... [id=/subscriptions/2b2f02f7-dde2-47db-974c-...t.Network/networkInterfaces/win-nic-03, 00m10s elapsed]
azurerm_network_interface.windows[2]: Destruction complete after 11s
azurerm_network_interface.windows[1]: Destroying... [id=/subscriptions/2b2f02f7-dde2-47db-974c-47d2182721ae/resourceGroups/myTFResourceGroup/providers/Microsoft.Network/networkInterfaces/win-nic-02]
azurerm_network_interface.windows[1]: Still destroying... [id=/subscriptions/2b2f02f7-dde2-47db-974c-...t.Network/networkInterfaces/win-nic-02, 00m10s elapsed]
azurerm_network_interface.windows[1]: Destruction complete after 12s
azurerm_network_interface.windows[0]: Destroying... [id=/subscriptions/2b2f02f7-dde2-47db-974c-47d2182721ae/resourceGroups/myTFResourceGroup/providers/Microsoft.Network/networkInterfaces/win-nic-01]
azurerm_network_interface.windows[0]: Still destroying... [id=/subscriptions/2b2f02f7-dde2-47db-974c-...t.Network/networkInterfaces/win-nic-01, 00m10s elapsed]
azurerm_network_interface.windows[0]: Destruction complete after 12s
azurerm_public_ip.linux[0]: Destroying... [id=/subscriptions/2b2f02f7-dde2-47db-974c-47d2182721ae/resourceGroups/myTFResourceGroup/providers/Microsoft.Network/publicIPAddresses/linux-pip-1]
azurerm_public_ip.linux[0]: Still destroying... [id=/subscriptions/2b2f02f7-dde2-47db-974c-....Network/publicIPAddresses/linux-pip-1, 00m10s elapsed]
azurerm_public_ip.linux[0]: Destruction complete after 11s
azurerm_public_ip.linux[1]: Destroying... [id=/subscriptions/2b2f02f7-dde2-47db-974c-47d2182721ae/resourceGroups/myTFResourceGroup/providers/Microsoft.Network/publicIPAddresses/linux-pip-2]
azurerm_public_ip.linux[1]: Still destroying... [id=/subscriptions/2b2f02f7-dde2-47db-974c-....Network/publicIPAddresses/linux-pip-2, 00m10s elapsed]
azurerm_public_ip.linux[1]: Destruction complete after 11s
azurerm_public_ip.windows[0]: Destroying... [id=/subscriptions/2b2f02f7-dde2-47db-974c-47d2182721ae/resourceGroups/myTFResourceGroup/providers/Microsoft.Network/publicIPAddresses/win-public-ip-01]
azurerm_public_ip.windows[0]: Still destroying... [id=/subscriptions/2b2f02f7-dde2-47db-974c-...ork/publicIPAddresses/win-public-ip-01, 00m10s elapsed]
azurerm_public_ip.windows[0]: Destruction complete after 11s
azurerm_subnet.pub_subnet: Destroying... [id=/subscriptions/2b2f02f7-dde2-47db-974c-47d2182721ae/resourceGroups/myTFResourceGroup/providers/Microsoft.Network/virtualNetworks/prodmyapp_virtual-network/subnets/prodmyapp_pub_subnet1]
azurerm_subnet.pub_subnet: Still destroying... [id=/subscriptions/2b2f02f7-dde2-47db-974c-...-network/subnets/prodmyapp_pub_subnet1, 00m10s elapsed]
azurerm_subnet.pub_subnet: Destruction complete after 11s
azurerm_public_ip.windows[1]: Destroying... [id=/subscriptions/2b2f02f7-dde2-47db-974c-47d2182721ae/resourceGroups/myTFResourceGroup/providers/Microsoft.Network/publicIPAddresses/win-public-ip-02]
azurerm_public_ip.windows[1]: Still destroying... [id=/subscriptions/2b2f02f7-dde2-47db-974c-...ork/publicIPAddresses/win-public-ip-02, 00m10s elapsed]
azurerm_public_ip.windows[1]: Destruction complete after 11s
azurerm_public_ip.windows[2]: Destroying... [id=/subscriptions/2b2f02f7-dde2-47db-974c-47d2182721ae/resourceGroups/myTFResourceGroup/providers/Microsoft.Network/publicIPAddresses/win-public-ip-03]
azurerm_public_ip.windows[2]: Still destroying... [id=/subscriptions/2b2f02f7-dde2-47db-974c-...ork/publicIPAddresses/win-public-ip-03, 00m10s elapsed]
azurerm_public_ip.windows[2]: Destruction complete after 11s
azurerm_virtual_network.prodmyapp_vnet: Destroying... [id=/subscriptions/2b2f02f7-dde2-47db-974c-47d2182721ae/resourceGroups/myTFResourceGroup/providers/Microsoft.Network/virtualNetworks/prodmyapp_virtual-network]
azurerm_virtual_network.prodmyapp_vnet: Still destroying... [id=/subscriptions/2b2f02f7-dde2-47db-974c-...tualNetworks/prodmyapp_virtual-network, 00m10s elapsed]
azurerm_virtual_network.prodmyapp_vnet: Destruction complete after 11s
Releasing state lock. This may take a few moments...

Apply complete! Resources: 0 added, 0 changed, 21 destroyed.

Outputs:

debug_tags = {
  "creation_run_id" = "464"
  "creation_time" = "2026-05-20T05:04:11Z"
  "deployment_id" = "prodmyapp"
  "environment" = "prod"
  "managed_by" = "terraform"
}
